Archive member included to satisfy reference by file (symbol)

C:/ST/STM32CubeIDE_1.19.0/STM32CubeIDE/plugins/com.st.stm32cube.ide.mcu.externaltools.gnu-tools-for-stm32.13.3.rel1.win32_1.0.0.202411081344/tools/bin/../lib/gcc/arm-none-eabi/13.3.1/../../../../arm-none-eabi/lib/thumb/v7-m/nofp\libc_nano.a(libc_a-exit.o)
                              C:/ST/STM32CubeIDE_1.19.0/STM32CubeIDE/plugins/com.st.stm32cube.ide.mcu.externaltools.gnu-tools-for-stm32.13.3.rel1.win32_1.0.0.202411081344/tools/bin/../lib/gcc/arm-none-eabi/13.3.1/../../../../arm-none-eabi/lib/thumb/v7-m/nofp/crt0.o (exit)
C:/ST/STM32CubeIDE_1.19.0/STM32CubeIDE/plugins/com.st.stm32cube.ide.mcu.externaltools.gnu-tools-for-stm32.13.3.rel1.win32_1.0.0.202411081344/tools/bin/../lib/gcc/arm-none-eabi/13.3.1/../../../../arm-none-eabi/lib/thumb/v7-m/nofp\libc_nano.a(libc_a-findfp.o)
                              C:/ST/STM32CubeIDE_1.19.0/STM32CubeIDE/plugins/com.st.stm32cube.ide.mcu.externaltools.gnu-tools-for-stm32.13.3.rel1.win32_1.0.0.202411081344/tools/bin/../lib/gcc/arm-none-eabi/13.3.1/../../../../arm-none-eabi/lib/thumb/v7-m/nofp\libc_nano.a(libc_a-exit.o) (__stdio_exit_handler)
C:/ST/STM32CubeIDE_1.19.0/STM32CubeIDE/plugins/com.st.stm32cube.ide.mcu.externaltools.gnu-tools-for-stm32.13.3.rel1.win32_1.0.0.202411081344/tools/bin/../lib/gcc/arm-none-eabi/13.3.1/../../../../arm-none-eabi/lib/thumb/v7-m/nofp\libc_nano.a(libc_a-fwalk.o)
                              C:/ST/STM32CubeIDE_1.19.0/STM32CubeIDE/plugins/com.st.stm32cube.ide.mcu.externaltools.gnu-tools-for-stm32.13.3.rel1.win32_1.0.0.202411081344/tools/bin/../lib/gcc/arm-none-eabi/13.3.1/../../../../arm-none-eabi/lib/thumb/v7-m/nofp\libc_nano.a(libc_a-findfp.o) (_fwalk_sglue)
C:/ST/STM32CubeIDE_1.19.0/STM32CubeIDE/plugins/com.st.stm32cube.ide.mcu.externaltools.gnu-tools-for-stm32.13.3.rel1.win32_1.0.0.202411081344/tools/bin/../lib/gcc/arm-none-eabi/13.3.1/../../../../arm-none-eabi/lib/thumb/v7-m/nofp\libc_nano.a(libc_a-sprintf.o)
                              ./Dashboard/Src/Dashboard_prog.o (sprintf)
C:/ST/STM32CubeIDE_1.19.0/STM32CubeIDE/plugins/com.st.stm32cube.ide.mcu.externaltools.gnu-tools-for-stm32.13.3.rel1.win32_1.0.0.202411081344/tools/bin/../lib/gcc/arm-none-eabi/13.3.1/../../../../arm-none-eabi/lib/thumb/v7-m/nofp\libc_nano.a(libc_a-stdio.o)
                              C:/ST/STM32CubeIDE_1.19.0/STM32CubeIDE/plugins/com.st.stm32cube.ide.mcu.externaltools.gnu-tools-for-stm32.13.3.rel1.win32_1.0.0.202411081344/tools/bin/../lib/gcc/arm-none-eabi/13.3.1/../../../../arm-none-eabi/lib/thumb/v7-m/nofp\libc_nano.a(libc_a-findfp.o) (__sread)
C:/ST/STM32CubeIDE_1.19.0/STM32CubeIDE/plugins/com.st.stm32cube.ide.mcu.externaltools.gnu-tools-for-stm32.13.3.rel1.win32_1.0.0.202411081344/tools/bin/../lib/gcc/arm-none-eabi/13.3.1/../../../../arm-none-eabi/lib/thumb/v7-m/nofp\libc_nano.a(libc_a-memset.o)
                              C:/ST/STM32CubeIDE_1.19.0/STM32CubeIDE/plugins/com.st.stm32cube.ide.mcu.externaltools.gnu-tools-for-stm32.13.3.rel1.win32_1.0.0.202411081344/tools/bin/../lib/gcc/arm-none-eabi/13.3.1/../../../../arm-none-eabi/lib/thumb/v7-m/nofp/crt0.o (memset)
C:/ST/STM32CubeIDE_1.19.0/STM32CubeIDE/plugins/com.st.stm32cube.ide.mcu.externaltools.gnu-tools-for-stm32.13.3.rel1.win32_1.0.0.202411081344/tools/bin/../lib/gcc/arm-none-eabi/13.3.1/../../../../arm-none-eabi/lib/thumb/v7-m/nofp\libc_nano.a(libc_a-closer.o)
                              C:/ST/STM32CubeIDE_1.19.0/STM32CubeIDE/plugins/com.st.stm32cube.ide.mcu.externaltools.gnu-tools-for-stm32.13.3.rel1.win32_1.0.0.202411081344/tools/bin/../lib/gcc/arm-none-eabi/13.3.1/../../../../arm-none-eabi/lib/thumb/v7-m/nofp\libc_nano.a(libc_a-stdio.o) (_close_r)
C:/ST/STM32CubeIDE_1.19.0/STM32CubeIDE/plugins/com.st.stm32cube.ide.mcu.externaltools.gnu-tools-for-stm32.13.3.rel1.win32_1.0.0.202411081344/tools/bin/../lib/gcc/arm-none-eabi/13.3.1/../../../../arm-none-eabi/lib/thumb/v7-m/nofp\libc_nano.a(libc_a-reent.o)
                              C:/ST/STM32CubeIDE_1.19.0/STM32CubeIDE/plugins/com.st.stm32cube.ide.mcu.externaltools.gnu-tools-for-stm32.13.3.rel1.win32_1.0.0.202411081344/tools/bin/../lib/gcc/arm-none-eabi/13.3.1/../../../../arm-none-eabi/lib/thumb/v7-m/nofp\libc_nano.a(libc_a-closer.o) (errno)
C:/ST/STM32CubeIDE_1.19.0/STM32CubeIDE/plugins/com.st.stm32cube.ide.mcu.externaltools.gnu-tools-for-stm32.13.3.rel1.win32_1.0.0.202411081344/tools/bin/../lib/gcc/arm-none-eabi/13.3.1/../../../../arm-none-eabi/lib/thumb/v7-m/nofp\libc_nano.a(libc_a-impure.o)
                              C:/ST/STM32CubeIDE_1.19.0/STM32CubeIDE/plugins/com.st.stm32cube.ide.mcu.externaltools.gnu-tools-for-stm32.13.3.rel1.win32_1.0.0.202411081344/tools/bin/../lib/gcc/arm-none-eabi/13.3.1/../../../../arm-none-eabi/lib/thumb/v7-m/nofp\libc_nano.a(libc_a-sprintf.o) (_impure_ptr)
[...]
Memory Configuration

Name             Origin             Length             Attributes
RAM              0x20000000         0x00005000         xrw
FLASH            0x08000000         0x00010000         xr
*default*        0x00000000         0xffffffff

Linker script and memory map

LOAD C:/ST/STM32CubeIDE_1.19.0/STM32CubeIDE/plugins/com.st.stm32cube.ide.mcu.externaltools.gnu-tools-for-stm32.13.3.rel1.win32_1.0.0.202411081344/tools/bin/../lib/gcc/arm-none-eabi/13.3.1/thumb/v7-m/nofp/crti.o
LOAD C:/ST/STM32CubeIDE_1.19.0/STM32CubeIDE/plugins/com.st.stm32cube.ide.mcu.externaltools.gnu-tools-for-stm32.13.3.rel1.win32_1.0.0.202411081344/tools/bin/../lib/gcc/arm-none-eabi/13.3.1/thumb/v7-m/nofp/crtbegin.o
LOAD C:/ST/STM32CubeIDE_1.19.0/STM32CubeIDE/plugins/com.st.stm32cube.ide.mcu.externaltools.gnu-tools-for-stm32.13.3.rel1.win32_1.0.0.202411081344/tools/bin/../lib/gcc/arm-none-eabi/13.3.1/../../../../arm-none-eabi/lib/thumb/v7-m/nofp/crt0.o
LOAD ./Core/Src/main.o
LOAD ./Core/Src/stm32f1xx_hal_msp.o
LOAD ./Core/Src/stm32f1xx_it.o
LOAD ./Core/Src/syscalls.o
LOAD ./Core/Src/sysmem.o
LOAD ./Core/Src/system_stm32f1xx.o
LOAD ./Core/Startup/startup_stm32f103c8tx.o
LOAD ./Dashboard/Src/Dashboard_prog.o
LOAD ./Drivers/STM32F1xx_HAL_Driver/Src/stm32f1xx_hal.o
LOAD ./Drivers/STM32F1xx_HAL_Driver/Src/stm32f1xx_hal_adc.o
LOAD ./Drivers/STM32F1xx_HAL_Driver/Src/stm32f1xx_hal_adc_ex.o
LOAD ./Drivers/STM32F1xx_HAL_Driver/Src/stm32f1xx_hal_can.o
LOAD ./Drivers/STM32F1xx_HAL_Driver/Src/stm32f1xx_hal_cortex.o
LOAD ./Drivers/STM32F1xx_HAL_Driver/Src/stm32f1xx_hal_dma.o
LOAD ./Drivers/STM32F1xx_HAL_Driver/Src/stm32f1xx_hal_exti.o
LOAD ./Drivers/STM32F1xx_HAL_Driver/Src/stm32f1xx_hal_flash.o
LOAD ./Drivers/STM32F1xx_HAL_Driver/Src/stm32f1xx_hal_flash_ex.o
LOAD ./Drivers/STM32F1xx_HAL_Driver/Src/stm32f1xx_hal_gpio.o
LOAD ./Drivers/STM32F1xx_HAL_Driver/Src/stm32f1xx_hal_gpio_ex.o
LOAD ./Drivers/STM32F1xx_HAL_Driver/Src/stm32f1xx_hal_pwr.o
LOAD ./Drivers/STM32F1xx_HAL_Driver/Src/stm32f1xx_hal_rcc.o
LOAD ./Drivers/STM32F1xx_HAL_Driver/Src/stm32f1xx_hal_rcc_ex.o
LOAD ./Drivers/STM32F1xx_HAL_Driver/Src/stm32f1xx_hal_tim.o
LOAD ./Drivers/STM32F1xx_HAL_Driver/Src/stm32f1xx_hal_tim_ex.o
LOAD ./Drivers/STM32F1xx_HAL_Driver/Src/stm32f1xx_hal_uart.o
LOAD ./Nextion/Src/Nextion_prog.o
LOAD ./PROX/Src/PROX_prog.o
START GROUP
LOAD C:/ST/STM32CubeIDE_1.19.0/STM32CubeIDE/plugins/com.st.stm32cube.ide.mcu.externaltools.gnu-tools-for-stm32.13.3.rel1.win32_1.0.0.202411081344/tools/bin/../lib/gcc/arm-none-eabi/13.3.1/../../../../arm-none-eabi/lib/thumb/v7-m/nofp\libc_nano.a
LOAD C:/ST/STM32CubeIDE_1.19.0/STM32CubeIDE/plugins/com.st.stm32cube.ide.mcu.externaltools.gnu-tools-for-stm32.13.3.rel1.win32_1.0.0.202411081344/tools/bin/../lib/gcc/arm-none-eabi/13.3.1/../../../../arm-none-eabi/lib/thumb/v7-m/nofp\libm.a
END GROUP
START GROUP
LOAD C:/ST/STM32CubeIDE_1.19.0/STM32CubeIDE/plugins/com.st.stm32cube.ide.mcu.externaltools.gnu-tools-for-stm32.13.3.rel1.win32_1.0.0.202411081344/tools/bin/../lib/gcc/arm-none-eabi/13.3.1/thumb/v7-m/nofp\libgcc.a
LOAD C:/ST/STM32CubeIDE_1.19.0/STM32CubeIDE/plugins/com.st.stm32cube.ide.mcu.externaltools.gnu-tools-for-stm32.13.3.rel1.win32_1.0.0.202411081344/tools/bin/../lib/gcc/arm-none-eabi/13.3.1/../../../../arm-none-eabi/lib/thumb/v7-m/nofp\libc_nano.a
END GROUP
START GROUP
LOAD C:/ST/STM32CubeIDE_1.19.0/STM32CubeIDE/plugins/com.st.stm32cube.ide.mcu.externaltools.gnu-tools-for-stm32.13.3.rel1.win32_1.0.0.202411081344/tools/bin/../lib/gcc/arm-none-eabi/13.3.1/thumb/v7-m/nofp\libgcc.a
LOAD C:/ST/STM32CubeIDE_1.19.0/STM32CubeIDE/plugins/com.st.stm32cube.ide.mcu.externaltools.gnu-tools-for-stm32.13.3.rel1.win32_1.0.0.202411081344/tools/bin/../lib/gcc/arm-none-eabi/13.3.1/../../../../arm-none-eabi/lib/thumb/v7-m/nofp\libc_nano.a
LOAD C:/ST/STM32CubeIDE_1.19.0/STM32CubeIDE/plugins/com.st.stm32cube.ide.mcu.externaltools.gnu-tools-for-stm32.13.3.rel1.win32_1.0.0.202411081344/tools/bin/../lib/gcc/arm-none-eabi/13.3.1/../../../../arm-none-eabi/lib/thumb/v7-m/nofp\libnosys.a
END GROUP
START GROUP
LOAD C:/ST/STM32CubeIDE_1.19.0/STM32CubeIDE/plugins/com.st.stm32cube.ide.mcu.externaltools.gnu-tools-for-stm32.13.3.rel1.win32_1.0.0.202411081344/tools/bin/../lib/gcc/arm-none-eabi/13.3.1/thumb/v7-m/nofp\libgcc.a
LOAD C:/ST/STM32CubeIDE_1.19.0/STM32CubeIDE/plugins/com.st.stm32cube.ide.mcu.externaltools.gnu-tools-for-stm32.13.3.rel1.win32_1.0.0.202411081344/tools/bin/../lib/gcc/arm-none-eabi/13.3.1/../../../../arm-none-eabi/lib/thumb/v7-m/nofp\libc_nano.a
LOAD C:/ST/STM32CubeIDE_1.19.0/STM32CubeIDE/plugins/com.st.stm32cube.ide.mcu.externaltools.gnu-tools-for-stm32.13.3.rel1.win32_1.0.0.202411081344/tools/bin/../lib/gcc/arm-none-eabi/13.3.1/../../../../arm-none-eabi/lib/thumb/v7-m/nofp\libnosys.a
END GROUP
LOAD C:/ST/STM32CubeIDE_1.19.0/STM32CubeIDE/plugins/com.st.stm32cube.ide.mcu.externaltools.gnu-tools-for-stm32.13.3.rel1.win32_1.0.0.202411081344/tools/bin/../lib/gcc/arm-none-eabi/13.3.1/thumb/v7-m/nofp/crtend.o
LOAD C:/ST/STM32CubeIDE_1.19.0/STM32CubeIDE/plugins/com.st.stm32cube.ide.mcu.externaltools.gnu-tools-for-stm32.13.3.rel1.win32_1.0.0.202411081344/tools/bin/../lib/gcc/arm-none-eabi/13.3.1/thumb/v7-m/nofp/crtn.o
                0x20005000                        _estack = (ORIGIN (RAM) + LENGTH (RAM))
                0x00000200                        _Min_Heap_Size = 0x200
                0x00000400                        _Min_Stack_Size = 0x400

.isr_vector     0x08000000      0x10c
                0x08000000                        . = ALIGN (0x4)
 *(.isr_vector)
 .isr_vector    0x08000000      0x10c ./Core/Startup/startup_stm32f103c8tx.o
                0x08000000                g_pfnVectors
                0x0800010c                        . = ALIGN (0x4)

.text           0x08000110     0x7240
                0x08000110                        . = ALIGN (0x4)
 *(.text)
 .text          0x08000110       0x40 C:/ST/STM32CubeIDE_1.19.0/STM32CubeIDE/plugins/com.st.stm32cube.ide.mcu.externaltools.gnu-tools-for-stm32.13.3.rel1.win32_1.0.0.202411081344/tools/bin/../lib/gcc/arm-none-eabi/13.3.1/thumb/v7-m/nofp/crtbegin.o
 .text          0x08000150      0x378 C:/ST/STM32CubeIDE_1.19.0/STM32CubeIDE/plugins/com.st.stm32cube.ide.mcu.externaltools.gnu-tools-for-stm32.13.3.rel1.win32_1.0.0.202411081344/tools/bin/../lib/gcc/arm-none-eabi/13.3.1/thumb/v7-m/nofp\libgcc.a(_arm_addsubdf3.o)
                0x08000150                __aeabi_drsub
                0x08000158                __aeabi_dsub
                0x08000158                __subdf3
                0x0800015c                __aeabi_dadd
                0x0800015c                __adddf3
                0x080003d4                __floatunsidf
                0x080003d4                __aeabi_ui2d
                0x080003f4                __floatsidf
                0x080003f4                __aeabi_i2d
                0x08000418                __aeabi_f2d
                0x08000418                __extendsfdf2
                0x0800045c                __floatundidf
                0x0800045c                __aeabi_ul2d
                0x0800046c                __floatdidf
                0x0800046c                __aeabi_l2d
 .text          0x080004c8      0x424 C:/ST/STM32CubeIDE_1.19.0/STM32CubeIDE/plugins/com.st.stm32cube.ide.mcu.externaltools.gnu-tools-for-stm32.13.3.rel1.win32_1.0.0.202411081344/tools/bin/../lib/gcc/arm-none-eabi/13.3.1/thumb/v7-m/nofp\libgcc.a(_arm_muldivdf3.o)
                0x080004c8                __aeabi_dmul
                0x080004c8                __muldf3
                0x0800071c                __divdf3
                0x0800071c                __aeabi_ddiv
 .text          0x080008ec      0x110 C:/ST/STM32CubeIDE_1.19.0/STM32CubeIDE/plugins/com.st.stm32cube.ide.mcu.externaltools.gnu-tools-for-stm32.13.3.rel1.win32_1.0.0.202411081344/tools/bin/../lib/gcc/arm-none-eabi/13.3.1/thumb/v7-m/nofp\libgcc.a(_arm_cmpdf2.o)
                0x080008ec                __gtdf2
                0x080008ec                __gedf2
                0x080008f4                __ltdf2
                0x080008f4                __ledf2
                0x080008fc                __nedf2
                0x080008fc                __eqdf2
                0x080008fc                __cmpdf2
                0x08000978                __aeabi_cdrcmple
                0x08000988                __aeabi_cdcmpeq
                0x08000988                __aeabi_cdcmple
                0x08000998                __aeabi_dcmpeq
                0x080009ac                __aeabi_dcmplt
                0x080009c0                __aeabi_dcmple
                0x080009d4                __aeabi_dcmpge
                0x080009e8                __aeabi_dcmpgt
 .text          0x080009fc       0x40 C:/ST/STM32CubeIDE_1.19.0/STM32CubeIDE/plugins/com.st.stm32cube.ide.mcu.externaltools.gnu-tools-for-stm32.13.3.rel1.win32_1.0.0.202411081344/tools/bin/../lib/gcc/arm-none-eabi/13.3.1/thumb/v7-m/nofp\libgcc.a(_arm_fixunsdfsi.o)
                0x080009fc                __aeabi_d2uiz
                0x080009fc                __fixunsdfsi
 .text          0x08000a3c       0xa0 C:/ST/STM32CubeIDE_1.19.0/STM32CubeIDE/plugins/com.st.stm32cube.ide.mcu.externaltools.gnu-tools-for-stm32.13.3.rel1.win32_1.0.0.202411081344/tools/bin/../lib/gcc/arm-none-eabi/13.3.1/thumb/v7-m/nofp\libgcc.a(_arm_truncdfsf2.o)
                0x08000a3c                __truncdfsf2
                0x08000a3c                __aeabi_d2f
 .text          0x08000adc      0x21c C:/ST/STM32CubeIDE_1.19.0/STM32CubeIDE/plugins/com.st.stm32cube.ide.mcu.externaltools.gnu-tools-for-stm32.13.3.rel1.win32_1.0.0.202411081344/tools/bin/../lib/gcc/arm-none-eabi/13.3.1/thumb/v7-m/nofp\libgcc.a(_arm_addsubsf3.o)
                0x08000adc                __aeabi_frsub
                0x08000ae4                __subsf3
                0x08000ae4                __aeabi_fsub
                0x08000ae8                __aeabi_fadd
                0x08000ae8                __addsf3
                0x08000c48                __aeabi_ui2f
                0x08000c48                __floatunsisf
                0x08000c50                __aeabi_i2f
                0x08000c50                __floatsisf
                0x08000c6c                __aeabi_ul2f
                0x08000c6c                __floatundisf
                0x08000c7c                __aeabi_l2f
                0x08000c7c                __floatdisf
 .text          0x08000cf8      0x2a0 C:/ST/STM32CubeIDE_1.19.0/STM32CubeIDE/plugins/com.st.stm32cube.ide.mcu.externaltools.gnu-tools-for-stm32.13.3.rel1.win32_1.0.0.202411081344/tools/bin/../lib/gcc/arm-none-eabi/13.3.1/thumb/v7-m/nofp\libgcc.a(_arm_muldivsf3.o)
                0x08000cf8                __mulsf3
                0x08000cf8                __aeabi_fmul
                0x08000e60                __aeabi_fdiv
                0x08000e60                __divsf3
 .text          0x08000f98       0x40 C:/ST/STM32CubeIDE_1.19.0/STM32CubeIDE/plugins/com.st.stm32cube.ide.mcu.externaltools.gnu-tools-for-stm32.13.3.rel1.win32_1.0.0.202411081344/tools/bin/../lib/gcc/arm-none-eabi/13.3.1/thumb/v7-m/nofp\libgcc.a(_arm_fixunssfsi.o)
                0x08000f98                __fixunssfsi
                0x08000f98                __aeabi_f2uiz
 *(.text*)
 .text.HAL_CAN_RxFifo0MsgPendingCallback
                0x08000fd8       0x16 ./Core/Src/main.o
                0x08000fd8                HAL_CAN_RxFifo0MsgPendingCallback
 *fill*         0x08000fee        0x2 
 .text.HAL_GPIO_EXTI_Callback
                0x08000ff0       0x80 ./Core/Src/main.o
                0x08000ff0                HAL_GPIO_EXTI_Callback
 .text.HAL_TIM_IC_CaptureCallback
                0x08001070       0x28 ./Core/Src/main.o
                0x08001070                HAL_TIM_IC_CaptureCallback
 .text.HAL_TIM_PeriodElapsedCallback
                0x08001098       0x5c ./Core/Src/main.o
                0x08001098                HAL_TIM_PeriodElapsedCallback
 .text.main     0x080010f4       0x34 ./Core/Src/main.o
                0x080010f4                main
 .text.SystemClock_Config
                0x08001128       0xb6 ./Core/Src/main.o
                0x08001128                SystemClock_Config
 *fill*         0x080011de        0x2 
 .text.MX_ADC1_Init
                0x080011e0       0x7c ./Core/Src/main.o
 .text.MX_CAN_Init
                0x0800125c       0xa0 ./Core/Src/main.o
 .text.MX_TIM1_Init
                0x080012fc       0xa4 ./Core/Src/main.o
 .text.MX_TIM3_Init
                0x080013a0       0xf8 ./Core/Src/main.o
 .text.MX_TIM4_Init
                0x08001498       0x9c ./Core/Src/main.o
 .text.MX_USART1_UART_Init
                0x08001534       0x54 ./Core/Src/main.o
 .text.MX_GPIO_Init
                0x08001588      0x170 ./Core/Src/main.o
 .text.Error_Handler
                0x080016f8        0xc ./Core/Src/main.o
                0x080016f8                Error_Handler
 .text.HAL_MspInit
                0x08001704       0x64 ./Core/Src/stm32f1xx_hal_msp.o
                0x08001704                HAL_MspInit
 .text.HAL_ADC_MspInit
                0x08001768       0x78 ./Core/Src/stm32f1xx_hal_msp.o
                0x08001768                HAL_ADC_MspInit
 .text.HAL_CAN_MspInit
                0x080017e0       0xb8 ./Core/Src/stm32f1xx_hal_msp.o
                0x080017e0                HAL_CAN_MspInit
 .text.HAL_TIM_Base_MspInit
                0x08001898      0x124 ./Core/Src/stm32f1xx_hal_msp.o
                0x08001898                HAL_TIM_Base_MspInit
 .text.HAL_UART_MspInit
                0x080019bc       0xa8 ./Core/Src/stm32f1xx_hal_msp.o
                0x080019bc                HAL_UART_MspInit
 .text.NMI_Handler
                0x08001a64        0x8 ./Core/Src/stm32f1xx_it.o
                0x08001a64                NMI_Handler
 .text.HardFault_Handler
                0x08001a6c        0x8 ./Core/Src/stm32f1xx_it.o
                0x08001a6c                HardFault_Handler
 .text.MemManage_Handler
                0x08001a74        0x8 ./Core/Src/stm32f1xx_it.o
                0x08001a74                MemManage_Handler
 .text.BusFault_Handler
                0x08001a7c        0x8 ./Core/Src/stm32f1xx_it.o
                0x08001a7c                BusFault_Handler
 .text.UsageFault_Handler
                0x08001a84        0x8 ./Core/Src/stm32f1xx_it.o
                0x08001a84                UsageFault_Handler
 .text.SVC_Handler
                0x08001a8c        0xc ./Core/Src/stm32f1xx_it.o
                0x08001a8c                SVC_Handler
 .text.DebugMon_Handler
                0x08001a98        0xc ./Core/Src/stm32f1xx_it.o
                0x08001a98                DebugMon_Handler
 .text.PendSV_Handler
                0x08001aa4        0xc ./Core/Src/stm32f1xx_it.o
                0x08001aa4                PendSV_Handler
 .text.SysTick_Handler
                0x08001ab0        0xc ./Core/Src/stm32f1xx_it.o
                0x08001ab0                SysTick_Handler
 .text.EXTI0_IRQHandler
                0x08001abc        0xe ./Core/Src/stm32f1xx_it.o
                0x08001abc                EXTI0_IRQHandler
 .text.EXTI1_IRQHandler
                0x08001aca        0xe ./Core/Src/stm32f1xx_it.o
                0x08001aca                EXTI1_IRQHandler
 .text.USB_LP_CAN1_RX0_IRQHandler
                0x08001ad8       0x14 ./Core/Src/stm32f1xx_it.o
                0x08001ad8                USB_LP_CAN1_RX0_IRQHandler
 .text.CAN1_RX1_IRQHandler
                0x08001aec       0x14 ./Core/Src/stm32f1xx_it.o
                0x08001aec                CAN1_RX1_IRQHandler
 .text.EXTI9_5_IRQHandler
                0x08001b00       0x10 ./Core/Src/stm32f1xx_it.o
                0x08001b00                EXTI9_5_IRQHandler
 .text.TIM1_UP_IRQHandler
                0x08001b10       0x14 ./Core/Src/stm32f1xx_it.o
                0x08001b10                TIM1_UP_IRQHandler
 .text.TIM3_IRQHandler
                0x08001b24       0x14 ./Core/Src/stm32f1xx_it.o
                0x08001b24                TIM3_IRQHandler
 .text.TIM4_IRQHandler
                0x08001b38       0x14 ./Core/Src/stm32f1xx_it.o
                0x08001b38                TIM4_IRQHandler
 .text.USART1_IRQHandler
                0x08001b4c       0x14 ./Core/Src/stm32f1xx_it.o
                0x08001b4c                USART1_IRQHandler
 .text.EXTI15_10_IRQHandler
                0x08001b60       0x20 ./Core/Src/stm32f1xx_it.o
                0x08001b60                EXTI15_10_IRQHandler
 .text._sbrk    0x08001b80       0x6c ./Core/Src/sysmem.o
                0x08001b80                _sbrk
 .text.SystemInit
                0x08001bec        0xc ./Core/Src/system_stm32f1xx.o
                0x08001bec                SystemInit
 .text.Reset_Handler
                0x08001bf8       0x48 ./Core/Startup/startup_stm32f103c8tx.o
                0x08001bf8                Reset_Handler
 .text.Default_Handler
                0x08001c40        0x2 ./Core/Startup/startup_stm32f103c8tx.o
                0x08001c40                RTC_Alarm_IRQHandler
                0x08001c40                EXTI2_IRQHandler
                0x08001c40                TIM1_CC_IRQHandler
                0x08001c40                PVD_IRQHandler
                0x08001c40                EXTI3_IRQHandler
                0x08001c40                I2C2_EV_IRQHandler
                0x08001c40                ADC1_2_IRQHandler
                0x08001c40                SPI1_IRQHandler
                0x08001c40                TAMPER_IRQHandler
                0x08001c40                DMA1_Channel4_IRQHandler
                0x08001c40                USART3_IRQHandler
                0x08001c40                RTC_IRQHandler
                0x08001c40                DMA1_Channel7_IRQHandler
                0x08001c40                I2C1_EV_IRQHandler
                0x08001c40                DMA1_Channel6_IRQHandler
                0x08001c40                RCC_IRQHandler
                0x08001c40                TIM1_TRG_COM_IRQHandler
                0x08001c40                DMA1_Channel1_IRQHandler
                0x08001c40                Default_Handler
                0x08001c40                SPI2_IRQHandler
                0x08001c40                DMA1_Channel5_IRQHandler
                0x08001c40                EXTI4_IRQHandler
                0x08001c40                USB_HP_CAN1_TX_IRQHandler
                0x08001c40                DMA1_Channel3_IRQHandler
                0x08001c40                WWDG_IRQHandler
                0x08001c40                TIM2_IRQHandler
                0x08001c40                TIM1_BRK_IRQHandler
                0x08001c40                USART2_IRQHandler
                0x08001c40                I2C2_ER_IRQHandler
                0x08001c40                DMA1_Channel2_IRQHandler
                0x08001c40                CAN1_SCE_IRQHandler
                0x08001c40                FLASH_IRQHandler
                0x08001c40                I2C1_ER_IRQHandler
                0x08001c40                USBWakeUp_IRQHandler
 *fill*         0x08001c42        0x2 
 .text.Dashboard_Init
                0x08001c44      0x234 ./Dashboard/Src/Dashboard_prog.o
                0x08001c44                Dashboard_Init
 .text.LabTimer_CallBack_ISR
                0x08001e78      0x148 ./Dashboard/Src/Dashboard_prog.o
                0x08001e78                LabTimer_CallBack_ISR
 .text.LabTimerStoped
                0x08001fc0       0xe4 ./Dashboard/Src/Dashboard_prog.o
                0x08001fc0                LabTimerStoped
 .text.LabTimer_Buttons_Callback
                0x080020a4      0x114 ./Dashboard/Src/Dashboard_prog.o
                0x080020a4                LabTimer_Buttons_Callback
 .text.Debouncing_CallBack
                0x080021b8       0x70 ./Dashboard/Src/Dashboard_prog.o
                0x080021b8                Debouncing_CallBack
 .text.CAN_Message
                0x08002228      0x5c0 ./Dashboard/Src/Dashboard_prog.o
                0x08002228                CAN_Message
 .text.Nextion_NextPage
                0x080027e8       0xac ./Dashboard/Src/Dashboard_prog.o
                0x080027e8                Nextion_NextPage
 .text.Nextion_PrevPage
                0x08002894       0xac ./Dashboard/Src/Dashboard_prog.o
                0x08002894                Nextion_PrevPage
 .text.HAL_Init
                0x08002940       0x2c ./Drivers/STM32F1xx_HAL_Driver/Src/stm32f1xx_hal.o
                0x08002940                HAL_Init
 .text.HAL_InitTick
                0x0800296c       0x60 ./Drivers/STM32F1xx_HAL_Driver/Src/stm32f1xx_hal.o
                0x0800296c                HAL_InitTick
 .text.HAL_IncTick
                0x080029cc       0x24 ./Drivers/STM32F1xx_HAL_Driver/Src/stm32f1xx_hal.o
                0x080029cc                HAL_IncTick
 .text.HAL_GetTick
                0x080029f0       0x14 ./Drivers/STM32F1xx_HAL_Driver/Src/stm32f1xx_hal.o
                0x080029f0                HAL_GetTick
 .text.HAL_ADC_Init
                0x08002a04      0x1b0 ./Drivers/STM32F1xx_HAL_Driver/Src/stm32f1xx_hal_adc.o
                0x08002a04                HAL_ADC_Init
 .text.HAL_ADC_ConfigChannel
                0x08002bb4      0x1f0 ./Drivers/STM32F1xx_HAL_Driver/Src/stm32f1xx_hal_adc.o
                0x08002bb4                HAL_ADC_ConfigChannel
 .text.ADC_ConversionStop_Disable
                0x08002da4       0x82 ./Drivers/STM32F1xx_HAL_Driver/Src/stm32f1xx_hal_adc.o
                0x08002da4                ADC_ConversionStop_Disable
 .text.HAL_CAN_Init
                0x08002e26      0x1f6 ./Drivers/STM32F1xx_HAL_Driver/Src/stm32f1xx_hal_can.o
                0x08002e26                HAL_CAN_Init
 .text.HAL_CAN_ConfigFilter
                0x0800301c      0x192 ./Drivers/STM32F1xx_HAL_Driver/Src/stm32f1xx_hal_can.o
                0x0800301c                HAL_CAN_ConfigFilter
 .text.HAL_CAN_Start
                0x080031ae       0x88 ./Drivers/STM32F1xx_HAL_Driver/Src/stm32f1xx_hal_can.o
                0x080031ae                HAL_CAN_Start
 .text.HAL_CAN_GetRxMessage
                0x08003236      0x242 ./Drivers/STM32F1xx_HAL_Driver/Src/stm32f1xx_hal_can.o
                0x08003236                HAL_CAN_GetRxMessage
 .text.HAL_CAN_ActivateNotification
                0x08003478       0x4a ./Drivers/STM32F1xx_HAL_Driver/Src/stm32f1xx_hal_can.o
                0x08003478                HAL_CAN_ActivateNotification
 .text.HAL_CAN_IRQHandler
                0x080034c2      0x36e ./Drivers/STM32F1xx_HAL_Driver/Src/stm32f1xx_hal_can.o
                0x080034c2                HAL_CAN_IRQHandler
 .text.HAL_CAN_TxMailbox0CompleteCallback
                0x08003830       0x12 ./Drivers/STM32F1xx_HAL_Driver/Src/stm32f1xx_hal_can.o
                0x08003830                HAL_CAN_TxMailbox0CompleteCallback
 .text.HAL_CAN_TxMailbox1CompleteCallback
                0x08003842       0x12 ./Drivers/STM32F1xx_HAL_Driver/Src/stm32f1xx_hal_can.o
                0x08003842                HAL_CAN_TxMailbox1CompleteCallback
 .text.HAL_CAN_TxMailbox2CompleteCallback
                0x08003854       0x12 ./Drivers/STM32F1xx_HAL_Driver/Src/stm32f1xx_hal_can.o
                0x08003854                HAL_CAN_TxMailbox2CompleteCallback
 .text.HAL_CAN_TxMailbox0AbortCallback
                0x08003866       0x12 ./Drivers/STM32F1xx_HAL_Driver/Src/stm32f1xx_hal_can.o
                0x08003866                HAL_CAN_TxMailbox0AbortCallback
 .text.HAL_CAN_TxMailbox1AbortCallback
                0x08003878       0x12 ./Drivers/STM32F1xx_HAL_Driver/Src/stm32f1xx_hal_can.o
                0x08003878                HAL_CAN_TxMailbox1AbortCallback
 .text.HAL_CAN_TxMailbox2AbortCallback
                0x0800388a       0x12 ./Drivers/STM32F1xx_HAL_Driver/Src/stm32f1xx_hal_can.o
                0x0800388a                HAL_CAN_TxMailbox2AbortCallback
 .text.HAL_CAN_RxFifo0FullCallback
                0x0800389c       0x12 ./Drivers/STM32F1xx_HAL_Driver/Src/stm32f1xx_hal_can.o
                0x0800389c                HAL_CAN_RxFifo0FullCallback
 .text.HAL_CAN_RxFifo1MsgPendingCallback
                0x080038ae       0x12 ./Drivers/STM32F1xx_HAL_Driver/Src/stm32f1xx_hal_can.o
                0x080038ae                HAL_CAN_RxFifo1MsgPendingCallback
 .text.HAL_CAN_RxFifo1FullCallback
                0x080038c0       0x12 ./Drivers/STM32F1xx_HAL_Driver/Src/stm32f1xx_hal_can.o
                0x080038c0                HAL_CAN_RxFifo1FullCallback
 .text.HAL_CAN_SleepCallback
                0x080038d2       0x12 ./Drivers/STM32F1xx_HAL_Driver/Src/stm32f1xx_hal_can.o
                0x080038d2                HAL_CAN_SleepCallback
 .text.HAL_CAN_WakeUpFromRxMsgCallback
                0x080038e4       0x12 ./Drivers/STM32F1xx_HAL_Driver/Src/stm32f1xx_hal_can.o
                0x080038e4                HAL_CAN_WakeUpFromRxMsgCallback
 .text.HAL_CAN_ErrorCallback
                0x080038f6       0x12 ./Drivers/STM32F1xx_HAL_Driver/Src/stm32f1xx_hal_can.o
                0x080038f6                HAL_CAN_ErrorCallback
 .text.__NVIC_SetPriorityGrouping
                0x08003908       0x48 ./Drivers/STM32F1xx_HAL_Driver/Src/stm32f1xx_hal_cortex.o
 .text.__NVIC_GetPriorityGrouping
                0x08003950       0x1c ./Drivers/STM32F1xx_HAL_Driver/Src/stm32f1xx_hal_cortex.o
 .text.__NVIC_EnableIRQ
                0x0800396c       0x38 ./Drivers/STM32F1xx_HAL_Driver/Src/stm32f1xx_hal_cortex.o
 .text.__NVIC_DisableIRQ
                0x080039a4       0x48 ./Drivers/STM32F1xx_HAL_Driver/Src/stm32f1xx_hal_cortex.o
 .text.__NVIC_SetPriority
                0x080039ec       0x54 ./Drivers/STM32F1xx_HAL_Driver/Src/stm32f1xx_hal_cortex.o
 .text.NVIC_EncodePriority
                0x08003a40       0x64 ./Drivers/STM32F1xx_HAL_Driver/Src/stm32f1xx_hal_cortex.o
 .text.SysTick_Config
                0x08003aa4       0x44 ./Drivers/STM32F1xx_HAL_Driver/Src/stm32f1xx_hal_cortex.o
 .text.HAL_NVIC_SetPriorityGrouping
                0x08003ae8       0x16 ./Drivers/STM32F1xx_HAL_Driver/Src/stm32f1xx_hal_cortex.o
                0x08003ae8                HAL_NVIC_SetPriorityGrouping
 .text.HAL_NVIC_SetPriority
                0x08003afe       0x38 ./Drivers/STM32F1xx_HAL_Driver/Src/stm32f1xx_hal_cortex.o
                0x08003afe                HAL_NVIC_SetPriority
 .text.HAL_NVIC_EnableIRQ
                0x08003b36       0x1c ./Drivers/STM32F1xx_HAL_Driver/Src/stm32f1xx_hal_cortex.o
                0x08003b36                HAL_NVIC_EnableIRQ
 .text.HAL_NVIC_DisableIRQ
                0x08003b52       0x1c ./Drivers/STM32F1xx_HAL_Driver/Src/stm32f1xx_hal_cortex.o
                0x08003b52                HAL_NVIC_DisableIRQ
 .text.HAL_SYSTICK_Config
                0x08003b6e       0x18 ./Drivers/STM32F1xx_HAL_Driver/Src/stm32f1xx_hal_cortex.o
                0x08003b6e                HAL_SYSTICK_Config
 .text.HAL_DMA_Abort
                0x08003b86       0x76 ./Drivers/STM32F1xx_HAL_Driver/Src/stm32f1xx_hal_dma.o
                0x08003b86                HAL_DMA_Abort
 .text.HAL_DMA_Abort_IT
                0x08003bfc       0xf0 ./Drivers/STM32F1xx_HAL_Driver/Src/stm32f1xx_hal_dma.o
                0x08003bfc                HAL_DMA_Abort_IT
 .text.HAL_GPIO_Init
                0x08003cec      0x308 ./Drivers/STM32F1xx_HAL_Driver/Src/stm32f1xx_hal_gpio.o
                0x08003cec                HAL_GPIO_Init
 .text.HAL_GPIO_WritePin
                0x08003ff4       0x30 ./Drivers/STM32F1xx_HAL_Driver/Src/stm32f1xx_hal_gpio.o
                0x08003ff4                HAL_GPIO_WritePin
 .text.HAL_GPIO_EXTI_IRQHandler
                0x08004024       0x30 ./Drivers/STM32F1xx_HAL_Driver/Src/stm32f1xx_hal_gpio.o
                0x08004024                HAL_GPIO_EXTI_IRQHandler
 .text.HAL_RCC_OscConfig
                0x08004054      0x504 ./Drivers/STM32F1xx_HAL_Driver/Src/stm32f1xx_hal_rcc.o
                0x08004054                HAL_RCC_OscConfig
 .text.HAL_RCC_ClockConfig
                0x08004558      0x1d4 ./Drivers/STM32F1xx_HAL_Driver/Src/stm32f1xx_hal_rcc.o
                0x08004558                HAL_RCC_ClockConfig
 .text.HAL_RCC_GetSysClockFreq
                0x0800472c       0xa8 ./Drivers/STM32F1xx_HAL_Driver/Src/stm32f1xx_hal_rcc.o
                0x0800472c                HAL_RCC_GetSysClockFreq
 .text.HAL_RCC_GetHCLKFreq
                0x080047d4       0x14 ./Drivers/STM32F1xx_HAL_Driver/Src/stm32f1xx_hal_rcc.o
                0x080047d4                HAL_RCC_GetHCLKFreq
 .text.HAL_RCC_GetPCLK1Freq
                0x080047e8       0x28 ./Drivers/STM32F1xx_HAL_Driver/Src/stm32f1xx_hal_rcc.o
                0x080047e8                HAL_RCC_GetPCLK1Freq
 .text.HAL_RCC_GetPCLK2Freq
                0x08004810       0x28 ./Drivers/STM32F1xx_HAL_Driver/Src/stm32f1xx_hal_rcc.o
                0x08004810                HAL_RCC_GetPCLK2Freq
 .text.RCC_Delay
                0x08004838       0x3c ./Drivers/STM32F1xx_HAL_Driver/Src/stm32f1xx_hal_rcc.o
 .text.HAL_RCCEx_PeriphCLKConfig
                0x08004874      0x16c ./Drivers/STM32F1xx_HAL_Driver/Src/stm32f1xx_hal_rcc_ex.o
                0x08004874                HAL_RCCEx_PeriphCLKConfig
 .text.HAL_TIM_Base_Init
                0x080049e0       0x9e ./Drivers/STM32F1xx_HAL_Driver/Src/stm32f1xx_hal_tim.o
                0x080049e0                HAL_TIM_Base_Init
 *fill*         0x08004a7e        0x2 
 .text.HAL_TIM_Base_Start_IT
                0x08004a80       0xa4 ./Drivers/STM32F1xx_HAL_Driver/Src/stm32f1xx_hal_tim.o
                0x08004a80                HAL_TIM_Base_Start_IT
 .text.HAL_TIM_Base_Stop_IT
                0x08004b24       0x5c ./Drivers/STM32F1xx_HAL_Driver/Src/stm32f1xx_hal_tim.o
                0x08004b24                HAL_TIM_Base_Stop_IT
 .text.HAL_TIM_IC_Init
                0x08004b80       0x9e ./Drivers/STM32F1xx_HAL_Driver/Src/stm32f1xx_hal_tim.o
                0x08004b80                HAL_TIM_IC_Init
 .text.HAL_TIM_IC_MspInit
                0x08004c1e       0x12 ./Drivers/STM32F1xx_HAL_Driver/Src/stm32f1xx_hal_tim.o
                0x08004c1e                HAL_TIM_IC_MspInit
 .text.HAL_TIM_IC_Start_IT
                0x08004c30      0x218 ./Drivers/STM32F1xx_HAL_Driver/Src/stm32f1xx_hal_tim.o
                0x08004c30                HAL_TIM_IC_Start_IT
 .text.HAL_TIM_IRQHandler
                0x08004e48      0x1e0 ./Drivers/STM32F1xx_HAL_Driver/Src/stm32f1xx_hal_tim.o
                0x08004e48                HAL_TIM_IRQHandler
 .text.HAL_TIM_IC_ConfigChannel
                0x08005028      0x138 ./Drivers/STM32F1xx_HAL_Driver/Src/stm32f1xx_hal_tim.o
                0x08005028                HAL_TIM_IC_ConfigChannel
 .text.HAL_TIM_ConfigClockSource
                0x08005160      0x18e ./Drivers/STM32F1xx_HAL_Driver/Src/stm32f1xx_hal_tim.o
                0x08005160                HAL_TIM_ConfigClockSource
 .text.HAL_TIM_OC_DelayElapsedCallback
                0x080052ee       0x12 ./Drivers/STM32F1xx_HAL_Driver/Src/stm32f1xx_hal_tim.o
                0x080052ee                HAL_TIM_OC_DelayElapsedCallback
 .text.HAL_TIM_PWM_PulseFinishedCallback
                0x08005300       0x12 ./Drivers/STM32F1xx_HAL_Driver/Src/stm32f1xx_hal_tim.o
                0x08005300                HAL_TIM_PWM_PulseFinishedCallback
 .text.HAL_TIM_TriggerCallback
                0x08005312       0x12 ./Drivers/STM32F1xx_HAL_Driver/Src/stm32f1xx_hal_tim.o
                0x08005312                HAL_TIM_TriggerCallback
 .text.TIM_Base_SetConfig
                0x08005324       0xdc ./Drivers/STM32F1xx_HAL_Driver/Src/stm32f1xx_hal_tim.o
                0x08005324                TIM_Base_SetConfig
 .text.TIM_TI1_SetConfig
                0x08005400       0xb4 ./Drivers/STM32F1xx_HAL_Driver/Src/stm32f1xx_hal_tim.o
                0x08005400                TIM_TI1_SetConfig
 .text.TIM_TI1_ConfigInputStage
                0x080054b4       0x5c ./Drivers/STM32F1xx_HAL_Driver/Src/stm32f1xx_hal_tim.o
 .text.TIM_TI2_SetConfig
                0x08005510       0x78 ./Drivers/STM32F1xx_HAL_Driver/Src/stm32f1xx_hal_tim.o
 .text.TIM_TI2_ConfigInputStage
                0x08005588       0x5e ./Drivers/STM32F1xx_HAL_Driver/Src/stm32f1xx_hal_tim.o
 .text.TIM_TI3_SetConfig
                0x080055e6       0x76 ./Drivers/STM32F1xx_HAL_Driver/Src/stm32f1xx_hal_tim.o
 .text.TIM_TI4_SetConfig
                0x0800565c       0x78 ./Drivers/STM32F1xx_HAL_Driver/Src/stm32f1xx_hal_tim.o
 .text.TIM_ITRx_SetConfig
                0x080056d4       0x34 ./Drivers/STM32F1xx_HAL_Driver/Src/stm32f1xx_hal_tim.o
 .text.TIM_ETR_SetConfig
                0x08005708       0x3e ./Drivers/STM32F1xx_HAL_Driver/Src/stm32f1xx_hal_tim.o
                0x08005708                TIM_ETR_SetConfig
 .text.TIM_CCxChannelCmd
                0x08005746       0x48 ./Drivers/STM32F1xx_HAL_Driver/Src/stm32f1xx_hal_tim.o
                0x08005746                TIM_CCxChannelCmd
 *fill*         0x0800578e        0x2 
 .text.HAL_TIMEx_MasterConfigSynchronization
                0x08005790       0xbc ./Drivers/STM32F1xx_HAL_Driver/Src/stm32f1xx_hal_tim_ex.o
                0x08005790                HAL_TIMEx_MasterConfigSynchronization
 .text.HAL_TIMEx_CommutCallback
                0x0800584c       0x12 ./Drivers/STM32F1xx_HAL_Driver/Src/stm32f1xx_hal_tim_ex.o
                0x0800584c                HAL_TIMEx_CommutCallback
 .text.HAL_TIMEx_BreakCallback
                0x0800585e       0x12 ./Drivers/STM32F1xx_HAL_Driver/Src/stm32f1xx_hal_tim_ex.o
                0x0800585e                HAL_TIMEx_BreakCallback
 .text.HAL_UART_Init
                0x08005870       0xa0 ./Drivers/STM32F1xx_HAL_Driver/Src/stm32f1xx_hal_uart.o
                0x08005870                HAL_UART_Init
 .text.HAL_UART_Transmit
                0x08005910      0x116 ./Drivers/STM32F1xx_HAL_Driver/Src/stm32f1xx_hal_uart.o
                0x08005910                HAL_UART_Transmit
 *fill*         0x08005a26        0x2 
 .text.HAL_UART_IRQHandler
                0x08005a28      0x524 ./Drivers/STM32F1xx_HAL_Driver/Src/stm32f1xx_hal_uart.o
                0x08005a28                HAL_UART_IRQHandler
 .text.HAL_UART_TxCpltCallback
                0x08005f4c       0x12 ./Drivers/STM32F1xx_HAL_Driver/Src/stm32f1xx_hal_uart.o
                0x08005f4c                HAL_UART_TxCpltCallback
 .text.HAL_UART_RxCpltCallback
                0x08005f5e       0x12 ./Drivers/STM32F1xx_HAL_Driver/Src/stm32f1xx_hal_uart.o
                0x08005f5e                HAL_UART_RxCpltCallback
 .text.HAL_UART_ErrorCallback
                0x08005f70       0x12 ./Drivers/STM32F1xx_HAL_Driver/Src/stm32f1xx_hal_uart.o
                0x08005f70                HAL_UART_ErrorCallback
 .text.HAL_UARTEx_RxEventCallback
                0x08005f82       0x16 ./Drivers/STM32F1xx_HAL_Driver/Src/stm32f1xx_hal_uart.o
                0x08005f82                HAL_UARTEx_RxEventCallback
 .text.UART_WaitOnFlagUntilTimeout
                0x08005f98       0xb2 ./Drivers/STM32F1xx_HAL_Driver/Src/stm32f1xx_hal_uart.o
 .text.UART_EndRxTransfer
                0x0800604a       0xc4 ./Drivers/STM32F1xx_HAL_Driver/Src/stm32f1xx_hal_uart.o
 .text.UART_DMAAbortOnError
                0x0800610e       0x28 ./Drivers/STM32F1xx_HAL_Driver/Src/stm32f1xx_hal_uart.o
 .text.UART_Transmit_IT
                0x08006136       0x9e ./Drivers/STM32F1xx_HAL_Driver/Src/stm32f1xx_hal_uart.o
 .text.UART_EndTransmit_IT
                0x080061d4       0x30 ./Drivers/STM32F1xx_HAL_Driver/Src/stm32f1xx_hal_uart.o
 .text.UART_Receive_IT
                0x08006204      0x17c ./Drivers/STM32F1xx_HAL_Driver/Src/stm32f1xx_hal_uart.o
 .text.UART_SetConfig
                0x08006380      0x11c ./Drivers/STM32F1xx_HAL_Driver/Src/stm32f1xx_hal_uart.o
 .text.Nextion_AddComp
                0x0800649c       0x34 ./Nextion/Src/Nextion_prog.o
                0x0800649c                Nextion_AddComp
 .text.Nextion_SendCommand
                0x080064d0       0x2c ./Nextion/Src/Nextion_prog.o
                0x080064d0                Nextion_SendCommand
 .text.Nextion_EndCommand
                0x080064fc       0x24 ./Nextion/Src/Nextion_prog.o
                0x080064fc                Nextion_EndCommand
 .text.Nextion_SetText
                0x08006520       0x40 ./Nextion/Src/Nextion_prog.o
                0x08006520                Nextion_SetText
 .text.Nextion_SetVal
                0x08006560       0x40 ./Nextion/Src/Nextion_prog.o
                0x08006560                Nextion_SetVal
 .text.Nextion_Set_Vis
                0x080065a0       0x40 ./Nextion/Src/Nextion_prog.o
                0x080065a0                Nextion_Set_Vis
 .text.Nextion_SetPage
                0x080065e0       0x3c ./Nextion/Src/Nextion_prog.o
                0x080065e0                Nextion_SetPage
 .text.Nextion_CreateDiagnostics
                0x0800661c       0xc4 ./Nextion/Src/Nextion_prog.o
                0x0800661c                Nextion_CreateDiagnostics
 .text.PROX_INIT
                0x080066e0       0x3c ./PROX/Src/PROX_prog.o
                0x080066e0                PROX_INIT
 .text.PROX_OverflowCallBack_ISR
                0x0800671c       0x74 ./PROX/Src/PROX_prog.o
                0x0800671c                PROX_OverflowCallBack_ISR
 .text.PROX_ICUCallBack_ISR
                0x08006790      0x238 ./PROX/Src/PROX_prog.o
                0x08006790                PROX_ICUCallBack_ISR
 .text.sprintf  0x080069c8       0x44 C:/ST/STM32CubeIDE_1.19.0/STM32CubeIDE/plugins/com.st.stm32cube.ide.mcu.externaltools.gnu-tools-for-stm32.13.3.rel1.win32_1.0.0.202411081344/tools/bin/../lib/gcc/arm-none-eabi/13.3.1/../../../../arm-none-eabi/lib/thumb/v7-m/nofp\libc_nano.a(libc_a-sprintf.o)
                0x080069c8                siprintf
                0x080069c8                sprintf
 .text.memset   0x08006a0c       0x10 C:/ST/STM32CubeIDE_1.19.0/STM32CubeIDE/plugins/com.st.stm32cube.ide.mcu.externaltools.gnu-tools-for-stm32.13.3.rel1.win32_1.0.0.202411081344/tools/bin/../lib/gcc/arm-none-eabi/13.3.1/../../../../arm-none-eabi/lib/thumb/v7-m/nofp\libc_nano.a(libc_a-memset.o)
                0x08006a0c                memset
 .text.__errno  0x08006a1c        0xc C:/ST/STM32CubeIDE_1.19.0/STM32CubeIDE/plugins/com.st.stm32cube.ide.mcu.externaltools.gnu-tools-for-stm32.13.3.rel1.win32_1.0.0.202411081344/tools/bin/../lib/gcc/arm-none-eabi/13.3.1/../../../../arm-none-eabi/lib/thumb/v7-m/nofp\libc_nano.a(libc_a-errno.o)
                0x08006a1c                __errno
 .text.__libc_init_array
                0x08006a28       0x48 C:/ST/STM32CubeIDE_1.19.0/STM32CubeIDE/plugins/com.st.stm32cube.ide.mcu.externaltools.gnu-tools-for-stm32.13.3.rel1.win32_1.0.0.202411081344/tools/bin/../lib/gcc/arm-none-eabi/13.3.1/../../../../arm-none-eabi/lib/thumb/v7-m/nofp\libc_nano.a(libc_a-init.o)
                0x08006a28                __libc_init_array
 .text.__retarget_lock_acquire_recursive
                0x08006a70        0x2 C:/ST/STM32CubeIDE_1.19.0/STM32CubeIDE/plugins/com.st.stm32cube.ide.mcu.externaltools.gnu-tools-for-stm32.13.3.rel1.win32_1.0.0.202411081344/tools/bin/../lib/gcc/arm-none-eabi/13.3.1/../../../../arm-none-eabi/lib/thumb/v7-m/nofp\libc_nano.a(libc_a-lock.o)
                0x08006a70                __retarget_lock_acquire_recursive
 .text.__retarget_lock_release_recursive
                0x08006a72        0x2 C:/ST/STM32CubeIDE_1.19.0/STM32CubeIDE/plugins/com.st.stm32cube.ide.mcu.externaltools.gnu-tools-for-stm32.13.3.rel1.win32_1.0.0.202411081344/tools/bin/../lib/gcc/arm-none-eabi/13.3.1/../../../../arm-none-eabi/lib/thumb/v7-m/nofp\libc_nano.a(libc_a-lock.o)
                0x08006a72                __retarget_lock_release_recursive
 .text.strcpy   0x08006a74       0x10 C:/ST/STM32CubeIDE_1.19.0/STM32CubeIDE/plugins/com.st.stm32cube.ide.mcu.externaltools.gnu-tools-for-stm32.13.3.rel1.win32_1.0.0.202411081344/tools/bin/../lib/gcc/arm-none-eabi/13.3.1/../../../../arm-none-eabi/lib/thumb/v7-m/nofp\libc_nano.a(libc_a-strcpy.o)
                0x08006a74                strcpy
 .text._free_r  0x08006a84       0x90 C:/ST/STM32CubeIDE_1.19.0/STM32CubeIDE/plugins/com.st.stm32cube.ide.mcu.externaltools.gnu-tools-for-stm32.13.3.rel1.win32_1.0.0.202411081344/tools/bin/../lib/gcc/arm-none-eabi/13.3.1/../../../../arm-none-eabi/lib/thumb/v7-m/nofp\libc_nano.a(libc_a-freer.o)
                0x08006a84                _free_r
 .text.sbrk_aligned
                0x08006b14       0x44 C:/ST/STM32CubeIDE_1.19.0/STM32CubeIDE/plugins/com.st.stm32cube.ide.mcu.externaltools.gnu-tools-for-stm32.13.3.rel1.win32_1.0.0.202411081344/tools/bin/../lib/gcc/arm-none-eabi/13.3.1/../../../../arm-none-eabi/lib/thumb/v7-m/nofp\libc_nano.a(libc_a-mallocr.o)
 .text._malloc_r
                0x08006b58      0x100 C:/ST/STM32CubeIDE_1.19.0/STM32CubeIDE/plugins/com.st.stm32cube.ide.mcu.externaltools.gnu-tools-for-stm32.13.3.rel1.win32_1.0.0.202411081344/tools/bin/../lib/gcc/arm-none-eabi/13.3.1/../../../../arm-none-eabi/lib/thumb/v7-m/nofp\libc_nano.a(libc_a-mallocr.o)
                0x08006b58                _malloc_r
 .text.__malloc_lock
                0x08006c58        0xc C:/ST/STM32CubeIDE_1.19.0/STM32CubeIDE/plugins/com.st.stm32cube.ide.mcu.externaltools.gnu-tools-for-stm32.13.3.rel1.win32_1.0.0.202411081344/tools/bin/../lib/gcc/arm-none-eabi/13.3.1/../../../../arm-none-eabi/lib/thumb/v7-m/nofp\libc_nano.a(libc_a-mlock.o)
                0x08006c58                __malloc_lock
 .text.__malloc_unlock
                0x08006c64        0xc C:/ST/STM32CubeIDE_1.19.0/STM32CubeIDE/plugins/com.st.stm32cube.ide.mcu.externaltools.gnu-tools-for-stm32.13.3.rel1.win32_1.0.0.202411081344/tools/bin/../lib/gcc/arm-none-eabi/13.3.1/../../../../arm-none-eabi/lib/thumb/v7-m/nofp\libc_nano.a(libc_a-mlock.o)
                0x08006c64                __malloc_unlock
 .text.__ssputs_r
                0x08006c70       0xb6 C:/ST/STM32CubeIDE_1.19.0/STM32CubeIDE/plugins/com.st.stm32cube.ide.mcu.externaltools.gnu-tools-for-stm32.13.3.rel1.win32_1.0.0.202411081344/tools/bin/../lib/gcc/arm-none-eabi/13.3.1/../../../../arm-none-eabi/lib/thumb/v7-m/nofp\libc_nano.a(libc_a-nano-svfprintf.o)
                0x08006c70                __ssputs_r
 *fill*         0x08006d26        0x2 
 .text._svfprintf_r
                0x08006d28      0x1f8 C:/ST/STM32CubeIDE_1.19.0/STM32CubeIDE/plugins/com.st.stm32cube.ide.mcu.externaltools.gnu-tools-for-stm32.13.3.rel1.win32_1.0.0.202411081344/tools/bin/../lib/gcc/arm-none-eabi/13.3.1/../../../../arm-none-eabi/lib/thumb/v7-m/nofp\libc_nano.a(libc_a-nano-svfprintf.o)
                0x08006d28                _svfiprintf_r
                0x08006d28                _svfprintf_r
 .text._printf_common
                0x08006f20       0xe4 C:/ST/STM32CubeIDE_1.19.0/STM32CubeIDE/plugins/com.st.stm32cube.ide.mcu.externaltools.gnu-tools-for-stm32.13.3.rel1.win32_1.0.0.202411081344/tools/bin/../lib/gcc/arm-none-eabi/13.3.1/../../../../arm-none-eabi/lib/thumb/v7-m/nofp\libc_nano.a(libc_a-nano-vfprintf_i.o)
                0x08006f20                _printf_common
 .text._printf_i
                0x08007004      0x23c C:/ST/STM32CubeIDE_1.19.0/STM32CubeIDE/plugins/com.st.stm32cube.ide.mcu.externaltools.gnu-tools-for-stm32.13.3.rel1.win32_1.0.0.202411081344/tools/bin/../lib/gcc/arm-none-eabi/13.3.1/../../../../arm-none-eabi/lib/thumb/v7-m/nofp\libc_nano.a(libc_a-nano-vfprintf_i.o)
                0x08007004                _printf_i
 .text.memmove  0x08007240       0x34 C:/ST/STM32CubeIDE_1.19.0/STM32CubeIDE/plugins/com.st.stm32cube.ide.mcu.externaltools.gnu-tools-for-stm32.13.3.rel1.win32_1.0.0.202411081344/tools/bin/../lib/gcc/arm-none-eabi/13.3.1/../../../../arm-none-eabi/lib/thumb/v7-m/nofp\libc_nano.a(libc_a-memmove.o)
                0x08007240                memmove
 .text._sbrk_r  0x08007274       0x20 C:/ST/STM32CubeIDE_1.19.0/STM32CubeIDE/plugins/com.st.stm32cube.ide.mcu.externaltools.gnu-tools-for-stm32.13.3.rel1.win32_1.0.0.202411081344/tools/bin/../lib/gcc/arm-none-eabi/13.3.1/../../../../arm-none-eabi/lib/thumb/v7-m/nofp\libc_nano.a(libc_a-sbrkr.o)
                0x08007274                _sbrk_r
 .text.memchr   0x08007294       0x1c C:/ST/STM32CubeIDE_1.19.0/STM32CubeIDE/plugins/com.st.stm32cube.ide.mcu.externaltools.gnu-tools-for-stm32.13.3.rel1.win32_1.0.0.202411081344/tools/bin/../lib/gcc/arm-none-eabi/13.3.1/../../../../arm-none-eabi/lib/thumb/v7-m/nofp\libc_nano.a(libc_a-memchr-stub.o)
                0x08007294                memchr
 .text.memcpy   0x080072b0       0x1c C:/ST/STM32CubeIDE_1.19.0/STM32CubeIDE/plugins/com.st.stm32cube.ide.mcu.externaltools.gnu-tools-for-stm32.13.3.rel1.win32_1.0.0.202411081344/tools/bin/../lib/gcc/arm-none-eabi/13.3.1/../../../../arm-none-eabi/lib/thumb/v7-m/nofp\libc_nano.a(libc_a-memcpy-stub.o)
                0x080072b0                memcpy
 .text._realloc_r
                0x080072cc       0x5c C:/ST/STM32CubeIDE_1.19.0/STM32CubeIDE/plugins/com.st.stm32cube.ide.mcu.externaltools.gnu-tools-for-stm32.13.3.rel1.win32_1.0.0.202411081344/tools/bin/../lib/gcc/arm-none-eabi/13.3.1/../../../../arm-none-eabi/lib/thumb/v7-m/nofp\libc_nano.a(libc_a-reallocr.o)
                0x080072cc                _realloc_r
 .text._malloc_usable_size_r
                0x08007328       0x10 C:/ST/STM32CubeIDE_1.19.0/STM32CubeIDE/plugins/com.st.stm32cube.ide.mcu.externaltools.gnu-tools-for-stm32.13.3.rel1.win32_1.0.0.202411081344/tools/bin/../lib/gcc/arm-none-eabi/13.3.1/../../../../arm-none-eabi/lib/thumb/v7-m/nofp\libc_nano.a(libc_a-msizer.o)
                0x08007328                _malloc_usable_size_r
 *(.glue_7)
 .glue_7        0x08007338        0x0 linker stubs
 *(.glue_7t)
 .glue_7t       0x08007338        0x0 linker stubs
 *(.eh_frame)
 .eh_frame      0x08007338        0x0 C:/ST/STM32CubeIDE_1.19.0/STM32CubeIDE/plugins/com.st.stm32cube.ide.mcu.externaltools.gnu-tools-for-stm32.13.3.rel1.win32_1.0.0.202411081344/tools/bin/../lib/gcc/arm-none-eabi/13.3.1/thumb/v7-m/nofp/crtbegin.o
 *(.init)
 .init          0x08007338        0x4 C:/ST/STM32CubeIDE_1.19.0/STM32CubeIDE/plugins/com.st.stm32cube.ide.mcu.externaltools.gnu-tools-for-stm32.13.3.rel1.win32_1.0.0.202411081344/tools/bin/../lib/gcc/arm-none-eabi/13.3.1/thumb/v7-m/nofp/crti.o
                0x08007338                _init
 .init          0x0800733c        0x8 C:/ST/STM32CubeIDE_1.19.0/STM32CubeIDE/plugins/com.st.stm32cube.ide.mcu.externaltools.gnu-tools-for-stm32.13.3.rel1.win32_1.0.0.202411081344/tools/bin/../lib/gcc/arm-none-eabi/13.3.1/thumb/v7-m/nofp/crtn.o
 *(.fini)
 .fini          0x08007344        0x4 C:/ST/STM32CubeIDE_1.19.0/STM32CubeIDE/plugins/com.st.stm32cube.ide.mcu.externaltools.gnu-tools-for-stm32.13.3.rel1.win32_1.0.0.202411081344/tools/bin/../lib/gcc/arm-none-eabi/13.3.1/thumb/v7-m/nofp/crti.o
                0x08007344                _fini
 .fini          0x08007348        0x8 C:/ST/STM32CubeIDE_1.19.0/STM32CubeIDE/plugins/com.st.stm32cube.ide.mcu.externaltools.gnu-tools-for-stm32.13.3.rel1.win32_1.0.0.202411081344/tools/bin/../lib/gcc/arm-none-eabi/13.3.1/thumb/v7-m/nofp/crtn.o
                0x08007350                        . = ALIGN (0x4)
                0x08007350                        _etext = .

.vfp11_veneer   0x08007350        0x0
 .vfp11_veneer  0x08007350        0x0 linker stubs

.v4_bx          0x08007350        0x0
 .v4_bx         0x08007350        0x0 linker stubs

.iplt           0x08007350        0x0
 .iplt          0x08007350        0x0 C:/ST/STM32CubeIDE_1.19.0/STM32CubeIDE/plugins/com.st.stm32cube.ide.mcu.externaltools.gnu-tools-for-stm32.13.3.rel1.win32_1.0.0.202411081344/tools/bin/../lib/gcc/arm-none-eabi/13.3.1/thumb/v7-m/nofp/crtbegin.o

.rodata         0x08007350      0x238
                0x08007350                        . = ALIGN (0x4)
 *(.rodata)
 .rodata        0x08007350      0x16d ./Dashboard/Src/Dashboard_prog.o
 *fill*         0x080074bd        0x3 
 .rodata        0x080074c0       0x54 ./Nextion/Src/Nextion_prog.o
 .rodata        0x08007514       0x12 ./PROX/Src/PROX_prog.o
 *(.rodata*)
 *fill*         0x08007526        0x2 
 .rodata.AHBPrescTable
                0x08007528       0x10 ./Core/Src/system_stm32f1xx.o
                0x08007528                AHBPrescTable
 .rodata.APBPrescTable
                0x08007538        0x8 ./Core/Src/system_stm32f1xx.o
                0x08007538                APBPrescTable
 .rodata.aPLLMULFactorTable.1
                0x08007540       0x10 ./Drivers/STM32F1xx_HAL_Driver/Src/stm32f1xx_hal_rcc.o
 .rodata.aPredivFactorTable.0
                0x08007550        0x2 ./Drivers/STM32F1xx_HAL_Driver/Src/stm32f1xx_hal_rcc.o
 .rodata._svfprintf_r.str1.1
                0x08007552       0x33 C:/ST/STM32CubeIDE_1.19.0/STM32CubeIDE/plugins/com.st.stm32cube.ide.mcu.externaltools.gnu-tools-for-stm32.13.3.rel1.win32_1.0.0.202411081344/tools/bin/../lib/gcc/arm-none-eabi/13.3.1/../../../../arm-none-eabi/lib/thumb/v7-m/nofp\libc_nano.a(libc_a-nano-svfprintf.o)
                                 0x11 (size before relaxing)
 .rodata._printf_i.str1.1
                0x08007585       0x22 C:/ST/STM32CubeIDE_1.19.0/STM32CubeIDE/plugins/com.st.stm32cube.ide.mcu.externaltools.gnu-tools-for-stm32.13.3.rel1.win32_1.0.0.202411081344/tools/bin/../lib/gcc/arm-none-eabi/13.3.1/../../../../arm-none-eabi/lib/thumb/v7-m/nofp\libc_nano.a(libc_a-nano-vfprintf_i.o)
                0x080075a8                        . = ALIGN (0x4)
 *fill*         0x08007585        0x3 

.ARM.extab      0x08007588        0x0
                0x08007588                        . = ALIGN (0x4)
 *(.ARM.extab* .gnu.linkonce.armextab.*)
                0x08007588                        . = ALIGN (0x4)

.ARM            0x08007588        0x0
                0x08007588                        . = ALIGN (0x4)
                0x08007588                        __exidx_start = .
 *(.ARM.exidx*)
                0x08007588                        __exidx_end = .
                0x08007588                        . = ALIGN (0x4)

.preinit_array  0x08007588        0x0
                0x08007588                        . = ALIGN (0x4)
                0x08007588                        PROVIDE (__preinit_array_start = .)
 *(.preinit_array*)
                0x08007588                        PROVIDE (__preinit_array_end = .)
                0x08007588                        . = ALIGN (0x4)

.init_array     0x08007588        0x4
                0x08007588                        . = ALIGN (0x4)
                0x08007588                        PROVIDE (__init_array_start = .)
 *(SORT_BY_NAME(.init_array.*))
 *(.init_array*)
 .init_array    0x08007588        0x4 C:/ST/STM32CubeIDE_1.19.0/STM32CubeIDE/plugins/com.st.stm32cube.ide.mcu.externaltools.gnu-tools-for-stm32.13.3.rel1.win32_1.0.0.202411081344/tools/bin/../lib/gcc/arm-none-eabi/13.3.1/thumb/v7-m/nofp/crtbegin.o
                0x0800758c                        PROVIDE (__init_array_end = .)
                0x0800758c                        . = ALIGN (0x4)

.fini_array     0x0800758c        0x4
                0x0800758c                        . = ALIGN (0x4)
                [!provide]                        PROVIDE (__fini_array_start = .)
 *(SORT_BY_NAME(.fini_array.*))
 *(.fini_array*)
 .fini_array    0x0800758c        0x4 C:/ST/STM32CubeIDE_1.19.0/STM32CubeIDE/plugins/com.st.stm32cube.ide.mcu.externaltools.gnu-tools-for-stm32.13.3.rel1.win32_1.0.0.202411081344/tools/bin/../lib/gcc/arm-none-eabi/13.3.1/thumb/v7-m/nofp/crtbegin.o
                [!provide]                        PROVIDE (__fini_array_end = .)
                0x08007590                        . = ALIGN (0x4)
                0x08007590                        _sidata = LOADADDR (.data)

.rel.dyn        0x08007590        0x0
 .rel.iplt      0x08007590        0x0 C:/ST/STM32CubeIDE_1.19.0/STM32CubeIDE/plugins/com.st.stm32cube.ide.mcu.externaltools.gnu-tools-for-stm32.13.3.rel1.win32_1.0.0.202411081344/tools/bin/../lib/gcc/arm-none-eabi/13.3.1/thumb/v7-m/nofp/crtbegin.o

.data           0x20000000       0x9c load address 0x08007590
                0x20000000                        . = ALIGN (0x4)
                0x20000000                        _sdata = .
 *(.data)
 *(.data*)
 .data.SystemCoreClock
                0x20000000        0x4 ./Core/Src/system_stm32f1xx.o
                0x20000000                SystemCoreClock
 .data.StopWatch_State
                0x20000004        0x1 ./Dashboard/Src/Dashboard_prog.o
                0x20000004                StopWatch_State
 *fill*         0x20000005        0x3 
 .data.LED_PORT
                0x20000008       0x24 ./Dashboard/Src/Dashboard_prog.o
                0x20000008                LED_PORT
 .data.LED_PIN  0x2000002c       0x12 ./Dashboard/Src/Dashboard_prog.o
                0x2000002c                LED_PIN
 *fill*         0x2000003e        0x2 
 .data.uwTickPrio
                0x20000040        0x4 ./Drivers/STM32F1xx_HAL_Driver/Src/stm32f1xx_hal.o
                0x20000040                uwTickPrio
 .data.uwTickFreq
                0x20000044        0x1 ./Drivers/STM32F1xx_HAL_Driver/Src/stm32f1xx_hal.o
                0x20000044                uwTickFreq
 *fill*         0x20000045        0x3 
 .data.END      0x20000048        0x3 ./Nextion/Src/Nextion_prog.o
                0x20000048                END
 .data.Current_Page
                0x2000004b        0x1 ./Nextion/Src/Nextion_prog.o
                0x2000004b                Current_Page
 .data._impure_ptr
                0x2000004c        0x4 C:/ST/STM32CubeIDE_1.19.0/STM32CubeIDE/plugins/com.st.stm32cube.ide.mcu.externaltools.gnu-tools-for-stm32.13.3.rel1.win32_1.0.0.202411081344/tools/bin/../lib/gcc/arm-none-eabi/13.3.1/../../../../arm-none-eabi/lib/thumb/v7-m/nofp\libc_nano.a(libc_a-impure.o)
                0x2000004c                _impure_ptr
 .data._impure_data
                0x20000050       0x4c C:/ST/STM32CubeIDE_1.19.0/STM32CubeIDE/plugins/com.st.stm32cube.ide.mcu.externaltools.gnu-tools-for-stm32.13.3.rel1.win32_1.0.0.202411081344/tools/bin/../lib/gcc/arm-none-eabi/13.3.1/../../../../arm-none-eabi/lib/thumb/v7-m/nofp\libc_nano.a(libc_a-impure.o)
                0x20000050                _impure_data
 *(.RamFunc)
 *(.RamFunc*)
                0x2000009c                        . = ALIGN (0x4)
                0x2000009c                        _edata = .

.igot.plt       0x2000009c        0x0 load address 0x0800762c
 .igot.plt      0x2000009c        0x0 C:/ST/STM32CubeIDE_1.19.0/STM32CubeIDE/plugins/com.st.stm32cube.ide.mcu.externaltools.gnu-tools-for-stm32.13.3.rel1.win32_1.0.0.202411081344/tools/bin/../lib/gcc/arm-none-eabi/13.3.1/thumb/v7-m/nofp/crtbegin.o
                0x2000009c                        . = ALIGN (0x4)

.bss            0x200000a0      0xeec load address 0x0800762c
                0x200000a0                        _sbss = .
                0x200000a0                        __bss_start__ = _sbss
 *(.bss)
 .bss           0x200000a0       0x1c C:/ST/STM32CubeIDE_1.19.0/STM32CubeIDE/plugins/com.st.stm32cube.ide.mcu.externaltools.gnu-tools-for-stm32.13.3.rel1.win32_1.0.0.202411081344/tools/bin/../lib/gcc/arm-none-eabi/13.3.1/thumb/v7-m/nofp/crtbegin.o
 *(.bss*)
 .bss.hadc1     0x200000bc       0x30 ./Core/Src/main.o
                0x200000bc                hadc1
 .bss.hcan      0x200000ec       0x28 ./Core/Src/main.o
                0x200000ec                hcan
 .bss.htim1     0x20000114       0x48 ./Core/Src/main.o
                0x20000114                htim1
 .bss.htim3     0x2000015c       0x48 ./Core/Src/main.o
                0x2000015c                htim3
 .bss.htim4     0x200001a4       0x48 ./Core/Src/main.o
                0x200001a4                htim4
 .bss.huart1    0x200001ec       0x48 ./Core/Src/main.o
                0x200001ec                huart1
 .bss.Global_u32Variable_Overflow_Counter
                0x20000234        0x4 ./Core/Src/main.o
                0x20000234                Global_u32Variable_Overflow_Counter
 .bss.__sbrk_heap_end
                0x20000238        0x4 ./Core/Src/sysmem.o
 .bss.Lap_Time  0x2000023c       0x1f ./Dashboard/Src/Dashboard_prog.o
                0x2000023c                Lap_Time
 *fill*         0x2000025b        0x1 
 .bss.Last_Lap  0x2000025c       0x1f ./Dashboard/Src/Dashboard_prog.o
                0x2000025c                Last_Lap
 *fill*         0x2000027b        0x1 
 .bss.Best_Lap  0x2000027c       0x1f ./Dashboard/Src/Dashboard_prog.o
                0x2000027c                Best_Lap
 *fill*         0x2000029b        0x1 
 .bss.ERPM_Slider
                0x2000029c       0x1f ./Dashboard/Src/Dashboard_prog.o
                0x2000029c                ERPM_Slider
 *fill*         0x200002bb        0x1 
 .bss.Temp_Slider
                0x200002bc       0x1f ./Dashboard/Src/Dashboard_prog.o
                0x200002bc                Temp_Slider
 *fill*         0x200002db        0x1 
 .bss.Throttle_Slider
                0x200002dc       0x1f ./Dashboard/Src/Dashboard_prog.o
                0x200002dc                Throttle_Slider
 *fill*         0x200002fb        0x1 
 .bss.Brake_Slider
                0x200002fc       0x1f ./Dashboard/Src/Dashboard_prog.o
                0x200002fc                Brake_Slider
 *fill*         0x2000031b        0x1 
 .bss.Battery_Perc
                0x2000031c       0x1f ./Dashboard/Src/Dashboard_prog.o
                0x2000031c                Battery_Perc
 *fill*         0x2000033b        0x1 
 .bss.RF_Temp   0x2000033c       0x1f ./Dashboard/Src/Dashboard_prog.o
                0x2000033c                RF_Temp
 *fill*         0x2000035b        0x1 
 .bss.LF_Temp   0x2000035c       0x1f ./Dashboard/Src/Dashboard_prog.o
                0x2000035c                LF_Temp
 *fill*         0x2000037b        0x1 
 .bss.RR_Temp   0x2000037c       0x1f ./Dashboard/Src/Dashboard_prog.o
                0x2000037c                RR_Temp
 *fill*         0x2000039b        0x1 
 .bss.LR_Temp   0x2000039c       0x1f ./Dashboard/Src/Dashboard_prog.o
                0x2000039c                LR_Temp
 *fill*         0x200003bb        0x1 
 .bss.RF_Travel
                0x200003bc       0x1f ./Dashboard/Src/Dashboard_prog.o
                0x200003bc                RF_Travel
 *fill*         0x200003db        0x1 
 .bss.LF_Travel
                0x200003dc       0x1f ./Dashboard/Src/Dashboard_prog.o
                0x200003dc                LF_Travel
 *fill*         0x200003fb        0x1 
 .bss.RR_Travel
                0x200003fc       0x1f ./Dashboard/Src/Dashboard_prog.o
                0x200003fc                RR_Travel
 *fill*         0x2000041b        0x1 
 .bss.LR_Travel
                0x2000041c       0x1f ./Dashboard/Src/Dashboard_prog.o
                0x2000041c                LR_Travel
 *fill*         0x2000043b        0x1 
 .bss.Batt_Temp
                0x2000043c       0x1f ./Dashboard/Src/Dashboard_prog.o
                0x2000043c                Batt_Temp
 *fill*         0x2000045b        0x1 
 .bss.Battery_Temp_Warning
                0x2000045c       0x1f ./Dashboard/Src/Dashboard_prog.o
                0x2000045c                Battery_Temp_Warning
 *fill*         0x2000047b        0x1 
 .bss.Motor_Temp_Warning
                0x2000047c       0x1f ./Dashboard/Src/Dashboard_prog.o
                0x2000047c                Motor_Temp_Warning
 *fill*         0x2000049b        0x1 
 .bss.Error_Warning
                0x2000049c       0x1f ./Dashboard/Src/Dashboard_prog.o
                0x2000049c                Error_Warning
 *fill*         0x200004bb        0x1 
 .bss.T         0x200004bc      0x3e0 ./Dashboard/Src/Dashboard_prog.o
                0x200004bc                T
 .bss.V         0x2000089c      0x3e0 ./Dashboard/Src/Dashboard_prog.o
                0x2000089c                V
 .bss.Lap_Timer
                0x20000c7c       0x14 ./Dashboard/Src/Dashboard_prog.o
                0x20000c7c                Lap_Timer
 .bss.Global_u8Array_Tx_Buffer
                0x20000c90       0x1e ./Dashboard/Src/Dashboard_prog.o
                0x20000c90                Global_u8Array_Tx_Buffer
 *fill*         0x20000cae        0x2 
 .bss.Global_u8Array_Tx_BestLap_Buffer
                0x20000cb0       0x1e ./Dashboard/Src/Dashboard_prog.o
                0x20000cb0                Global_u8Array_Tx_BestLap_Buffer
 .bss.BestLap_Flag
                0x20000cce        0x1 ./Dashboard/Src/Dashboard_prog.o
                0x20000cce                BestLap_Flag
 *fill*         0x20000ccf        0x1 
 .bss.BestLap_Centi_Sec
                0x20000cd0        0x4 ./Dashboard/Src/Dashboard_prog.o
                0x20000cd0                BestLap_Centi_Sec
 .bss.CANRxHeader
                0x20000cd4       0x1c ./Dashboard/Src/Dashboard_prog.o
                0x20000cd4                CANRxHeader
 .bss.Received_CAN_Message
                0x20000cf0        0x8 ./Dashboard/Src/Dashboard_prog.o
                0x20000cf0                Received_CAN_Message
 .bss.ERPM_Val  0x20000cf8        0x4 ./Dashboard/Src/Dashboard_prog.o
                0x20000cf8                ERPM_Val
 .bss.MotorTemp_Val
                0x20000cfc        0x2 ./Dashboard/Src/Dashboard_prog.o
                0x20000cfc                MotorTemp_Val
 .bss.Thrott_Pos
                0x20000cfe        0x1 ./Dashboard/Src/Dashboard_prog.o
                0x20000cfe                Thrott_Pos
 .bss.Brake_Pos
                0x20000cff        0x1 ./Dashboard/Src/Dashboard_prog.o
                0x20000cff                Brake_Pos
 .bss.Battery   0x20000d00        0x2 ./Dashboard/Src/Dashboard_prog.o
                0x20000d00                Battery
 .bss.Batt_int  0x20000d02        0x1 ./Dashboard/Src/Dashboard_prog.o
                0x20000d02                Batt_int
 .bss.Batt_Deci
                0x20000d03        0x1 ./Dashboard/Src/Dashboard_prog.o
                0x20000d03                Batt_Deci
 .bss.RF_temp_val
                0x20000d04        0x1 ./Dashboard/Src/Dashboard_prog.o
                0x20000d04                RF_temp_val
 .bss.LF_temp_val
                0x20000d05        0x1 ./Dashboard/Src/Dashboard_prog.o
                0x20000d05                LF_temp_val
 .bss.RR_temp_val
                0x20000d06        0x1 ./Dashboard/Src/Dashboard_prog.o
                0x20000d06                RR_temp_val
 .bss.LR_temp_val
                0x20000d07        0x1 ./Dashboard/Src/Dashboard_prog.o
                0x20000d07                LR_temp_val
 .bss.test_Buffer
                0x20000d08       0x1e ./Dashboard/Src/Dashboard_prog.o
                0x20000d08                test_Buffer
 *fill*         0x20000d26        0x2 
 .bss.RxData    0x20000d28        0x8 ./Dashboard/Src/Dashboard_prog.o
                0x20000d28                RxData
 .bss.uwTick    0x20000d30        0x4 ./Drivers/STM32F1xx_HAL_Driver/Src/stm32f1xx_hal.o
                0x20000d30                uwTick
 .bss.TransmitBuffer
                0x20000d34       0x46 ./Nextion/Src/Nextion_prog.o
                0x20000d34                TransmitBuffer
 .bss.TransmitBufferLength
                0x20000d7a        0x2 ./Nextion/Src/Nextion_prog.o
                0x20000d7a                TransmitBufferLength
 *fill*         0x20000d7c        0x4 
 .bss.Wheel_Velocity
                0x20000d80       0xa0 ./PROX/Src/PROX_prog.o
                0x20000d80                Wheel_Velocity
 .bss.Last_ICU_Overflow_Count
                0x20000e20        0x4 ./PROX/Src/PROX_prog.o
 .bss.PROX      0x20000e24       0x1f ./PROX/Src/PROX_prog.o
                0x20000e24                PROX
 .bss.velocity  0x20000e43        0x1 ./PROX/Src/PROX_prog.o
                0x20000e43                velocity
 .bss.__sf      0x20000e44      0x138 C:/ST/STM32CubeIDE_1.19.0/STM32CubeIDE/plugins/com.st.stm32cube.ide.mcu.externaltools.gnu-tools-for-stm32.13.3.rel1.win32_1.0.0.202411081344/tools/bin/../lib/gcc/arm-none-eabi/13.3.1/../../../../arm-none-eabi/lib/thumb/v7-m/nofp\libc_nano.a(libc_a-findfp.o)
                0x20000e44                __sf
 .bss.errno     0x20000f7c        0x4 C:/ST/STM32CubeIDE_1.19.0/STM32CubeIDE/plugins/com.st.stm32cube.ide.mcu.externaltools.gnu-tools-for-stm32.13.3.rel1.win32_1.0.0.202411081344/tools/bin/../lib/gcc/arm-none-eabi/13.3.1/../../../../arm-none-eabi/lib/thumb/v7-m/nofp\libc_nano.a(libc_a-reent.o)
                0x20000f7c                errno
 .bss.__lock___malloc_recursive_mutex
                0x20000f80        0x1 C:/ST/STM32CubeIDE_1.19.0/STM32CubeIDE/plugins/com.st.stm32cube.ide.mcu.externaltools.gnu-tools-for-stm32.13.3.rel1.win32_1.0.0.202411081344/tools/bin/../lib/gcc/arm-none-eabi/13.3.1/../../../../arm-none-eabi/lib/thumb/v7-m/nofp\libc_nano.a(libc_a-lock.o)
                0x20000f80                __lock___malloc_recursive_mutex
 *fill*         0x20000f81        0x3 
 .bss.__malloc_sbrk_start
                0x20000f84        0x4 C:/ST/STM32CubeIDE_1.19.0/STM32CubeIDE/plugins/com.st.stm32cube.ide.mcu.externaltools.gnu-tools-for-stm32.13.3.rel1.win32_1.0.0.202411081344/tools/bin/../lib/gcc/arm-none-eabi/13.3.1/../../../../arm-none-eabi/lib/thumb/v7-m/nofp\libc_nano.a(libc_a-mallocr.o)
                0x20000f84                __malloc_sbrk_start
 .bss.__malloc_free_list
                0x20000f88        0x4 C:/ST/STM32CubeIDE_1.19.0/STM32CubeIDE/plugins/com.st.stm32cube.ide.mcu.externaltools.gnu-tools-for-stm32.13.3.rel1.win32_1.0.0.202411081344/tools/bin/../lib/gcc/arm-none-eabi/13.3.1/../../../../arm-none-eabi/lib/thumb/v7-m/nofp\libc_nano.a(libc_a-mallocr.o)
                0x20000f88                __malloc_free_list
 *(COMMON)
                0x20000f8c                        . = ALIGN (0x4)
                0x20000f8c                        _ebss = .
                0x20000f8c                        __bss_end__ = _ebss

._user_heap_stack
                0x20000f8c      0x604 load address 0x0800762c
                0x20000f90                        . = ALIGN (0x8)
 *fill*         0x20000f8c        0x4 
                [!provide]                        PROVIDE (end = .)
                0x20000f90                        PROVIDE (_end = .)
                0x20001190                        . = (. + _Min_Heap_Size)
 *fill*         0x20000f90      0x200 
                0x20001590                        . = (. + _Min_Stack_Size)
 *fill*         0x20001190      0x400 
                0x20001590                        . = ALIGN (0x8)

/DISCARD/
 libc.a(*)
 libm.a(*)
 libgcc.a(*)

.ARM.attributes
                0x00000000       0x29
 *(.ARM.attributes)
 .ARM.attributes
                0x00000000       0x1d C:/ST/STM32CubeIDE_1.19.0/STM32CubeIDE/plugins/com.st.stm32cube.ide.mcu.externaltools.gnu-tools-for-stm32.13.3.rel1.win32_1.0.0.202411081344/tools/bin/../lib/gcc/arm-none-eabi/13.3.1/thumb/v7-m/nofp/crti.o
 .ARM.attributes
                0x0000001d       0x2d C:/ST/STM32CubeIDE_1.19.0/STM32CubeIDE/plugins/com.st.stm32cube.ide.mcu.externaltools.gnu-tools-for-stm32.13.3.rel1.win32_1.0.0.202411081344/tools/bin/../lib/gcc/arm-none-eabi/13.3.1/thumb/v7-m/nofp/crtbegin.o
 .ARM.attributes
                0x0000004a       0x2d ./Core/Src/main.o
 .ARM.attributes
                0x00000077       0x2d ./Core/Src/stm32f1xx_hal_msp.o
 .ARM.attributes
                0x000000a4       0x2d ./Core/Src/stm32f1xx_it.o
 .ARM.attributes
                0x000000d1       0x2d ./Core/Src/sysmem.o
 .ARM.attributes
                0x000000fe       0x2d ./Core/Src/system_stm32f1xx.o
 .ARM.attributes
                0x0000012b       0x21 ./Core/Startup/startup_stm32f103c8tx.o
 .ARM.attributes
                0x0000014c       0x2d ./Dashboard/Src/Dashboard_prog.o
 .ARM.attributes
                0x00000179       0x2d ./Drivers/STM32F1xx_HAL_Driver/Src/stm32f1xx_hal.o
 .ARM.attributes
                0x000001a6       0x2d ./Drivers/STM32F1xx_HAL_Driver/Src/stm32f1xx_hal_adc.o
 .ARM.attributes
                0x000001d3       0x2d ./Drivers/STM32F1xx_HAL_Driver/Src/stm32f1xx_hal_can.o
 .ARM.attributes
                0x00000200       0x2d ./Drivers/STM32F1xx_HAL_Driver/Src/stm32f1xx_hal_cortex.o
 .ARM.attributes
                0x0000022d       0x2d ./Drivers/STM32F1xx_HAL_Driver/Src/stm32f1xx_hal_dma.o
 .ARM.attributes
                0x0000025a       0x2d ./Drivers/STM32F1xx_HAL_Driver/Src/stm32f1xx_hal_gpio.o
 .ARM.attributes
                0x00000287       0x2d ./Drivers/STM32F1xx_HAL_Driver/Src/stm32f1xx_hal_rcc.o
 .ARM.attributes
                0x000002b4       0x2d ./Drivers/STM32F1xx_HAL_Driver/Src/stm32f1xx_hal_rcc_ex.o
 .ARM.attributes
                0x000002e1       0x2d ./Drivers/STM32F1xx_HAL_Driver/Src/stm32f1xx_hal_tim.o
 .ARM.attributes
                0x0000030e       0x2d ./Drivers/STM32F1xx_HAL_Driver/Src/stm32f1xx_hal_tim_ex.o
 .ARM.attributes
                0x0000033b       0x2d ./Drivers/STM32F1xx_HAL_Driver/Src/stm32f1xx_hal_uart.o
 .ARM.attributes
                0x00000368       0x2d ./Nextion/Src/Nextion_prog.o
 .ARM.attributes
                0x00000395       0x2d ./PROX/Src/PROX_prog.o
 .ARM.attributes
                0x000003c2       0x2d C:/ST/STM32CubeIDE_1.19.0/STM32CubeIDE/plugins/com.st.stm32cube.ide.mcu.externaltools.gnu-tools-for-stm32.13.3.rel1.win32_1.0.0.202411081344/tools/bin/../lib/gcc/arm-none-eabi/13.3.1/../../../../arm-none-eabi/lib/thumb/v7-m/nofp\libc_nano.a(libc_a-findfp.o)
 .ARM.attributes
                0x000003ef       0x2d C:/ST/STM32CubeIDE_1.19.0/STM32CubeIDE/plugins/com.st.stm32cube.ide.mcu.externaltools.gnu-tools-for-stm32.13.3.rel1.win32_1.0.0.202411081344/tools/bin/../lib/gcc/arm-none-eabi/13.3.1/../../../../arm-none-eabi/lib/thumb/v7-m/nofp\libc_nano.a(libc_a-sprintf.o)
 .ARM.attributes
                0x0000041c       0x2d C:/ST/STM32CubeIDE_1.19.0/STM32CubeIDE/plugins/com.st.stm32cube.ide.mcu.externaltools.gnu-tools-for-stm32.13.3.rel1.win32_1.0.0.202411081344/tools/bin/../lib/gcc/arm-none-eabi/13.3.1/../../../../arm-none-eabi/lib/thumb/v7-m/nofp\libc_nano.a(libc_a-memset.o)
 .ARM.attributes
                0x00000449       0x2d C:/ST/STM32CubeIDE_1.19.0/STM32CubeIDE/plugins/com.st.stm32cube.ide.mcu.externaltools.gnu-tools-for-stm32.13.3.rel1.win32_1.0.0.202411081344/tools/bin/../lib/gcc/arm-none-eabi/13.3.1/../../../../arm-none-eabi/lib/thumb/v7-m/nofp\libc_nano.a(libc_a-reent.o)
 .ARM.attributes
                0x00000476       0x2d C:/ST/STM32CubeIDE_1.19.0/STM32CubeIDE/plugins/com.st.stm32cube.ide.mcu.externaltools.gnu-tools-for-stm32.13.3.rel1.win32_1.0.0.202411081344/tools/bin/../lib/gcc/arm-none-eabi/13.3.1/../../../../arm-none-eabi/lib/thumb/v7-m/nofp\libc_nano.a(libc_a-impure.o)
 .ARM.attributes
                0x000004a3       0x2d C:/ST/STM32CubeIDE_1.19.0/STM32CubeIDE/plugins/com.st.stm32cube.ide.mcu.externaltools.gnu-tools-for-stm32.13.3.rel1.win32_1.0.0.202411081344/tools/bin/../lib/gcc/arm-none-eabi/13.3.1/../../../../arm-none-eabi/lib/thumb/v7-m/nofp\libc_nano.a(libc_a-errno.o)
 .ARM.attributes
                0x000004d0       0x2d C:/ST/STM32CubeIDE_1.19.0/STM32CubeIDE/plugins/com.st.stm32cube.ide.mcu.externaltools.gnu-tools-for-stm32.13.3.rel1.win32_1.0.0.202411081344/tools/bin/../lib/gcc/arm-none-eabi/13.3.1/../../../../arm-none-eabi/lib/thumb/v7-m/nofp\libc_nano.a(libc_a-init.o)
 .ARM.attributes
                0x000004fd       0x2d C:/ST/STM32CubeIDE_1.19.0/STM32CubeIDE/plugins/com.st.stm32cube.ide.mcu.externaltools.gnu-tools-for-stm32.13.3.rel1.win32_1.0.0.202411081344/tools/bin/../lib/gcc/arm-none-eabi/13.3.1/../../../../arm-none-eabi/lib/thumb/v7-m/nofp\libc_nano.a(libc_a-lock.o)
 .ARM.attributes
                0x0000052a       0x2d C:/ST/STM32CubeIDE_1.19.0/STM32CubeIDE/plugins/com.st.stm32cube.ide.mcu.externaltools.gnu-tools-for-stm32.13.3.rel1.win32_1.0.0.202411081344/tools/bin/../lib/gcc/arm-none-eabi/13.3.1/../../../../arm-none-eabi/lib/thumb/v7-m/nofp\libc_nano.a(libc_a-strcpy.o)
 .ARM.attributes
                0x00000557       0x2d C:/ST/STM32CubeIDE_1.19.0/STM32CubeIDE/plugins/com.st.stm32cube.ide.mcu.externaltools.gnu-tools-for-stm32.13.3.rel1.win32_1.0.0.202411081344/tools/bin/../lib/gcc/arm-none-eabi/13.3.1/../../../../arm-none-eabi/lib/thumb/v7-m/nofp\libc_nano.a(libc_a-freer.o)
 .ARM.attributes
                0x00000584       0x2d C:/ST/STM32CubeIDE_1.19.0/STM32CubeIDE/plugins/com.st.stm32cube.ide.mcu.externaltools.gnu-tools-for-stm32.13.3.rel1.win32_1.0.0.202411081344/tools/bin/../lib/gcc/arm-none-eabi/13.3.1/../../../../arm-none-eabi/lib/thumb/v7-m/nofp\libc_nano.a(libc_a-mallocr.o)
 .ARM.attributes
                0x000005b1       0x2d C:/ST/STM32CubeIDE_1.19.0/STM32CubeIDE/plugins/com.st.stm32cube.ide.mcu.externaltools.gnu-tools-for-stm32.13.3.rel1.win32_1.0.0.202411081344/tools/bin/../lib/gcc/arm-none-eabi/13.3.1/../../../../arm-none-eabi/lib/thumb/v7-m/nofp\libc_nano.a(libc_a-mlock.o)
 .ARM.attributes
                0x000005de       0x2d C:/ST/STM32CubeIDE_1.19.0/STM32CubeIDE/plugins/com.st.stm32cube.ide.mcu.externaltools.gnu-tools-for-stm32.13.3.rel1.win32_1.0.0.202411081344/tools/bin/../lib/gcc/arm-none-eabi/13.3.1/../../../../arm-none-eabi/lib/thumb/v7-m/nofp\libc_nano.a(libc_a-nano-svfprintf.o)
 .ARM.attributes
                0x0000060b       0x2d C:/ST/STM32CubeIDE_1.19.0/STM32CubeIDE/plugins/com.st.stm32cube.ide.mcu.externaltools.gnu-tools-for-stm32.13.3.rel1.win32_1.0.0.202411081344/tools/bin/../lib/gcc/arm-none-eabi/13.3.1/../../../../arm-none-eabi/lib/thumb/v7-m/nofp\libc_nano.a(libc_a-nano-vfprintf_i.o)
 .ARM.attributes
                0x00000638       0x2d C:/ST/STM32CubeIDE_1.19.0/STM32CubeIDE/plugins/com.st.stm32cube.ide.mcu.externaltools.gnu-tools-for-stm32.13.3.rel1.win32_1.0.0.202411081344/tools/bin/../lib/gcc/arm-none-eabi/13.3.1/../../../../arm-none-eabi/lib/thumb/v7-m/nofp\libc_nano.a(libc_a-memmove.o)
 .ARM.attributes
                0x00000665       0x2d C:/ST/STM32CubeIDE_1.19.0/STM32CubeIDE/plugins/com.st.stm32cube.ide.mcu.externaltools.gnu-tools-for-stm32.13.3.rel1.win32_1.0.0.202411081344/tools/bin/../lib/gcc/arm-none-eabi/13.3.1/../../../../arm-none-eabi/lib/thumb/v7-m/nofp\libc_nano.a(libc_a-sbrkr.o)
 .ARM.attributes
                0x00000692       0x2d C:/ST/STM32CubeIDE_1.19.0/STM32CubeIDE/plugins/com.st.stm32cube.ide.mcu.externaltools.gnu-tools-for-stm32.13.3.rel1.win32_1.0.0.202411081344/tools/bin/../lib/gcc/arm-none-eabi/13.3.1/../../../../arm-none-eabi/lib/thumb/v7-m/nofp\libc_nano.a(libc_a-memchr-stub.o)
 .ARM.attributes
                0x000006bf       0x2d C:/ST/STM32CubeIDE_1.19.0/STM32CubeIDE/plugins/com.st.stm32cube.ide.mcu.externaltools.gnu-tools-for-stm32.13.3.rel1.win32_1.0.0.202411081344/tools/bin/../lib/gcc/arm-none-eabi/13.3.1/../../../../arm-none-eabi/lib/thumb/v7-m/nofp\libc_nano.a(libc_a-memcpy-stub.o)
 .ARM.attributes
                0x000006ec       0x2d C:/ST/STM32CubeIDE_1.19.0/STM32CubeIDE/plugins/com.st.stm32cube.ide.mcu.externaltools.gnu-tools-for-stm32.13.3.rel1.win32_1.0.0.202411081344/tools/bin/../lib/gcc/arm-none-eabi/13.3.1/../../../../arm-none-eabi/lib/thumb/v7-m/nofp\libc_nano.a(libc_a-reallocr.o)
 .ARM.attributes
                0x00000719       0x2d C:/ST/STM32CubeIDE_1.19.0/STM32CubeIDE/plugins/com.st.stm32cube.ide.mcu.externaltools.gnu-tools-for-stm32.13.3.rel1.win32_1.0.0.202411081344/tools/bin/../lib/gcc/arm-none-eabi/13.3.1/../../../../arm-none-eabi/lib/thumb/v7-m/nofp\libc_nano.a(libc_a-msizer.o)
 .ARM.attributes
                0x00000746       0x1d C:/ST/STM32CubeIDE_1.19.0/STM32CubeIDE/plugins/com.st.stm32cube.ide.mcu.externaltools.gnu-tools-for-stm32.13.3.rel1.win32_1.0.0.202411081344/tools/bin/../lib/gcc/arm-none-eabi/13.3.1/thumb/v7-m/nofp\libgcc.a(_arm_addsubdf3.o)
 .ARM.attributes
                0x00000763       0x1d C:/ST/STM32CubeIDE_1.19.0/STM32CubeIDE/plugins/com.st.stm32cube.ide.mcu.externaltools.gnu-tools-for-stm32.13.3.rel1.win32_1.0.0.202411081344/tools/bin/../lib/gcc/arm-none-eabi/13.3.1/thumb/v7-m/nofp\libgcc.a(_arm_muldivdf3.o)
 .ARM.attributes
                0x00000780       0x1d C:/ST/STM32CubeIDE_1.19.0/STM32CubeIDE/plugins/com.st.stm32cube.ide.mcu.externaltools.gnu-tools-for-stm32.13.3.rel1.win32_1.0.0.202411081344/tools/bin/../lib/gcc/arm-none-eabi/13.3.1/thumb/v7-m/nofp\libgcc.a(_arm_cmpdf2.o)
 .ARM.attributes
                0x0000079d       0x1d C:/ST/STM32CubeIDE_1.19.0/STM32CubeIDE/plugins/com.st.stm32cube.ide.mcu.externaltools.gnu-tools-for-stm32.13.3.rel1.win32_1.0.0.202411081344/tools/bin/../lib/gcc/arm-none-eabi/13.3.1/thumb/v7-m/nofp\libgcc.a(_arm_fixunsdfsi.o)
 .ARM.attributes
                0x000007ba       0x1d C:/ST/STM32CubeIDE_1.19.0/STM32CubeIDE/plugins/com.st.stm32cube.ide.mcu.externaltools.gnu-tools-for-stm32.13.3.rel1.win32_1.0.0.202411081344/tools/bin/../lib/gcc/arm-none-eabi/13.3.1/thumb/v7-m/nofp\libgcc.a(_arm_truncdfsf2.o)
 .ARM.attributes
                0x000007d7       0x1d C:/ST/STM32CubeIDE_1.19.0/STM32CubeIDE/plugins/com.st.stm32cube.ide.mcu.externaltools.gnu-tools-for-stm32.13.3.rel1.win32_1.0.0.202411081344/tools/bin/../lib/gcc/arm-none-eabi/13.3.1/thumb/v7-m/nofp\libgcc.a(_arm_addsubsf3.o)
 .ARM.attributes
                0x000007f4       0x1d C:/ST/STM32CubeIDE_1.19.0/STM32CubeIDE/plugins/com.st.stm32cube.ide.mcu.externaltools.gnu-tools-for-stm32.13.3.rel1.win32_1.0.0.202411081344/tools/bin/../lib/gcc/arm-none-eabi/13.3.1/thumb/v7-m/nofp\libgcc.a(_arm_muldivsf3.o)
 .ARM.attributes
                0x00000811       0x1d C:/ST/STM32CubeIDE_1.19.0/STM32CubeIDE/plugins/com.st.stm32cube.ide.mcu.externaltools.gnu-tools-for-stm32.13.3.rel1.win32_1.0.0.202411081344/tools/bin/../lib/gcc/arm-none-eabi/13.3.1/thumb/v7-m/nofp\libgcc.a(_arm_fixunssfsi.o)
 .ARM.attributes
                0x0000082e       0x1d C:/ST/STM32CubeIDE_1.19.0/STM32CubeIDE/plugins/com.st.stm32cube.ide.mcu.externaltools.gnu-tools-for-stm32.13.3.rel1.win32_1.0.0.202411081344/tools/bin/../lib/gcc/arm-none-eabi/13.3.1/thumb/v7-m/nofp/crtn.o
OUTPUT(Dashboard_2.elf elf32-littlearm)
LOAD linker stubs
LOAD C:/ST/STM32CubeIDE_1.19.0/STM32CubeIDE/plugins/com.st.stm32cube.ide.mcu.externaltools.gnu-tools-for-stm32.13.3.rel1.win32_1.0.0.202411081344/tools/bin/../lib/gcc/arm-none-eabi/13.3.1/../../../../arm-none-eabi/lib/thumb/v7-m/nofp\libc.a
LOAD C:/ST/STM32CubeIDE_1.19.0/STM32CubeIDE/plugins/com.st.stm32cube.ide.mcu.externaltools.gnu-tools-for-stm32.13.3.rel1.win32_1.0.0.202411081344/tools/bin/../lib/gcc/arm-none-eabi/13.3.1/../../../../arm-none-eabi/lib/thumb/v7-m/nofp\libm.a
LOAD C:/ST/STM32CubeIDE_1.19.0/STM32CubeIDE/plugins/com.st.stm32cube.ide.mcu.externaltools.gnu-tools-for-stm32.13.3.rel1.win32_1.0.0.202411081344/tools/bin/../lib/gcc/arm-none-eabi/13.3.1/thumb/v7-m/nofp\libgcc.a

.debug_info     0x00000000    0x11de9
 .debug_info    0x00000000     0x19e4 ./Core/Src/main.o
 .debug_info    0x000019e4     0x1478 ./Core/Src/stm32f1xx_hal_msp.o
 .debug_info    0x00002e5c      0xdbb ./Core/Src/stm32f1xx_it.o
 .debug_info    0x00003c17      0x168 ./Core/Src/sysmem.o
 .debug_info    0x00003d7f      0x222 ./Core/Src/system_stm32f1xx.o
 .debug_info    0x00003fa1       0x30 ./Core/Startup/startup_stm32f103c8tx.o
 .debug_info    0x00003fd1     0x18ab ./Dashboard/Src/Dashboard_prog.o
 .debug_info    0x0000587c      0x704 ./Drivers/STM32F1xx_HAL_Driver/Src/stm32f1xx_hal.o
 .debug_info    0x00005f80      0xc50 ./Drivers/STM32F1xx_HAL_Driver/Src/stm32f1xx_hal_adc.o
 .debug_info    0x00006bd0      0xf13 ./Drivers/STM32F1xx_HAL_Driver/Src/stm32f1xx_hal_can.o
 .debug_info    0x00007ae3      0xa87 ./Drivers/STM32F1xx_HAL_Driver/Src/stm32f1xx_hal_cortex.o
 .debug_info    0x0000856a      0x6d2 ./Drivers/STM32F1xx_HAL_Driver/Src/stm32f1xx_hal_dma.o
 .debug_info    0x00008c3c      0x5ab ./Drivers/STM32F1xx_HAL_Driver/Src/stm32f1xx_hal_gpio.o
 .debug_info    0x000091e7      0x7d5 ./Drivers/STM32F1xx_HAL_Driver/Src/stm32f1xx_hal_rcc.o
 .debug_info    0x000099bc      0x3c0 ./Drivers/STM32F1xx_HAL_Driver/Src/stm32f1xx_hal_rcc_ex.o
 .debug_info    0x00009d7c     0x2959 ./Drivers/STM32F1xx_HAL_Driver/Src/stm32f1xx_hal_tim.o
 .debug_info    0x0000c6d5     0x149b ./Drivers/STM32F1xx_HAL_Driver/Src/stm32f1xx_hal_tim_ex.o
 .debug_info    0x0000db70     0x2eed ./Drivers/STM32F1xx_HAL_Driver/Src/stm32f1xx_hal_uart.o
 .debug_info    0x00010a5d      0x8b7 ./Nextion/Src/Nextion_prog.o
 .debug_info    0x00011314      0xad5 ./PROX/Src/PROX_prog.o

.debug_abbrev   0x00000000     0x2a75
 .debug_abbrev  0x00000000      0x32e ./Core/Src/main.o
 .debug_abbrev  0x0000032e      0x262 ./Core/Src/stm32f1xx_hal_msp.o
 .debug_abbrev  0x00000590      0x222 ./Core/Src/stm32f1xx_it.o
 .debug_abbrev  0x000007b2       0xbc ./Core/Src/sysmem.o
 .debug_abbrev  0x0000086e      0x13f ./Core/Src/system_stm32f1xx.o
 .debug_abbrev  0x000009ad       0x24 ./Core/Startup/startup_stm32f103c8tx.o
 .debug_abbrev  0x000009d1      0x39c ./Dashboard/Src/Dashboard_prog.o
 .debug_abbrev  0x00000d6d      0x201 ./Drivers/STM32F1xx_HAL_Driver/Src/stm32f1xx_hal.o
 .debug_abbrev  0x00000f6e      0x225 ./Drivers/STM32F1xx_HAL_Driver/Src/stm32f1xx_hal_adc.o
 .debug_abbrev  0x00001193      0x21c ./Drivers/STM32F1xx_HAL_Driver/Src/stm32f1xx_hal_can.o
 .debug_abbrev  0x000013af      0x2f8 ./Drivers/STM32F1xx_HAL_Driver/Src/stm32f1xx_hal_cortex.o
 .debug_abbrev  0x000016a7      0x20b ./Drivers/STM32F1xx_HAL_Driver/Src/stm32f1xx_hal_dma.o
 .debug_abbrev  0x000018b2      0x1ca ./Drivers/STM32F1xx_HAL_Driver/Src/stm32f1xx_hal_gpio.o
 .debug_abbrev  0x00001a7c      0x2b3 ./Drivers/STM32F1xx_HAL_Driver/Src/stm32f1xx_hal_rcc.o
 .debug_abbrev  0x00001d2f      0x188 ./Drivers/STM32F1xx_HAL_Driver/Src/stm32f1xx_hal_rcc_ex.o
 .debug_abbrev  0x00001eb7      0x277 ./Drivers/STM32F1xx_HAL_Driver/Src/stm32f1xx_hal_tim.o
 .debug_abbrev  0x0000212e      0x282 ./Drivers/STM32F1xx_HAL_Driver/Src/stm32f1xx_hal_tim_ex.o
 .debug_abbrev  0x000023b0      0x2f8 ./Drivers/STM32F1xx_HAL_Driver/Src/stm32f1xx_hal_uart.o
 .debug_abbrev  0x000026a8      0x1f5 ./Nextion/Src/Nextion_prog.o
 .debug_abbrev  0x0000289d      0x1d8 ./PROX/Src/PROX_prog.o

.debug_aranges  0x00000000      0xfd0
 .debug_aranges
                0x00000000       0x88 ./Core/Src/main.o
 .debug_aranges
                0x00000088       0x60 ./Core/Src/stm32f1xx_hal_msp.o
 .debug_aranges
                0x000000e8       0xb0 ./Core/Src/stm32f1xx_it.o
 .debug_aranges
                0x00000198       0x20 ./Core/Src/sysmem.o
 .debug_aranges
                0x000001b8       0x28 ./Core/Src/system_stm32f1xx.o
 .debug_aranges
                0x000001e0       0x28 ./Core/Startup/startup_stm32f103c8tx.o
 .debug_aranges
                0x00000208       0x58 ./Dashboard/Src/Dashboard_prog.o
 .debug_aranges
                0x00000260       0xe0 ./Drivers/STM32F1xx_HAL_Driver/Src/stm32f1xx_hal.o
 .debug_aranges
                0x00000340       0xf0 ./Drivers/STM32F1xx_HAL_Driver/Src/stm32f1xx_hal_adc.o
 .debug_aranges
                0x00000430      0x138 ./Drivers/STM32F1xx_HAL_Driver/Src/stm32f1xx_hal_can.o
 .debug_aranges
                0x00000568      0x100 ./Drivers/STM32F1xx_HAL_Driver/Src/stm32f1xx_hal_cortex.o
 .debug_aranges
                0x00000668       0x80 ./Drivers/STM32F1xx_HAL_Driver/Src/stm32f1xx_hal_dma.o
 .debug_aranges
                0x000006e8       0x58 ./Drivers/STM32F1xx_HAL_Driver/Src/stm32f1xx_hal_gpio.o
 .debug_aranges
                0x00000740       0x90 ./Drivers/STM32F1xx_HAL_Driver/Src/stm32f1xx_hal_rcc.o
 .debug_aranges
                0x000007d0       0x30 ./Drivers/STM32F1xx_HAL_Driver/Src/stm32f1xx_hal_rcc_ex.o
 .debug_aranges
                0x00000800      0x3d0 ./Drivers/STM32F1xx_HAL_Driver/Src/stm32f1xx_hal_tim.o
 .debug_aranges
                0x00000bd0      0x168 ./Drivers/STM32F1xx_HAL_Driver/Src/stm32f1xx_hal_tim_ex.o
 .debug_aranges
                0x00000d38      0x208 ./Drivers/STM32F1xx_HAL_Driver/Src/stm32f1xx_hal_uart.o
 .debug_aranges
                0x00000f40       0x60 ./Nextion/Src/Nextion_prog.o
 .debug_aranges
                0x00000fa0       0x30 ./PROX/Src/PROX_prog.o

.debug_rnglists
                0x00000000      0xc4e
 .debug_rnglists
                0x00000000       0x68 ./Core/Src/main.o
 .debug_rnglists
                0x00000068       0x47 ./Core/Src/stm32f1xx_hal_msp.o
 .debug_rnglists
                0x000000af       0x7f ./Core/Src/stm32f1xx_it.o
 .debug_rnglists
                0x0000012e       0x13 ./Core/Src/sysmem.o
 .debug_rnglists
                0x00000141       0x1a ./Core/Src/system_stm32f1xx.o
 .debug_rnglists
                0x0000015b       0x19 ./Core/Startup/startup_stm32f103c8tx.o
 .debug_rnglists
                0x00000174       0x44 ./Dashboard/Src/Dashboard_prog.o
 .debug_rnglists
                0x000001b8       0xa3 ./Drivers/STM32F1xx_HAL_Driver/Src/stm32f1xx_hal.o
 .debug_rnglists
                0x0000025b       0xbc ./Drivers/STM32F1xx_HAL_Driver/Src/stm32f1xx_hal_adc.o
 .debug_rnglists
                0x00000317       0xed ./Drivers/STM32F1xx_HAL_Driver/Src/stm32f1xx_hal_can.o
 .debug_rnglists
                0x00000404       0xbb ./Drivers/STM32F1xx_HAL_Driver/Src/stm32f1xx_hal_cortex.o
 .debug_rnglists
                0x000004bf       0x64 ./Drivers/STM32F1xx_HAL_Driver/Src/stm32f1xx_hal_dma.o
 .debug_rnglists
                0x00000523       0x3f ./Drivers/STM32F1xx_HAL_Driver/Src/stm32f1xx_hal_gpio.o
 .debug_rnglists
                0x00000562       0x6c ./Drivers/STM32F1xx_HAL_Driver/Src/stm32f1xx_hal_rcc.o
 .debug_rnglists
                0x000005ce       0x21 ./Drivers/STM32F1xx_HAL_Driver/Src/stm32f1xx_hal_rcc_ex.o
 .debug_rnglists
                0x000005ef      0x31a ./Drivers/STM32F1xx_HAL_Driver/Src/stm32f1xx_hal_tim.o
 .debug_rnglists
                0x00000909      0x125 ./Drivers/STM32F1xx_HAL_Driver/Src/stm32f1xx_hal_tim_ex.o
 .debug_rnglists
                0x00000a2e      0x1bc ./Drivers/STM32F1xx_HAL_Driver/Src/stm32f1xx_hal_uart.o
 .debug_rnglists
                0x00000bea       0x44 ./Nextion/Src/Nextion_prog.o
 .debug_rnglists
                0x00000c2e       0x20 ./PROX/Src/PROX_prog.o

.debug_macro    0x00000000    0x19644
 .debug_macro   0x00000000      0x2c6 ./Core/Src/main.o
 .debug_macro   0x000002c6      0xacc ./Core/Src/main.o
 .debug_macro   0x00000d92      0x227 ./Core/Src/main.o
 .debug_macro   0x00000fb9       0x2e ./Core/Src/main.o
 .debug_macro   0x00000fe7       0x22 ./Core/Src/main.o
 .debug_macro   0x00001009       0x22 ./Core/Src/main.o
 .debug_macro   0x0000102b       0x8e ./Core/Src/main.o
 .debug_macro   0x000010b9       0x51 ./Core/Src/main.o
 .debug_macro   0x0000110a      0x103 ./Core/Src/main.o
 .debug_macro   0x0000120d       0x6a ./Core/Src/main.o
 .debug_macro   0x00001277      0x1df ./Core/Src/main.o
 .debug_macro   0x00001456       0x1c ./Core/Src/main.o
 .debug_macro   0x00001472       0x22 ./Core/Src/main.o
 .debug_macro   0x00001494       0xbd ./Core/Src/main.o
 .debug_macro   0x00001551      0xd23 ./Core/Src/main.o
 .debug_macro   0x00002274     0xe09e ./Core/Src/main.o
 .debug_macro   0x00010312       0x6d ./Core/Src/main.o
 .debug_macro   0x0001037f     0x34a2 ./Core/Src/main.o
 .debug_macro   0x00013821      0x190 ./Core/Src/main.o
 .debug_macro   0x000139b1       0x5c ./Core/Src/main.o
 .debug_macro   0x00013a0d      0x5bc ./Core/Src/main.o
 .debug_macro   0x00013fc9      0x289 ./Core/Src/main.o
 .debug_macro   0x00014252      0x1cb ./Core/Src/main.o
 .debug_macro   0x0001441d      0x114 ./Core/Src/main.o
 .debug_macro   0x00014531      0x1b2 ./Core/Src/main.o
 .debug_macro   0x000146e3       0x27 ./Core/Src/main.o
 .debug_macro   0x0001470a      0x136 ./Core/Src/main.o
 .debug_macro   0x00014840      0x1bc ./Core/Src/main.o
 .debug_macro   0x000149fc       0x34 ./Core/Src/main.o
 .debug_macro   0x00014a30       0x3c ./Core/Src/main.o
 .debug_macro   0x00014a6c      0x408 ./Core/Src/main.o
 .debug_macro   0x00014e74       0x57 ./Core/Src/main.o
 .debug_macro   0x00014ecb      0x46a ./Core/Src/main.o
 .debug_macro   0x00015335      0x1b5 ./Core/Src/main.o
 .debug_macro   0x000154ea       0x87 ./Core/Src/main.o
 .debug_macro   0x00015571      0x240 ./Core/Src/main.o
 .debug_macro   0x000157b1      0x140 ./Core/Src/main.o
 .debug_macro   0x000158f1      0x8ed ./Core/Src/main.o
 .debug_macro   0x000161de      0x28e ./Core/Src/main.o
 .debug_macro   0x0001646c       0x83 ./Core/Src/main.o
 .debug_macro   0x000164ef       0x61 ./Core/Src/main.o
 .debug_macro   0x00016550       0x24 ./Core/Src/main.o
 .debug_macro   0x00016574       0x43 ./Core/Src/main.o
 .debug_macro   0x000165b7       0x34 ./Core/Src/main.o
 .debug_macro   0x000165eb      0x370 ./Core/Src/main.o
 .debug_macro   0x0001695b       0x16 ./Core/Src/main.o
 .debug_macro   0x00016971       0x4a ./Core/Src/main.o
 .debug_macro   0x000169bb       0x34 ./Core/Src/main.o
 .debug_macro   0x000169ef       0x10 ./Core/Src/main.o
 .debug_macro   0x000169ff       0x58 ./Core/Src/main.o
 .debug_macro   0x00016a57       0x8e ./Core/Src/main.o
 .debug_macro   0x00016ae5       0x1c ./Core/Src/main.o
 .debug_macro   0x00016b01      0x185 ./Core/Src/main.o
 .debug_macro   0x00016c86       0x10 ./Core/Src/main.o
 .debug_macro   0x00016c96       0x3c ./Core/Src/main.o
 .debug_macro   0x00016cd2       0x20 ./Core/Src/main.o
 .debug_macro   0x00016cf2       0x1c ./Core/Src/main.o
 .debug_macro   0x00016d0e       0x1c ./Core/Src/main.o
 .debug_macro   0x00016d2a       0x94 ./Core/Src/main.o
 .debug_macro   0x00016dbe       0x22 ./Core/Src/main.o
 .debug_macro   0x00016de0       0x3a ./Core/Src/main.o
 .debug_macro   0x00016e1a      0x1cb ./Core/Src/stm32f1xx_hal_msp.o
 .debug_macro   0x00016fe5      0x1d5 ./Core/Src/stm32f1xx_it.o
 .debug_macro   0x000171ba      0x112 ./Core/Src/sysmem.o
 .debug_macro   0x000172cc      0x23c ./Core/Src/sysmem.o
 .debug_macro   0x00017508      0x1c1 ./Core/Src/system_stm32f1xx.o
 .debug_macro   0x000176c9      0x2f5 ./Dashboard/Src/Dashboard_prog.o
 .debug_macro   0x000179be       0x16 ./Dashboard/Src/Dashboard_prog.o
 .debug_macro   0x000179d4       0x9e ./Dashboard/Src/Dashboard_prog.o
 .debug_macro   0x00017a72      0x112 ./Dashboard/Src/Dashboard_prog.o
 .debug_macro   0x00017b84       0x16 ./Dashboard/Src/Dashboard_prog.o
 .debug_macro   0x00017b9a       0x56 ./Dashboard/Src/Dashboard_prog.o
 .debug_macro   0x00017bf0       0x1c ./Dashboard/Src/Dashboard_prog.o
 .debug_macro   0x00017c0c      0x1e5 ./Drivers/STM32F1xx_HAL_Driver/Src/stm32f1xx_hal.o
 .debug_macro   0x00017df1      0x1de ./Drivers/STM32F1xx_HAL_Driver/Src/stm32f1xx_hal_adc.o
 .debug_macro   0x00017fcf      0x1d0 ./Drivers/STM32F1xx_HAL_Driver/Src/stm32f1xx_hal_can.o
 .debug_macro   0x0001819f      0x1c1 ./Drivers/STM32F1xx_HAL_Driver/Src/stm32f1xx_hal_cortex.o
 .debug_macro   0x00018360      0x1c1 ./Drivers/STM32F1xx_HAL_Driver/Src/stm32f1xx_hal_dma.o
 .debug_macro   0x00018521      0x22c ./Drivers/STM32F1xx_HAL_Driver/Src/stm32f1xx_hal_gpio.o
 .debug_macro   0x0001874d      0x1d3 ./Drivers/STM32F1xx_HAL_Driver/Src/stm32f1xx_hal_rcc.o
 .debug_macro   0x00018920      0x1c1 ./Drivers/STM32F1xx_HAL_Driver/Src/stm32f1xx_hal_rcc_ex.o
 .debug_macro   0x00018ae1      0x1c2 ./Drivers/STM32F1xx_HAL_Driver/Src/stm32f1xx_hal_tim.o
 .debug_macro   0x00018ca3      0x1c1 ./Drivers/STM32F1xx_HAL_Driver/Src/stm32f1xx_hal_tim_ex.o
 .debug_macro   0x00018e64      0x1c2 ./Drivers/STM32F1xx_HAL_Driver/Src/stm32f1xx_hal_uart.o
 .debug_macro   0x00019026      0x313 ./Nextion/Src/Nextion_prog.o
 .debug_macro   0x00019339       0x16 ./Nextion/Src/Nextion_prog.o
 .debug_macro   0x0001934f      0x2f5 ./PROX/Src/PROX_prog.o

.debug_line     0x00000000    0x12af6
 .debug_line    0x00000000      0xd8e ./Core/Src/main.o
 .debug_line    0x00000d8e      0x8cd ./Core/Src/stm32f1xx_hal_msp.o
 .debug_line    0x0000165b      0x8e5 ./Core/Src/stm32f1xx_it.o
 .debug_line    0x00001f40      0x588 ./Core/Src/sysmem.o
 .debug_line    0x000024c8      0x7c3 ./Core/Src/system_stm32f1xx.o
 .debug_line    0x00002c8b       0x78 ./Core/Startup/startup_stm32f103c8tx.o
 .debug_line    0x00002d03      0xdc4 ./Dashboard/Src/Dashboard_prog.o
 .debug_line    0x00003ac7      0x9f4 ./Drivers/STM32F1xx_HAL_Driver/Src/stm32f1xx_hal.o
 .debug_line    0x000044bb     0x1019 ./Drivers/STM32F1xx_HAL_Driver/Src/stm32f1xx_hal_adc.o
 .debug_line    0x000054d4     0x11ed ./Drivers/STM32F1xx_HAL_Driver/Src/stm32f1xx_hal_can.o
 .debug_line    0x000066c1      0xbbe ./Drivers/STM32F1xx_HAL_Driver/Src/stm32f1xx_hal_cortex.o
 .debug_line    0x0000727f      0xdfe ./Drivers/STM32F1xx_HAL_Driver/Src/stm32f1xx_hal_dma.o
 .debug_line    0x0000807d      0xa51 ./Drivers/STM32F1xx_HAL_Driver/Src/stm32f1xx_hal_gpio.o
 .debug_line    0x00008ace      0xead ./Drivers/STM32F1xx_HAL_Driver/Src/stm32f1xx_hal_rcc.o
 .debug_line    0x0000997b      0x95e ./Drivers/STM32F1xx_HAL_Driver/Src/stm32f1xx_hal_rcc_ex.o
 .debug_line    0x0000a2d9     0x34e2 ./Drivers/STM32F1xx_HAL_Driver/Src/stm32f1xx_hal_tim.o
 .debug_line    0x0000d7bb     0x18b8 ./Drivers/STM32F1xx_HAL_Driver/Src/stm32f1xx_hal_tim_ex.o
 .debug_line    0x0000f073     0x2510 ./Drivers/STM32F1xx_HAL_Driver/Src/stm32f1xx_hal_uart.o
 .debug_line    0x00011583      0xac8 ./Nextion/Src/Nextion_prog.o
 .debug_line    0x0001204b      0xaab ./PROX/Src/PROX_prog.o

.debug_str      0x00000000    0x92af5
 .debug_str     0x00000000    0x92af5 ./Core/Src/main.o
                              0x8ede7 (size before relaxing)
 .debug_str     0x00092af5    0x8b15f ./Core/Src/stm32f1xx_hal_msp.o
 .debug_str     0x00092af5    0x8ad89 ./Core/Src/stm32f1xx_it.o
 .debug_str     0x00092af5     0x7728 ./Core/Src/sysmem.o
 .debug_str     0x00092af5    0x8a32c ./Core/Src/system_stm32f1xx.o
 .debug_str     0x00092af5       0x82 ./Core/Startup/startup_stm32f103c8tx.o
 .debug_str     0x00092af5    0x8f162 ./Dashboard/Src/Dashboard_prog.o
 .debug_str     0x00092af5    0x8aa5f ./Drivers/STM32F1xx_HAL_Driver/Src/stm32f1xx_hal.o
 .debug_str     0x00092af5    0x8aa10 ./Drivers/STM32F1xx_HAL_Driver/Src/stm32f1xx_hal_adc.o
 .debug_str     0x00092af5    0x8ab34 ./Drivers/STM32F1xx_HAL_Driver/Src/stm32f1xx_hal_can.o
 .debug_str     0x00092af5    0x8a9ab ./Drivers/STM32F1xx_HAL_Driver/Src/stm32f1xx_hal_cortex.o
 .debug_str     0x00092af5    0x8a6d5 ./Drivers/STM32F1xx_HAL_Driver/Src/stm32f1xx_hal_dma.o
 .debug_str     0x00092af5    0x8a6b2 ./Drivers/STM32F1xx_HAL_Driver/Src/stm32f1xx_hal_gpio.o
 .debug_str     0x00092af5    0x8a75b ./Drivers/STM32F1xx_HAL_Driver/Src/stm32f1xx_hal_rcc.o
 .debug_str     0x00092af5    0x8a4ab ./Drivers/STM32F1xx_HAL_Driver/Src/stm32f1xx_hal_rcc_ex.o
 .debug_str     0x00092af5    0x8b75d ./Drivers/STM32F1xx_HAL_Driver/Src/stm32f1xx_hal_tim.o
 .debug_str     0x00092af5    0x8af69 ./Drivers/STM32F1xx_HAL_Driver/Src/stm32f1xx_hal_tim_ex.o
 .debug_str     0x00092af5    0x8adcc ./Drivers/STM32F1xx_HAL_Driver/Src/stm32f1xx_hal_uart.o
 .debug_str     0x00092af5    0x8e19b ./Nextion/Src/Nextion_prog.o
 .debug_str     0x00092af5    0x8e581 ./PROX/Src/PROX_prog.o

.comment        0x00000000       0x43
 .comment       0x00000000       0x43 ./Core/Src/main.o
                                 0x44 (size before relaxing)