Archive member included to satisfy reference by file (symbol)

C:/ST/STM32CubeIDE_1.19.0/STM32CubeIDE/plugins/com.st.stm32cube.ide.mcu.externaltools.gnu-tools-for-stm32.13.3.rel1.win32_1.0.0.202411081344/tools/bin/../lib/gcc/arm-none-eabi/13.3.1/../../../../arm-none-eabi/lib/thumb/v7-m/nofp\libc_nano.a(libc_a-exit.o)
                              C:/ST/STM32CubeIDE_1.19.0/STM32CubeIDE/plugins/com.st.stm32cube.ide.mcu.externaltools.gnu-tools-for-stm32.13.3.rel1.win32_1.0.0.202411081344/tools/bin/../lib/gcc/arm-none-eabi/13.3.1/../../../../arm-none-eabi/lib/thumb/v7-m/nofp/crt0.o (exit)
C:/ST/STM32CubeIDE_1.19.0/STM32CubeIDE/plugins/com.st.stm32cube.ide.mcu.externaltools.gnu-tools-for-stm32.13.3.rel1.win32_1.0.0.202411081344/tools/bin/../lib/gcc/arm-none-eabi/13.3.1/../../../../arm-none-eabi/lib/thumb/v7-m/nofp\libc_nano.a(libc_a-findfp.o)
                              C:/ST/STM32CubeIDE_1.19.0/STM32CubeIDE/plugins/com.st.stm32cube.ide.mcu.externaltools.gnu-tools-for-stm32.13.3.rel1.win32_1.0.0.202411081344/tools/bin/../lib/gcc/arm-none-eabi/13.3.1/../../../../arm-none-eabi/lib/thumb/v7-m/nofp\libc_nano.a(libc_a-exit.o) (__stdio_exit_handler)
C:/ST/STM32CubeIDE_1.19.0/STM32CubeIDE/plugins/com.st.stm32cube.ide.mcu.externaltools.gnu-tools-for-stm32.13.3.rel1.win32_1.0.0.202411081344/tools/bin/../lib/gcc/arm-none-eabi/13.3.1/../../../../arm-none-eabi/lib/thumb/v7-m/nofp\libc_nano.a(libc_a-fwalk.o)
                              C:/ST/STM32CubeIDE_1.19.0/STM32CubeIDE/plugins/com.st.stm32cube.ide.mcu.externaltools.gnu-tools-for-stm32.13.3.rel1.win32_1.0.0.202411081344/tools/bin/../lib/gcc/arm-none-eabi/13.3.1/../../../../arm-none-eabi/lib/thumb/v7-m/nofp\libc_nano.a(libc_a-findfp.o) (_fwalk_sglue)
C:/ST/STM32CubeIDE_1.19.0/STM32CubeIDE/plugins/com.st.stm32cube.ide.mcu.externaltools.gnu-tools-for-stm32.13.3.rel1.win32_1.0.0.202411081344/tools/bin/../lib/gcc/arm-none-eabi/13.3.1/../../../../arm-none-eabi/lib/thumb/v7-m/nofp\libc_nano.a(libc_a-sprintf.o)
                              ./Dashboard/Src/Dashboard_prog.o (sprintf)
C:/ST/STM32CubeIDE_1.19.0/STM32CubeIDE/plugins/com.st.stm32cube.ide.mcu.externaltools.gnu-tools-for-stm32.13.3.rel1.win32_1.0.0.202411081344/tools/bin/../lib/gcc/arm-none-eabi/13.3.1/../../../../arm-none-eabi/lib/thumb/v7-m/nofp\libc_nano.a(libc_a-stdio.o)
                              C:/ST/STM32CubeIDE_1.19.0/STM32CubeIDE/plugins/com.st.stm32cube.ide.mcu.externaltools.gnu-tools-for-stm32.13.3.rel1.win32_1.0.0.202411081344/tools/bin/../lib/gcc/arm-none-eabi/13.3.1/../../../../arm-none-eabi/lib/thumb/v7-m/nofp\libc_nano.a(libc_a-findfp.o) (__sread)
C:/ST/STM32CubeIDE_1.19.0/STM32CubeIDE/plugins/com.st.stm32cube.ide.mcu.externaltools.gnu-tools-for-stm32.13.3.rel1.win32_1.0.0.202411081344/tools/bin/../lib/gcc/arm-none-eabi/13.3.1/../../../../arm-none-eabi/lib/thumb/v7-m/nofp\libc_nano.a(libc_a-memset.o)
                              C:/ST/STM32CubeIDE_1.19.0/STM32CubeIDE/plugins/com.st.stm32cube.ide.mcu.externaltools.gnu-tools-for-stm32.13.3.rel1.win32_1.0.0.202411081344/tools/bin/../lib/gcc/arm-none-eabi/13.3.1/../../../../arm-none-eabi/lib/thumb/v7-m/nofp/crt0.o (memset)
C:/ST/STM32CubeIDE_1.19.0/STM32CubeIDE/plugins/com.st.stm32cube.ide.mcu.externaltools.gnu-tools-for-stm32.13.3.rel1.win32_1.0.0.202411081344/tools/bin/../lib/gcc/arm-none-eabi/13.3.1/../../../../arm-none-eabi/lib/thumb/v7-m/nofp\libc_nano.a(libc_a-closer.o)
                              C:/ST/STM32CubeIDE_1.19.0/STM32CubeIDE/plugins/com.st.stm32cube.ide.mcu.externaltools.gnu-tools-for-stm32.13.3.rel1.win32_1.0.0.202411081344/tools/bin/../lib/gcc/arm-none-eabi/13.3.1/../../../../arm-none-eabi/lib/thumb/v7-m/nofp\libc_nano.a(libc_a-stdio.o) (_close_r)
C:/ST/STM32CubeIDE_1.19.0/STM32CubeIDE/plugins/com.st.stm32cube.ide.mcu.externaltools.gnu-tools-for-stm32.13.3.rel1.win32_1.0.0.202411081344/tools/bin/../lib/gcc/arm-none-eabi/13.3.1/../../../../arm-none-eabi/lib/thumb/v7-m/nofp\libc_nano.a(libc_a-reent.o)
                              C:/ST/STM32CubeIDE_1.19.0/STM32CubeIDE/plugins/com.st.stm32cube.ide.mcu.externaltools.gnu-tools-for-stm32.13.3.rel1.win32_1.0.0.202411081344/tools/bin/../lib/gcc/arm-none-eabi/13.3.1/../../../../arm-none-eabi/lib/thumb/v7-m/nofp\libc_nano.a(libc_a-closer.o) (errno)
C:/ST/STM32CubeIDE_1.19.0/STM32CubeIDE/plugins/com.st.stm32cube.ide.mcu.externaltools.gnu-tools-for-stm32.13.3.rel1.win32_1.0.0.202411081344/tools/bin/../lib/gcc/arm-none-eabi/13.3.1/../../../../arm-none-eabi/lib/thumb/v7-m/nofp\libc_nano.a(libc_a-impure.o)
                              C:/ST/STM32CubeIDE_1.19.0/STM32CubeIDE/plugins/com.st.stm32cube.ide.mcu.externaltools.gnu-tools-for-stm32.13.3.rel1.win32_1.0.0.202411081344/tools/bin/../lib/gcc/arm-none-eabi/13.3.1/../../../../arm-none-eabi/lib/thumb/v7-m/nofp\libc_nano.a(libc_a-sprintf.o) (_impure_ptr)
[...]
Memory Configuration

Name             Origin             Length             Attributes
RAM              0x20000000         0x00005000         xrw
FLASH            0x08000000         0x00010000         xr
*default*        0x00000000         0xffffffff

Linker script and memory map

LOAD C:/ST/STM32CubeIDE_1.19.0/STM32CubeIDE/plugins/com.st.stm32cube.ide.mcu.externaltools.gnu-tools-for-stm32.13.3.rel1.win32_1.0.0.202411081344/tools/bin/../lib/gcc/arm-none-eabi/13.3.1/thumb/v7-m/nofp/crti.o
LOAD C:/ST/STM32CubeIDE_1.19.0/STM32CubeIDE/plugins/com.st.stm32cube.ide.mcu.externaltools.gnu-tools-for-stm32.13.3.rel1.win32_1.0.0.202411081344/tools/bin/../lib/gcc/arm-none-eabi/13.3.1/thumb/v7-m/nofp/crtbegin.o
LOAD C:/ST/STM32CubeIDE_1.19.0/STM32CubeIDE/plugins/com.st.stm32cube.ide.mcu.externaltools.gnu-tools-for-stm32.13.3.rel1.win32_1.0.0.202411081344/tools/bin/../lib/gcc/arm-none-eabi/13.3.1/../../../../arm-none-eabi/lib/thumb/v7-m/nofp/crt0.o
LOAD ./Core/Src/main.o
LOAD ./Core/Src/stm32f1xx_hal_msp.o
LOAD ./Core/Src/stm32f1xx_it.o
LOAD ./Core/Src/syscalls.o
LOAD ./Core/Src/sysmem.o
LOAD ./Core/Src/system_stm32f1xx.o
LOAD ./Core/Startup/startup_stm32f103c8tx.o
LOAD ./Dashboard/Src/Dashboard_prog.o
LOAD ./Drivers/STM32F1xx_HAL_Driver/Src/stm32f1xx_hal.o
LOAD ./Drivers/STM32F1xx_HAL_Driver/Src/stm32f1xx_hal_adc.o
LOAD ./Drivers/STM32F1xx_HAL_Driver/Src/stm32f1xx_hal_adc_ex.o
LOAD ./Drivers/STM32F1xx_HAL_Driver/Src/stm32f1xx_hal_can.o
LOAD ./Drivers/STM32F1xx_HAL_Driver/Src/stm32f1xx_hal_cortex.o
LOAD ./Drivers/STM32F1xx_HAL_Driver/Src/stm32f1xx_hal_dma.o
LOAD ./Drivers/STM32F1xx_HAL_Driver/Src/stm32f1xx_hal_exti.o
LOAD ./Drivers/STM32F1xx_HAL_Driver/Src/stm32f1xx_hal_flash.o
LOAD ./Drivers/STM32F1xx_HAL_Driver/Src/stm32f1xx_hal_flash_ex.o
LOAD ./Drivers/STM32F1xx_HAL_Driver/Src/stm32f1xx_hal_gpio.o
LOAD ./Drivers/STM32F1xx_HAL_Driver/Src/stm32f1xx_hal_gpio_ex.o
LOAD ./Drivers/STM32F1xx_HAL_Driver/Src/stm32f1xx_hal_pwr.o
LOAD ./Drivers/STM32F1xx_HAL_Driver/Src/stm32f1xx_hal_rcc.o
LOAD ./Drivers/STM32F1xx_HAL_Driver/Src/stm32f1xx_hal_rcc_ex.o
LOAD ./Drivers/STM32F1xx_HAL_Driver/Src/stm32f1xx_hal_tim.o
LOAD ./Drivers/STM32F1xx_HAL_Driver/Src/stm32f1xx_hal_tim_ex.o
LOAD ./Drivers/STM32F1xx_HAL_Driver/Src/stm32f1xx_hal_uart.o
LOAD ./Nextion/Src/Nextion_prog.o
LOAD ./PROX/Src/PROX_prog.o
START GROUP
LOAD C:/ST/STM32CubeIDE_1.19.0/STM32CubeIDE/plugins/com.st.stm32cube.ide.mcu.externaltools.gnu-tools-for-stm32.13.3.rel1.win32_1.0.0.202411081344/tools/bin/../lib/gcc/arm-none-eabi/13.3.1/../../../../arm-none-eabi/lib/thumb/v7-m/nofp\libc_nano.a
LOAD C:/ST/STM32CubeIDE_1.19.0/STM32CubeIDE/plugins/com.st.stm32cube.ide.mcu.externaltools.gnu-tools-for-stm32.13.3.rel1.win32_1.0.0.202411081344/tools/bin/../lib/gcc/arm-none-eabi/13.3.1/../../../../arm-none-eabi/lib/thumb/v7-m/nofp\libm.a
END GROUP
START GROUP
LOAD C:/ST/STM32CubeIDE_1.19.0/STM32CubeIDE/plugins/com.st.stm32cube.ide.mcu.externaltools.gnu-tools-for-stm32.13.3.rel1.win32_1.0.0.202411081344/tools/bin/../lib/gcc/arm-none-eabi/13.3.1/thumb/v7-m/nofp\libgcc.a
LOAD C:/ST/STM32CubeIDE_1.19.0/STM32CubeIDE/plugins/com.st.stm32cube.ide.mcu.externaltools.gnu-tools-for-stm32.13.3.rel1.win32_1.0.0.202411081344/tools/bin/../lib/gcc/arm-none-eabi/13.3.1/../../../../arm-none-eabi/lib/thumb/v7-m/nofp\libc_nano.a
END GROUP
START GROUP
LOAD C:/ST/STM32CubeIDE_1.19.0/STM32CubeIDE/plugins/com.st.stm32cube.ide.mcu.externaltools.gnu-tools-for-stm32.13.3.rel1.win32_1.0.0.202411081344/tools/bin/../lib/gcc/arm-none-eabi/13.3.1/thumb/v7-m/nofp\libgcc.a
LOAD C:/ST/STM32CubeIDE_1.19.0/STM32CubeIDE/plugins/com.st.stm32cube.ide.mcu.externaltools.gnu-tools-for-stm32.13.3.rel1.win32_1.0.0.202411081344/tools/bin/../lib/gcc/arm-none-eabi/13.3.1/../../../../arm-none-eabi/lib/thumb/v7-m/nofp\libc_nano.a
LOAD C:/ST/STM32CubeIDE_1.19.0/STM32CubeIDE/plugins/com.st.stm32cube.ide.mcu.externaltools.gnu-tools-for-stm32.13.3.rel1.win32_1.0.0.202411081344/tools/bin/../lib/gcc/arm-none-eabi/13.3.1/../../../../arm-none-eabi/lib/thumb/v7-m/nofp\libnosys.a
END GROUP
START GROUP
LOAD C:/ST/STM32CubeIDE_1.19.0/STM32CubeIDE/plugins/com.st.stm32cube.ide.mcu.externaltools.gnu-tools-for-stm32.13.3.rel1.win32_1.0.0.202411081344/tools/bin/../lib/gcc/arm-none-eabi/13.3.1/thumb/v7-m/nofp\libgcc.a
LOAD C:/ST/STM32CubeIDE_1.19.0/STM32CubeIDE/plugins/com.st.stm32cube.ide.mcu.externaltools.gnu-tools-for-stm32.13.3.rel1.win32_1.0.0.202411081344/tools/bin/../lib/gcc/arm-none-eabi/13.3.1/../../../../arm-none-eabi/lib/thumb/v7-m/nofp\libc_nano.a
LOAD C:/ST/STM32CubeIDE_1.19.0/STM32CubeIDE/plugins/com.st.stm32cube.ide.mcu.externaltools.gnu-tools-for-stm32.13.3.rel1.win32_1.0.0.202411081344/tools/bin/../lib/gcc/arm-none-eabi/13.3.1/../../../../arm-none-eabi/lib/thumb/v7-m/nofp\libnosys.a
END GROUP
LOAD C:/ST/STM32CubeIDE_1.19.0/STM32CubeIDE/plugins/com.st.stm32cube.ide.mcu.externaltools.gnu-tools-for-stm32.13.3.rel1.win32_1.0.0.202411081344/tools/bin/../lib/gcc/arm-none-eabi/13.3.1/thumb/v7-m/nofp/crtend.o
LOAD C:/ST/STM32CubeIDE_1.19.0/STM32CubeIDE/plugins/com.st.stm32cube.ide.mcu.externaltools.gnu-tools-for-stm32.13.3.rel1.win32_1.0.0.202411081344/tools/bin/../lib/gcc/arm-none-eabi/13.3.1/thumb/v7-m/nofp/crtn.o
                0x20005000                        _estack = (ORIGIN (RAM) + LENGTH (RAM))
                0x00000200                        _Min_Heap_Size = 0x200
                0x00000400                        _Min_Stack_Size = 0x400

.isr_vector     0x08000000      0x10c
                0x08000000                        . = ALIGN (0x4)
 *(.isr_vector)
 .isr_vector    0x08000000      0x10c ./Core/Startup/startup_stm32f103c8tx.o
                0x08000000                g_pfnVectors
                0x0800010c                        . = ALIGN (0x4)

.text           0x08000110     0x7448
                0x08000110                        . = ALIGN (0x4)
 *(.text)
 .text          0x08000110       0x40 C:/ST/STM32CubeIDE_1.19.0/STM32CubeIDE/plugins/com.st.stm32cube.ide.mcu.externaltools.gnu-tools-for-stm32.13.3.rel1.win32_1.0.0.202411081344/tools/bin/../lib/gcc/arm-none-eabi/13.3.1/thumb/v7-m/nofp/crtbegin.o
 .text          0x08000150      0x378 C:/ST/STM32CubeIDE_1.19.0/STM32CubeIDE/plugins/com.st.stm32cube.ide.mcu.externaltools.gnu-tools-for-stm32.13.3.rel1.win32_1.0.0.202411081344/tools/bin/../lib/gcc/arm-none-eabi/13.3.1/thumb/v7-m/nofp\libgcc.a(_arm_addsubdf3.o)
                0x08000150                __aeabi_drsub
                0x08000158                __aeabi_dsub
                0x08000158                __subdf3
                0x0800015c                __aeabi_dadd
                0x0800015c                __adddf3
                0x080003d4                __floatunsidf
                0x080003d4                __aeabi_ui2d
                0x080003f4                __floatsidf
                0x080003f4                __aeabi_i2d
                0x08000418                __aeabi_f2d
                0x08000418                __extendsfdf2
                0x0800045c                __floatundidf
                0x0800045c                __aeabi_ul2d
                0x0800046c                __floatdidf
                0x0800046c                __aeabi_l2d
 .text          0x080004c8      0x424 C:/ST/STM32CubeIDE_1.19.0/STM32CubeIDE/plugins/com.st.stm32cube.ide.mcu.externaltools.gnu-tools-for-stm32.13.3.rel1.win32_1.0.0.202411081344/tools/bin/../lib/gcc/arm-none-eabi/13.3.1/thumb/v7-m/nofp\libgcc.a(_arm_muldivdf3.o)
                0x080004c8                __aeabi_dmul
                0x080004c8                __muldf3
                0x0800071c                __divdf3
                0x0800071c                __aeabi_ddiv
 .text          0x080008ec      0x110 C:/ST/STM32CubeIDE_1.19.0/STM32CubeIDE/plugins/com.st.stm32cube.ide.mcu.externaltools.gnu-tools-for-stm32.13.3.rel1.win32_1.0.0.202411081344/tools/bin/../lib/gcc/arm-none-eabi/13.3.1/thumb/v7-m/nofp\libgcc.a(_arm_cmpdf2.o)
                0x080008ec                __gtdf2
                0x080008ec                __gedf2
                0x080008f4                __ltdf2
                0x080008f4                __ledf2
                0x080008fc                __nedf2
                0x080008fc                __eqdf2
                0x080008fc                __cmpdf2
                0x08000978                __aeabi_cdrcmple
                0x08000988                __aeabi_cdcmpeq
                0x08000988                __aeabi_cdcmple
                0x08000998                __aeabi_dcmpeq
                0x080009ac                __aeabi_dcmplt
                0x080009c0                __aeabi_dcmple
                0x080009d4                __aeabi_dcmpge
                0x080009e8                __aeabi_dcmpgt
 .text          0x080009fc       0x40 C:/ST/STM32CubeIDE_1.19.0/STM32CubeIDE/plugins/com.st.stm32cube.ide.mcu.externaltools.gnu-tools-for-stm32.13.3.rel1.win32_1.0.0.202411081344/tools/bin/../lib/gcc/arm-none-eabi/13.3.1/thumb/v7-m/nofp\libgcc.a(_arm_fixunsdfsi.o)
                0x080009fc                __aeabi_d2uiz
                0x080009fc                __fixunsdfsi
 .text          0x08000a3c       0xa0 C:/ST/STM32CubeIDE_1.19.0/STM32CubeIDE/plugins/com.st.stm32cube.ide.mcu.externaltools.gnu-tools-for-stm32.13.3.rel1.win32_1.0.0.202411081344/tools/bin/../lib/gcc/arm-none-eabi/13.3.1/thumb/v7-m/nofp\libgcc.a(_arm_truncdfsf2.o)
                0x08000a3c                __truncdfsf2
                0x08000a3c                __aeabi_d2f
 .text          0x08000adc      0x21c C:/ST/STM32CubeIDE_1.19.0/STM32CubeIDE/plugins/com.st.stm32cube.ide.mcu.externaltools.gnu-tools-for-stm32.13.3.rel1.win32_1.0.0.202411081344/tools/bin/../lib/gcc/arm-none-eabi/13.3.1/thumb/v7-m/nofp\libgcc.a(_arm_addsubsf3.o)
                0x08000adc                __aeabi_frsub
                0x08000ae4                __subsf3
                0x08000ae4                __aeabi_fsub
                0x08000ae8                __aeabi_fadd
                0x08000ae8                __addsf3
                0x08000c48                __aeabi_ui2f
                0x08000c48                __floatunsisf
                0x08000c50                __aeabi_i2f
                0x08000c50                __floatsisf
                0x08000c6c                __aeabi_ul2f
                0x08000c6c                __floatundisf
                0x08000c7c                __aeabi_l2f
                0x08000c7c                __floatdisf
 .text          0x08000cf8      0x2a0 C:/ST/STM32CubeIDE_1.19.0/STM32CubeIDE/plugins/com.st.stm32cube.ide.mcu.externaltools.gnu-tools-for-stm32.13.3.rel1.win32_1.0.0.202411081344/tools/bin/../lib/gcc/arm-none-eabi/13.3.1/thumb/v7-m/nofp\libgcc.a(_arm_muldivsf3.o)
                0x08000cf8                __mulsf3
                0x08000cf8                __aeabi_fmul
                0x08000e60                __aeabi_fdiv
                0x08000e60                __divsf3
 .text          0x08000f98       0x40 C:/ST/STM32CubeIDE_1.19.0/STM32CubeIDE/plugins/com.st.stm32cube.ide.mcu.externaltools.gnu-tools-for-stm32.13.3.rel1.win32_1.0.0.202411081344/tools/bin/../lib/gcc/arm-none-eabi/13.3.1/thumb/v7-m/nofp\libgcc.a(_arm_fixunssfsi.o)
                0x08000f98                __fixunssfsi
                0x08000f98                __aeabi_f2uiz
 *(.text*)
 .text.HAL_CAN_RxFifo0MsgPendingCallback
                0x08000fd8       0x16 ./Core/Src/main.o
                0x08000fd8                HAL_CAN_RxFifo0MsgPendingCallback
 *fill*         0x08000fee        0x2 
 .text.HAL_GPIO_EXTI_Callback
                0x08000ff0       0x80 ./Core/Src/main.o
                0x08000ff0                HAL_GPIO_EXTI_Callback
 .text.HAL_TIM_IC_CaptureCallback
                0x08001070       0x28 ./Core/Src/main.o
                0x08001070                HAL_TIM_IC_CaptureCallback
 .text.HAL_TIM_PeriodElapsedCallback
                0x08001098       0x5c ./Core/Src/main.o
                0x08001098                HAL_TIM_PeriodElapsedCallback
 .text.main     0x080010f4       0x3a ./Core/Src/main.o
                0x080010f4                main
 .text.SystemClock_Config
                0x0800112e       0xb6 ./Core/Src/main.o
                0x0800112e                SystemClock_Config
 .text.MX_ADC1_Init
                0x080011e4       0x7c ./Core/Src/main.o
 .text.MX_CAN_Init
                0x08001260       0xa0 ./Core/Src/main.o
 .text.MX_TIM1_Init
                0x08001300       0xa4 ./Core/Src/main.o
 .text.MX_TIM2_Init
                0x080013a4       0xa0 ./Core/Src/main.o
 .text.MX_TIM3_Init
                0x08001444       0xf8 ./Core/Src/main.o
 .text.MX_TIM4_Init
                0x0800153c       0x9c ./Core/Src/main.o
 .text.MX_USART1_UART_Init
                0x080015d8       0x54 ./Core/Src/main.o
 .text.MX_GPIO_Init
                0x0800162c      0x170 ./Core/Src/main.o
 .text.Error_Handler
                0x0800179c        0xc ./Core/Src/main.o
                0x0800179c                Error_Handler
 .text.HAL_MspInit
                0x080017a8       0x64 ./Core/Src/stm32f1xx_hal_msp.o
                0x080017a8                HAL_MspInit
 .text.HAL_ADC_MspInit
                0x0800180c       0x78 ./Core/Src/stm32f1xx_hal_msp.o
                0x0800180c                HAL_ADC_MspInit
 .text.HAL_CAN_MspInit
                0x08001884       0xb8 ./Core/Src/stm32f1xx_hal_msp.o
                0x08001884                HAL_CAN_MspInit
 .text.HAL_TIM_Base_MspInit
                0x0800193c      0x148 ./Core/Src/stm32f1xx_hal_msp.o
                0x0800193c                HAL_TIM_Base_MspInit
 .text.HAL_UART_MspInit
                0x08001a84       0xa8 ./Core/Src/stm32f1xx_hal_msp.o
                0x08001a84                HAL_UART_MspInit
 .text.NMI_Handler
                0x08001b2c        0x8 ./Core/Src/stm32f1xx_it.o
                0x08001b2c                NMI_Handler
 .text.HardFault_Handler
                0x08001b34        0x8 ./Core/Src/stm32f1xx_it.o
                0x08001b34                HardFault_Handler
 .text.MemManage_Handler
                0x08001b3c        0x8 ./Core/Src/stm32f1xx_it.o
                0x08001b3c                MemManage_Handler
 .text.BusFault_Handler
                0x08001b44        0x8 ./Core/Src/stm32f1xx_it.o
                0x08001b44                BusFault_Handler
 .text.UsageFault_Handler
                0x08001b4c        0x8 ./Core/Src/stm32f1xx_it.o
                0x08001b4c                UsageFault_Handler
 .text.SVC_Handler
                0x08001b54        0xc ./Core/Src/stm32f1xx_it.o
                0x08001b54                SVC_Handler
 .text.DebugMon_Handler
                0x08001b60        0xc ./Core/Src/stm32f1xx_it.o
                0x08001b60                DebugMon_Handler
 .text.PendSV_Handler
                0x08001b6c        0xc ./Core/Src/stm32f1xx_it.o
                0x08001b6c                PendSV_Handler
 .text.SysTick_Handler
                0x08001b78        0xc ./Core/Src/stm32f1xx_it.o
                0x08001b78                SysTick_Handler
 .text.EXTI0_IRQHandler
                0x08001b84        0xe ./Core/Src/stm32f1xx_it.o
                0x08001b84                EXTI0_IRQHandler
 .text.EXTI1_IRQHandler
                0x08001b92        0xe ./Core/Src/stm32f1xx_it.o
                0x08001b92                EXTI1_IRQHandler
 .text.USB_LP_CAN1_RX0_IRQHandler
                0x08001ba0       0x14 ./Core/Src/stm32f1xx_it.o
                0x08001ba0                USB_LP_CAN1_RX0_IRQHandler
 .text.CAN1_RX1_IRQHandler
                0x08001bb4       0x14 ./Core/Src/stm32f1xx_it.o
                0x08001bb4                CAN1_RX1_IRQHandler
 .text.EXTI9_5_IRQHandler
                0x08001bc8       0x10 ./Core/Src/stm32f1xx_it.o
                0x08001bc8                EXTI9_5_IRQHandler
 .text.TIM1_UP_IRQHandler
                0x08001bd8       0x14 ./Core/Src/stm32f1xx_it.o
                0x08001bd8                TIM1_UP_IRQHandler
 .text.TIM3_IRQHandler
                0x08001bec       0x14 ./Core/Src/stm32f1xx_it.o
                0x08001bec                TIM3_IRQHandler
 .text.TIM4_IRQHandler
                0x08001c00       0x14 ./Core/Src/stm32f1xx_it.o
                0x08001c00                TIM4_IRQHandler
 .text.USART1_IRQHandler
                0x08001c14       0x14 ./Core/Src/stm32f1xx_it.o
                0x08001c14                USART1_IRQHandler
 .text.EXTI15_10_IRQHandler
                0x08001c28       0x20 ./Core/Src/stm32f1xx_it.o
                0x08001c28                EXTI15_10_IRQHandler
 .text._sbrk    0x08001c48       0x6c ./Core/Src/sysmem.o
                0x08001c48                _sbrk
 .text.SystemInit
                0x08001cb4        0xc ./Core/Src/system_stm32f1xx.o
                0x08001cb4                SystemInit
 .text.Reset_Handler
                0x08001cc0       0x48 ./Core/Startup/startup_stm32f103c8tx.o
                0x08001cc0                Reset_Handler
 .text.Default_Handler
                0x08001d08        0x2 ./Core/Startup/startup_stm32f103c8tx.o
                0x08001d08                RTC_Alarm_IRQHandler
                0x08001d08                EXTI2_IRQHandler
                0x08001d08                TIM1_CC_IRQHandler
                0x08001d08                PVD_IRQHandler
                0x08001d08                EXTI3_IRQHandler
                0x08001d08                I2C2_EV_IRQHandler
                0x08001d08                ADC1_2_IRQHandler
                0x08001d08                SPI1_IRQHandler
                0x08001d08                TAMPER_IRQHandler
                0x08001d08                DMA1_Channel4_IRQHandler
                0x08001d08                USART3_IRQHandler
                0x08001d08                RTC_IRQHandler
                0x08001d08                DMA1_Channel7_IRQHandler
                0x08001d08                I2C1_EV_IRQHandler
                0x08001d08                DMA1_Channel6_IRQHandler
                0x08001d08                RCC_IRQHandler
                0x08001d08                TIM1_TRG_COM_IRQHandler
                0x08001d08                DMA1_Channel1_IRQHandler
                0x08001d08                Default_Handler
                0x08001d08                SPI2_IRQHandler
                0x08001d08                DMA1_Channel5_IRQHandler
                0x08001d08                EXTI4_IRQHandler
                0x08001d08                USB_HP_CAN1_TX_IRQHandler
                0x08001d08                DMA1_Channel3_IRQHandler
                0x08001d08                WWDG_IRQHandler
                0x08001d08                TIM2_IRQHandler
                0x08001d08                TIM1_BRK_IRQHandler
                0x08001d08                USART2_IRQHandler
                0x08001d08                I2C2_ER_IRQHandler
                0x08001d08                DMA1_Channel2_IRQHandler
                0x08001d08                CAN1_SCE_IRQHandler
                0x08001d08                FLASH_IRQHandler
                0x08001d08                I2C1_ER_IRQHandler
                0x08001d08                USBWakeUp_IRQHandler
 *fill*         0x08001d0a        0x2 
 .text.Dashboard_Init
                0x08001d0c      0x254 ./Dashboard/Src/Dashboard_prog.o
                0x08001d0c                Dashboard_Init
 .text.LabTimer_CallBack_ISR
                0x08001f60      0x14c ./Dashboard/Src/Dashboard_prog.o
                0x08001f60                LabTimer_CallBack_ISR
 .text.LabTimerStoped
                0x080020ac       0xe4 ./Dashboard/Src/Dashboard_prog.o
                0x080020ac                LabTimerStoped
 .text.LabTimer_Buttons_Callback
                0x08002190      0x114 ./Dashboard/Src/Dashboard_prog.o
                0x08002190                LabTimer_Buttons_Callback
 .text.Debouncing_CallBack
                0x080022a4       0x70 ./Dashboard/Src/Dashboard_prog.o
                0x080022a4                Debouncing_CallBack
 .text.CAN_Message
                0x08002314      0x5d0 ./Dashboard/Src/Dashboard_prog.o
                0x08002314                CAN_Message
 .text.Nextion_NextPage
                0x080028e4       0xac ./Dashboard/Src/Dashboard_prog.o
                0x080028e4                Nextion_NextPage
 .text.Nextion_PrevPage
                0x08002990       0xac ./Dashboard/Src/Dashboard_prog.o
                0x08002990                Nextion_PrevPage
 .text.Dashboard_CheckCAN
                0x08002a3c       0x78 ./Dashboard/Src/Dashboard_prog.o
                0x08002a3c                Dashboard_CheckCAN
 .text.HAL_Init
                0x08002ab4       0x2c ./Drivers/STM32F1xx_HAL_Driver/Src/stm32f1xx_hal.o
                0x08002ab4                HAL_Init
 .text.HAL_InitTick
                0x08002ae0       0x60 ./Drivers/STM32F1xx_HAL_Driver/Src/stm32f1xx_hal.o
                0x08002ae0                HAL_InitTick
 .text.HAL_IncTick
                0x08002b40       0x24 ./Drivers/STM32F1xx_HAL_Driver/Src/stm32f1xx_hal.o
                0x08002b40                HAL_IncTick
 .text.HAL_GetTick
                0x08002b64       0x14 ./Drivers/STM32F1xx_HAL_Driver/Src/stm32f1xx_hal.o
                0x08002b64                HAL_GetTick
 .text.HAL_ADC_Init
                0x08002b78      0x1b0 ./Drivers/STM32F1xx_HAL_Driver/Src/stm32f1xx_hal_adc.o
                0x08002b78                HAL_ADC_Init
 .text.HAL_ADC_ConfigChannel
                0x08002d28      0x1f0 ./Drivers/STM32F1xx_HAL_Driver/Src/stm32f1xx_hal_adc.o
                0x08002d28                HAL_ADC_ConfigChannel
 .text.ADC_ConversionStop_Disable
                0x08002f18       0x82 ./Drivers/STM32F1xx_HAL_Driver/Src/stm32f1xx_hal_adc.o
                0x08002f18                ADC_ConversionStop_Disable
 .text.HAL_CAN_Init
                0x08002f9a      0x1f6 ./Drivers/STM32F1xx_HAL_Driver/Src/stm32f1xx_hal_can.o
                0x08002f9a                HAL_CAN_Init
 .text.HAL_CAN_ConfigFilter
                0x08003190      0x192 ./Drivers/STM32F1xx_HAL_Driver/Src/stm32f1xx_hal_can.o
                0x08003190                HAL_CAN_ConfigFilter
 .text.HAL_CAN_Start
                0x08003322       0x88 ./Drivers/STM32F1xx_HAL_Driver/Src/stm32f1xx_hal_can.o
                0x08003322                HAL_CAN_Start
 .text.HAL_CAN_GetRxMessage
                0x080033aa      0x242 ./Drivers/STM32F1xx_HAL_Driver/Src/stm32f1xx_hal_can.o
                0x080033aa                HAL_CAN_GetRxMessage
 .text.HAL_CAN_ActivateNotification
                0x080035ec       0x4a ./Drivers/STM32F1xx_HAL_Driver/Src/stm32f1xx_hal_can.o
                0x080035ec                HAL_CAN_ActivateNotification
 .text.HAL_CAN_IRQHandler
                0x08003636      0x36e ./Drivers/STM32F1xx_HAL_Driver/Src/stm32f1xx_hal_can.o
                0x08003636                HAL_CAN_IRQHandler
 .text.HAL_CAN_TxMailbox0CompleteCallback
                0x080039a4       0x12 ./Drivers/STM32F1xx_HAL_Driver/Src/stm32f1xx_hal_can.o
                0x080039a4                HAL_CAN_TxMailbox0CompleteCallback
 .text.HAL_CAN_TxMailbox1CompleteCallback
                0x080039b6       0x12 ./Drivers/STM32F1xx_HAL_Driver/Src/stm32f1xx_hal_can.o
                0x080039b6                HAL_CAN_TxMailbox1CompleteCallback
 .text.HAL_CAN_TxMailbox2CompleteCallback
                0x080039c8       0x12 ./Drivers/STM32F1xx_HAL_Driver/Src/stm32f1xx_hal_can.o
                0x080039c8                HAL_CAN_TxMailbox2CompleteCallback
 .text.HAL_CAN_TxMailbox0AbortCallback
                0x080039da       0x12 ./Drivers/STM32F1xx_HAL_Driver/Src/stm32f1xx_hal_can.o
                0x080039da                HAL_CAN_TxMailbox0AbortCallback
 .text.HAL_CAN_TxMailbox1AbortCallback
                0x080039ec       0x12 ./Drivers/STM32F1xx_HAL_Driver/Src/stm32f1xx_hal_can.o
                0x080039ec                HAL_CAN_TxMailbox1AbortCallback
 .text.HAL_CAN_TxMailbox2AbortCallback
                0x080039fe       0x12 ./Drivers/STM32F1xx_HAL_Driver/Src/stm32f1xx_hal_can.o
                0x080039fe                HAL_CAN_TxMailbox2AbortCallback
 .text.HAL_CAN_RxFifo0FullCallback
                0x08003a10       0x12 ./Drivers/STM32F1xx_HAL_Driver/Src/stm32f1xx_hal_can.o
                0x08003a10                HAL_CAN_RxFifo0FullCallback
 .text.HAL_CAN_RxFifo1MsgPendingCallback
                0x08003a22       0x12 ./Drivers/STM32F1xx_HAL_Driver/Src/stm32f1xx_hal_can.o
                0x08003a22                HAL_CAN_RxFifo1MsgPendingCallback
 .text.HAL_CAN_RxFifo1FullCallback
                0x08003a34       0x12 ./Drivers/STM32F1xx_HAL_Driver/Src/stm32f1xx_hal_can.o
                0x08003a34                HAL_CAN_RxFifo1FullCallback
 .text.HAL_CAN_SleepCallback
                0x08003a46       0x12 ./Drivers/STM32F1xx_HAL_Driver/Src/stm32f1xx_hal_can.o
                0x08003a46                HAL_CAN_SleepCallback
 .text.HAL_CAN_WakeUpFromRxMsgCallback
                0x08003a58       0x12 ./Drivers/STM32F1xx_HAL_Driver/Src/stm32f1xx_hal_can.o
                0x08003a58                HAL_CAN_WakeUpFromRxMsgCallback
 .text.HAL_CAN_ErrorCallback
                0x08003a6a       0x12 ./Drivers/STM32F1xx_HAL_Driver/Src/stm32f1xx_hal_can.o
                0x08003a6a                HAL_CAN_ErrorCallback
 .text.__NVIC_SetPriorityGrouping
                0x08003a7c       0x48 ./Drivers/STM32F1xx_HAL_Driver/Src/stm32f1xx_hal_cortex.o
 .text.__NVIC_GetPriorityGrouping
                0x08003ac4       0x1c ./Drivers/STM32F1xx_HAL_Driver/Src/stm32f1xx_hal_cortex.o
 .text.__NVIC_EnableIRQ
                0x08003ae0       0x38 ./Drivers/STM32F1xx_HAL_Driver/Src/stm32f1xx_hal_cortex.o
 .text.__NVIC_DisableIRQ
                0x08003b18       0x48 ./Drivers/STM32F1xx_HAL_Driver/Src/stm32f1xx_hal_cortex.o
 .text.__NVIC_SetPriority
                0x08003b60       0x54 ./Drivers/STM32F1xx_HAL_Driver/Src/stm32f1xx_hal_cortex.o
 .text.NVIC_EncodePriority
                0x08003bb4       0x64 ./Drivers/STM32F1xx_HAL_Driver/Src/stm32f1xx_hal_cortex.o
 .text.SysTick_Config
                0x08003c18       0x44 ./Drivers/STM32F1xx_HAL_Driver/Src/stm32f1xx_hal_cortex.o
 .text.HAL_NVIC_SetPriorityGrouping
                0x08003c5c       0x16 ./Drivers/STM32F1xx_HAL_Driver/Src/stm32f1xx_hal_cortex.o
                0x08003c5c                HAL_NVIC_SetPriorityGrouping
 .text.HAL_NVIC_SetPriority
                0x08003c72       0x38 ./Drivers/STM32F1xx_HAL_Driver/Src/stm32f1xx_hal_cortex.o
                0x08003c72                HAL_NVIC_SetPriority
 .text.HAL_NVIC_EnableIRQ
                0x08003caa       0x1c ./Drivers/STM32F1xx_HAL_Driver/Src/stm32f1xx_hal_cortex.o
                0x08003caa                HAL_NVIC_EnableIRQ
 .text.HAL_NVIC_DisableIRQ
                0x08003cc6       0x1c ./Drivers/STM32F1xx_HAL_Driver/Src/stm32f1xx_hal_cortex.o
                0x08003cc6                HAL_NVIC_DisableIRQ
 .text.HAL_SYSTICK_Config
                0x08003ce2       0x18 ./Drivers/STM32F1xx_HAL_Driver/Src/stm32f1xx_hal_cortex.o
                0x08003ce2                HAL_SYSTICK_Config
 .text.HAL_DMA_Abort
                0x08003cfa       0x76 ./Drivers/STM32F1xx_HAL_Driver/Src/stm32f1xx_hal_dma.o
                0x08003cfa                HAL_DMA_Abort
 .text.HAL_DMA_Abort_IT
                0x08003d70       0xf0 ./Drivers/STM32F1xx_HAL_Driver/Src/stm32f1xx_hal_dma.o
                0x08003d70                HAL_DMA_Abort_IT
 .text.HAL_GPIO_Init
                0x08003e60      0x308 ./Drivers/STM32F1xx_HAL_Driver/Src/stm32f1xx_hal_gpio.o
                0x08003e60                HAL_GPIO_Init
 .text.HAL_GPIO_WritePin
                0x08004168       0x30 ./Drivers/STM32F1xx_HAL_Driver/Src/stm32f1xx_hal_gpio.o
                0x08004168                HAL_GPIO_WritePin
 .text.HAL_GPIO_EXTI_IRQHandler
                0x08004198       0x30 ./Drivers/STM32F1xx_HAL_Driver/Src/stm32f1xx_hal_gpio.o
                0x08004198                HAL_GPIO_EXTI_IRQHandler
 .text.HAL_RCC_OscConfig
                0x080041c8      0x504 ./Drivers/STM32F1xx_HAL_Driver/Src/stm32f1xx_hal_rcc.o
                0x080041c8                HAL_RCC_OscConfig
 .text.HAL_RCC_ClockConfig
                0x080046cc      0x1d4 ./Drivers/STM32F1xx_HAL_Driver/Src/stm32f1xx_hal_rcc.o
                0x080046cc                HAL_RCC_ClockConfig
 .text.HAL_RCC_GetSysClockFreq
                0x080048a0       0xa8 ./Drivers/STM32F1xx_HAL_Driver/Src/stm32f1xx_hal_rcc.o
                0x080048a0                HAL_RCC_GetSysClockFreq
 .text.HAL_RCC_GetHCLKFreq
                0x08004948       0x14 ./Drivers/STM32F1xx_HAL_Driver/Src/stm32f1xx_hal_rcc.o
                0x08004948                HAL_RCC_GetHCLKFreq
 .text.HAL_RCC_GetPCLK1Freq
                0x0800495c       0x28 ./Drivers/STM32F1xx_HAL_Driver/Src/stm32f1xx_hal_rcc.o
                0x0800495c                HAL_RCC_GetPCLK1Freq
 .text.HAL_RCC_GetPCLK2Freq
                0x08004984       0x28 ./Drivers/STM32F1xx_HAL_Driver/Src/stm32f1xx_hal_rcc.o
                0x08004984                HAL_RCC_GetPCLK2Freq
 .text.RCC_Delay
                0x080049ac       0x3c ./Drivers/STM32F1xx_HAL_Driver/Src/stm32f1xx_hal_rcc.o
 .text.HAL_RCCEx_PeriphCLKConfig
                0x080049e8      0x16c ./Drivers/STM32F1xx_HAL_Driver/Src/stm32f1xx_hal_rcc_ex.o
                0x080049e8                HAL_RCCEx_PeriphCLKConfig
 .text.HAL_TIM_Base_Init
                0x08004b54       0x9e ./Drivers/STM32F1xx_HAL_Driver/Src/stm32f1xx_hal_tim.o
                0x08004b54                HAL_TIM_Base_Init
 *fill*         0x08004bf2        0x2 
 .text.HAL_TIM_Base_Start
                0x08004bf4       0x94 ./Drivers/STM32F1xx_HAL_Driver/Src/stm32f1xx_hal_tim.o
                0x08004bf4                HAL_TIM_Base_Start
 .text.HAL_TIM_Base_Start_IT
                0x08004c88       0xa4 ./Drivers/STM32F1xx_HAL_Driver/Src/stm32f1xx_hal_tim.o
                0x08004c88                HAL_TIM_Base_Start_IT
 .text.HAL_TIM_Base_Stop_IT
                0x08004d2c       0x5c ./Drivers/STM32F1xx_HAL_Driver/Src/stm32f1xx_hal_tim.o
                0x08004d2c                HAL_TIM_Base_Stop_IT
 .text.HAL_TIM_IC_Init
                0x08004d88       0x9e ./Drivers/STM32F1xx_HAL_Driver/Src/stm32f1xx_hal_tim.o
                0x08004d88                HAL_TIM_IC_Init
 .text.HAL_TIM_IC_MspInit
                0x08004e26       0x12 ./Drivers/STM32F1xx_HAL_Driver/Src/stm32f1xx_hal_tim.o
                0x08004e26                HAL_TIM_IC_MspInit
 .text.HAL_TIM_IC_Start_IT
                0x08004e38      0x218 ./Drivers/STM32F1xx_HAL_Driver/Src/stm32f1xx_hal_tim.o
                0x08004e38                HAL_TIM_IC_Start_IT
 .text.HAL_TIM_IRQHandler
                0x08005050      0x1e0 ./Drivers/STM32F1xx_HAL_Driver/Src/stm32f1xx_hal_tim.o
                0x08005050                HAL_TIM_IRQHandler
 .text.HAL_TIM_IC_ConfigChannel
                0x08005230      0x138 ./Drivers/STM32F1xx_HAL_Driver/Src/stm32f1xx_hal_tim.o
                0x08005230                HAL_TIM_IC_ConfigChannel
 .text.HAL_TIM_ConfigClockSource
                0x08005368      0x18e ./Drivers/STM32F1xx_HAL_Driver/Src/stm32f1xx_hal_tim.o
                0x08005368                HAL_TIM_ConfigClockSource
 .text.HAL_TIM_OC_DelayElapsedCallback
                0x080054f6       0x12 ./Drivers/STM32F1xx_HAL_Driver/Src/stm32f1xx_hal_tim.o
                0x080054f6                HAL_TIM_OC_DelayElapsedCallback
 .text.HAL_TIM_PWM_PulseFinishedCallback
                0x08005508       0x12 ./Drivers/STM32F1xx_HAL_Driver/Src/stm32f1xx_hal_tim.o
                0x08005508                HAL_TIM_PWM_PulseFinishedCallback
 .text.HAL_TIM_TriggerCallback
                0x0800551a       0x12 ./Drivers/STM32F1xx_HAL_Driver/Src/stm32f1xx_hal_tim.o
                0x0800551a                HAL_TIM_TriggerCallback
 .text.TIM_Base_SetConfig
                0x0800552c       0xdc ./Drivers/STM32F1xx_HAL_Driver/Src/stm32f1xx_hal_tim.o
                0x0800552c                TIM_Base_SetConfig
 .text.TIM_TI1_SetConfig
                0x08005608       0xb4 ./Drivers/STM32F1xx_HAL_Driver/Src/stm32f1xx_hal_tim.o
                0x08005608                TIM_TI1_SetConfig
 .text.TIM_TI1_ConfigInputStage
                0x080056bc       0x5c ./Drivers/STM32F1xx_HAL_Driver/Src/stm32f1xx_hal_tim.o
 .text.TIM_TI2_SetConfig
                0x08005718       0x78 ./Drivers/STM32F1xx_HAL_Driver/Src/stm32f1xx_hal_tim.o
 .text.TIM_TI2_ConfigInputStage
                0x08005790       0x5e ./Drivers/STM32F1xx_HAL_Driver/Src/stm32f1xx_hal_tim.o
 .text.TIM_TI3_SetConfig
                0x080057ee       0x76 ./Drivers/STM32F1xx_HAL_Driver/Src/stm32f1xx_hal_tim.o
 .text.TIM_TI4_SetConfig
                0x08005864       0x78 ./Drivers/STM32F1xx_HAL_Driver/Src/stm32f1xx_hal_tim.o
 .text.TIM_ITRx_SetConfig
                0x080058dc       0x34 ./Drivers/STM32F1xx_HAL_Driver/Src/stm32f1xx_hal_tim.o
 .text.TIM_ETR_SetConfig
                0x08005910       0x3e ./Drivers/STM32F1xx_HAL_Driver/Src/stm32f1xx_hal_tim.o
                0x08005910                TIM_ETR_SetConfig
 .text.TIM_CCxChannelCmd
                0x0800594e       0x48 ./Drivers/STM32F1xx_HAL_Driver/Src/stm32f1xx_hal_tim.o
                0x0800594e                TIM_CCxChannelCmd
 *fill*         0x08005996        0x2 
 .text.HAL_TIMEx_MasterConfigSynchronization
                0x08005998       0xbc ./Drivers/STM32F1xx_HAL_Driver/Src/stm32f1xx_hal_tim_ex.o
                0x08005998                HAL_TIMEx_MasterConfigSynchronization
 .text.HAL_TIMEx_CommutCallback
                0x08005a54       0x12 ./Drivers/STM32F1xx_HAL_Driver/Src/stm32f1xx_hal_tim_ex.o
                0x08005a54                HAL_TIMEx_CommutCallback
 .text.HAL_TIMEx_BreakCallback
                0x08005a66       0x12 ./Drivers/STM32F1xx_HAL_Driver/Src/stm32f1xx_hal_tim_ex.o
                0x08005a66                HAL_TIMEx_BreakCallback
 .text.HAL_UART_Init
                0x08005a78       0xa0 ./Drivers/STM32F1xx_HAL_Driver/Src/stm32f1xx_hal_uart.o
                0x08005a78                HAL_UART_Init
 .text.HAL_UART_Transmit
                0x08005b18      0x116 ./Drivers/STM32F1xx_HAL_Driver/Src/stm32f1xx_hal_uart.o
                0x08005b18                HAL_UART_Transmit
 *fill*         0x08005c2e        0x2 
 .text.HAL_UART_IRQHandler
                0x08005c30      0x524 ./Drivers/STM32F1xx_HAL_Driver/Src/stm32f1xx_hal_uart.o
                0x08005c30                HAL_UART_IRQHandler
 .text.HAL_UART_TxCpltCallback
                0x08006154       0x12 ./Drivers/STM32F1xx_HAL_Driver/Src/stm32f1xx_hal_uart.o
                0x08006154                HAL_UART_TxCpltCallback
 .text.HAL_UART_RxCpltCallback
                0x08006166       0x12 ./Drivers/STM32F1xx_HAL_Driver/Src/stm32f1xx_hal_uart.o
                0x08006166                HAL_UART_RxCpltCallback
 .text.HAL_UART_ErrorCallback
                0x08006178       0x12 ./Drivers/STM32F1xx_HAL_Driver/Src/stm32f1xx_hal_uart.o
                0x08006178                HAL_UART_ErrorCallback
 .text.HAL_UARTEx_RxEventCallback
                0x0800618a       0x16 ./Drivers/STM32F1xx_HAL_Driver/Src/stm32f1xx_hal_uart.o
                0x0800618a                HAL_UARTEx_RxEventCallback
 .text.UART_WaitOnFlagUntilTimeout
                0x080061a0       0xb2 ./Drivers/STM32F1xx_HAL_Driver/Src/stm32f1xx_hal_uart.o
 .text.UART_EndRxTransfer
                0x08006252       0xc4 ./Drivers/STM32F1xx_HAL_Driver/Src/stm32f1xx_hal_uart.o
 .text.UART_DMAAbortOnError
                0x08006316       0x28 ./Drivers/STM32F1xx_HAL_Driver/Src/stm32f1xx_hal_uart.o
 .text.UART_Transmit_IT
                0x0800633e       0x9e ./Drivers/STM32F1xx_HAL_Driver/Src/stm32f1xx_hal_uart.o
 .text.UART_EndTransmit_IT
                0x080063dc       0x30 ./Drivers/STM32F1xx_HAL_Driver/Src/stm32f1xx_hal_uart.o
 .text.UART_Receive_IT
                0x0800640c      0x17c ./Drivers/STM32F1xx_HAL_Driver/Src/stm32f1xx_hal_uart.o
 .text.UART_SetConfig
                0x08006588      0x11c ./Drivers/STM32F1xx_HAL_Driver/Src/stm32f1xx_hal_uart.o
 .text.Nextion_AddComp
                0x080066a4       0x34 ./Nextion/Src/Nextion_prog.o
                0x080066a4                Nextion_AddComp
 .text.Nextion_SendCommand
                0x080066d8       0x2c ./Nextion/Src/Nextion_prog.o
                0x080066d8                Nextion_SendCommand
 .text.Nextion_EndCommand
                0x08006704       0x24 ./Nextion/Src/Nextion_prog.o
                0x08006704                Nextion_EndCommand
 .text.Nextion_SetText
                0x08006728       0x40 ./Nextion/Src/Nextion_prog.o
                0x08006728                Nextion_SetText
 .text.Nextion_SetVal
                0x08006768       0x40 ./Nextion/Src/Nextion_prog.o
                0x08006768                Nextion_SetVal
 .text.Nextion_Set_Vis
                0x080067a8       0x40 ./Nextion/Src/Nextion_prog.o
                0x080067a8                Nextion_Set_Vis
 .text.Nextion_SetPage
                0x080067e8       0x3c ./Nextion/Src/Nextion_prog.o
                0x080067e8                Nextion_SetPage
 .text.Nextion_CreateDiagnostics
                0x08006824       0xc4 ./Nextion/Src/Nextion_prog.o
                0x08006824                Nextion_CreateDiagnostics
 .text.PROX_INIT
                0x080068e8       0x3c ./PROX/Src/PROX_prog.o
                0x080068e8                PROX_INIT
 .text.PROX_OverflowCallBack_ISR
                0x08006924       0x74 ./PROX/Src/PROX_prog.o
                0x08006924                PROX_OverflowCallBack_ISR
 .text.PROX_ICUCallBack_ISR
                0x08006998      0x238 ./PROX/Src/PROX_prog.o
                0x08006998                PROX_ICUCallBack_ISR
 .text.sprintf  0x08006bd0       0x44 C:/ST/STM32CubeIDE_1.19.0/STM32CubeIDE/plugins/com.st.stm32cube.ide.mcu.externaltools.gnu-tools-for-stm32.13.3.rel1.win32_1.0.0.202411081344/tools/bin/../lib/gcc/arm-none-eabi/13.3.1/../../../../arm-none-eabi/lib/thumb/v7-m/nofp\libc_nano.a(libc_a-sprintf.o)
                0x08006bd0                siprintf
                0x08006bd0                sprintf
 .text.memset   0x08006c14       0x10 C:/ST/STM32CubeIDE_1.19.0/STM32CubeIDE/plugins/com.st.stm32cube.ide.mcu.externaltools.gnu-tools-for-stm32.13.3.rel1.win32_1.0.0.202411081344/tools/bin/../lib/gcc/arm-none-eabi/13.3.1/../../../../arm-none-eabi/lib/thumb/v7-m/nofp\libc_nano.a(libc_a-memset.o)
                0x08006c14                memset
 .text.__errno  0x08006c24        0xc C:/ST/STM32CubeIDE_1.19.0/STM32CubeIDE/plugins/com.st.stm32cube.ide.mcu.externaltools.gnu-tools-for-stm32.13.3.rel1.win32_1.0.0.202411081344/tools/bin/../lib/gcc/arm-none-eabi/13.3.1/../../../../arm-none-eabi/lib/thumb/v7-m/nofp\libc_nano.a(libc_a-errno.o)
                0x08006c24                __errno
 .text.__libc_init_array
                0x08006c30       0x48 C:/ST/STM32CubeIDE_1.19.0/STM32CubeIDE/plugins/com.st.stm32cube.ide.mcu.externaltools.gnu-tools-for-stm32.13.3.rel1.win32_1.0.0.202411081344/tools/bin/../lib/gcc/arm-none-eabi/13.3.1/../../../../arm-none-eabi/lib/thumb/v7-m/nofp\libc_nano.a(libc_a-init.o)
                0x08006c30                __libc_init_array
 .text.__retarget_lock_acquire_recursive
                0x08006c78        0x2 C:/ST/STM32CubeIDE_1.19.0/STM32CubeIDE/plugins/com.st.stm32cube.ide.mcu.externaltools.gnu-tools-for-stm32.13.3.rel1.win32_1.0.0.202411081344/tools/bin/../lib/gcc/arm-none-eabi/13.3.1/../../../../arm-none-eabi/lib/thumb/v7-m/nofp\libc_nano.a(libc_a-lock.o)
                0x08006c78                __retarget_lock_acquire_recursive
 .text.__retarget_lock_release_recursive
                0x08006c7a        0x2 C:/ST/STM32CubeIDE_1.19.0/STM32CubeIDE/plugins/com.st.stm32cube.ide.mcu.externaltools.gnu-tools-for-stm32.13.3.rel1.win32_1.0.0.202411081344/tools/bin/../lib/gcc/arm-none-eabi/13.3.1/../../../../arm-none-eabi/lib/thumb/v7-m/nofp\libc_nano.a(libc_a-lock.o)
                0x08006c7a                __retarget_lock_release_recursive
 .text.strcpy   0x08006c7c       0x10 C:/ST/STM32CubeIDE_1.19.0/STM32CubeIDE/plugins/com.st.stm32cube.ide.mcu.externaltools.gnu-tools-for-stm32.13.3.rel1.win32_1.0.0.202411081344/tools/bin/../lib/gcc/arm-none-eabi/13.3.1/../../../../arm-none-eabi/lib/thumb/v7-m/nofp\libc_nano.a(libc_a-strcpy.o)
                0x08006c7c                strcpy
 .text._free_r  0x08006c8c       0x90 C:/ST/STM32CubeIDE_1.19.0/STM32CubeIDE/plugins/com.st.stm32cube.ide.mcu.externaltools.gnu-tools-for-stm32.13.3.rel1.win32_1.0.0.202411081344/tools/bin/../lib/gcc/arm-none-eabi/13.3.1/../../../../arm-none-eabi/lib/thumb/v7-m/nofp\libc_nano.a(libc_a-freer.o)
                0x08006c8c                _free_r
 .text.sbrk_aligned
                0x08006d1c       0x44 C:/ST/STM32CubeIDE_1.19.0/STM32CubeIDE/plugins/com.st.stm32cube.ide.mcu.externaltools.gnu-tools-for-stm32.13.3.rel1.win32_1.0.0.202411081344/tools/bin/../lib/gcc/arm-none-eabi/13.3.1/../../../../arm-none-eabi/lib/thumb/v7-m/nofp\libc_nano.a(libc_a-mallocr.o)
 .text._malloc_r
                0x08006d60      0x100 C:/ST/STM32CubeIDE_1.19.0/STM32CubeIDE/plugins/com.st.stm32cube.ide.mcu.externaltools.gnu-tools-for-stm32.13.3.rel1.win32_1.0.0.202411081344/tools/bin/../lib/gcc/arm-none-eabi/13.3.1/../../../../arm-none-eabi/lib/thumb/v7-m/nofp\libc_nano.a(libc_a-mallocr.o)
                0x08006d60                _malloc_r
 .text.__malloc_lock
                0x08006e60        0xc C:/ST/STM32CubeIDE_1.19.0/STM32CubeIDE/plugins/com.st.stm32cube.ide.mcu.externaltools.gnu-tools-for-stm32.13.3.rel1.win32_1.0.0.202411081344/tools/bin/../lib/gcc/arm-none-eabi/13.3.1/../../../../arm-none-eabi/lib/thumb/v7-m/nofp\libc_nano.a(libc_a-mlock.o)
                0x08006e60                __malloc_lock
 .text.__malloc_unlock
                0x08006e6c        0xc C:/ST/STM32CubeIDE_1.19.0/STM32CubeIDE/plugins/com.st.stm32cube.ide.mcu.externaltools.gnu-tools-for-stm32.13.3.rel1.win32_1.0.0.202411081344/tools/bin/../lib/gcc/arm-none-eabi/13.3.1/../../../../arm-none-eabi/lib/thumb/v7-m/nofp\libc_nano.a(libc_a-mlock.o)
                0x08006e6c                __malloc_unlock
 .text.__ssputs_r
                0x08006e78       0xb6 C:/ST/STM32CubeIDE_1.19.0/STM32CubeIDE/plugins/com.st.stm32cube.ide.mcu.externaltools.gnu-tools-for-stm32.13.3.rel1.win32_1.0.0.202411081344/tools/bin/../lib/gcc/arm-none-eabi/13.3.1/../../../../arm-none-eabi/lib/thumb/v7-m/nofp\libc_nano.a(libc_a-nano-svfprintf.o)
                0x08006e78                __ssputs_r
 *fill*         0x08006f2e        0x2 
 .text._svfprintf_r
                0x08006f30      0x1f8 C:/ST/STM32CubeIDE_1.19.0/STM32CubeIDE/plugins/com.st.stm32cube.ide.mcu.externaltools.gnu-tools-for-stm32.13.3.rel1.win32_1.0.0.202411081344/tools/bin/../lib/gcc/arm-none-eabi/13.3.1/../../../../arm-none-eabi/lib/thumb/v7-m/nofp\libc_nano.a(libc_a-nano-svfprintf.o)
                0x08006f30                _svfiprintf_r
                0x08006f30                _svfprintf_r
 .text._printf_common
                0x08007128       0xe4 C:/ST/STM32CubeIDE_1.19.0/STM32CubeIDE/plugins/com.st.stm32cube.ide.mcu.externaltools.gnu-tools-for-stm32.13.3.rel1.win32_1.0.0.202411081344/tools/bin/../lib/gcc/arm-none-eabi/13.3.1/../../../../arm-none-eabi/lib/thumb/v7-m/nofp\libc_nano.a(libc_a-nano-vfprintf_i.o)
                0x08007128                _printf_common
 .text._printf_i
                0x0800720c      0x23c C:/ST/STM32CubeIDE_1.19.0/STM32CubeIDE/plugins/com.st.stm32cube.ide.mcu.externaltools.gnu-tools-for-stm32.13.3.rel1.win32_1.0.0.202411081344/tools/bin/../lib/gcc/arm-none-eabi/13.3.1/../../../../arm-none-eabi/lib/thumb/v7-m/nofp\libc_nano.a(libc_a-nano-vfprintf_i.o)
                0x0800720c                _printf_i
 .text.memmove  0x08007448       0x34 C:/ST/STM32CubeIDE_1.19.0/STM32CubeIDE/plugins/com.st.stm32cube.ide.mcu.externaltools.gnu-tools-for-stm32.13.3.rel1.win32_1.0.0.202411081344/tools/bin/../lib/gcc/arm-none-eabi/13.3.1/../../../../arm-none-eabi/lib/thumb/v7-m/nofp\libc_nano.a(libc_a-memmove.o)
                0x08007448                memmove
 .text._sbrk_r  0x0800747c       0x20 C:/ST/STM32CubeIDE_1.19.0/STM32CubeIDE/plugins/com.st.stm32cube.ide.mcu.externaltools.gnu-tools-for-stm32.13.3.rel1.win32_1.0.0.202411081344/tools/bin/../lib/gcc/arm-none-eabi/13.3.1/../../../../arm-none-eabi/lib/thumb/v7-m/nofp\libc_nano.a(libc_a-sbrkr.o)
                0x0800747c                _sbrk_r
 .text.memchr   0x0800749c       0x1c C:/ST/STM32CubeIDE_1.19.0/STM32CubeIDE/plugins/com.st.stm32cube.ide.mcu.externaltools.gnu-tools-for-stm32.13.3.rel1.win32_1.0.0.202411081344/tools/bin/../lib/gcc/arm-none-eabi/13.3.1/../../../../arm-none-eabi/lib/thumb/v7-m/nofp\libc_nano.a(libc_a-memchr-stub.o)
                0x0800749c                memchr
 .text.memcpy   0x080074b8       0x1c C:/ST/STM32CubeIDE_1.19.0/STM32CubeIDE/plugins/com.st.stm32cube.ide.mcu.externaltools.gnu-tools-for-stm32.13.3.rel1.win32_1.0.0.202411081344/tools/bin/../lib/gcc/arm-none-eabi/13.3.1/../../../../arm-none-eabi/lib/thumb/v7-m/nofp\libc_nano.a(libc_a-memcpy-stub.o)
                0x080074b8                memcpy
 .text._realloc_r
                0x080074d4       0x5c C:/ST/STM32CubeIDE_1.19.0/STM32CubeIDE/plugins/com.st.stm32cube.ide.mcu.externaltools.gnu-tools-for-stm32.13.3.rel1.win32_1.0.0.202411081344/tools/bin/../lib/gcc/arm-none-eabi/13.3.1/../../../../arm-none-eabi/lib/thumb/v7-m/nofp\libc_nano.a(libc_a-reallocr.o)
                0x080074d4                _realloc_r
 .text._malloc_usable_size_r
                0x08007530       0x10 C:/ST/STM32CubeIDE_1.19.0/STM32CubeIDE/plugins/com.st.stm32cube.ide.mcu.externaltools.gnu-tools-for-stm32.13.3.rel1.win32_1.0.0.202411081344/tools/bin/../lib/gcc/arm-none-eabi/13.3.1/../../../../arm-none-eabi/lib/thumb/v7-m/nofp\libc_nano.a(libc_a-msizer.o)
                0x08007530                _malloc_usable_size_r
 *(.glue_7)
 .glue_7        0x08007540        0x0 linker stubs
 *(.glue_7t)
 .glue_7t       0x08007540        0x0 linker stubs
 *(.eh_frame)
 .eh_frame      0x08007540        0x0 C:/ST/STM32CubeIDE_1.19.0/STM32CubeIDE/plugins/com.st.stm32cube.ide.mcu.externaltools.gnu-tools-for-stm32.13.3.rel1.win32_1.0.0.202411081344/tools/bin/../lib/gcc/arm-none-eabi/13.3.1/thumb/v7-m/nofp/crtbegin.o
 *(.init)
 .init          0x08007540        0x4 C:/ST/STM32CubeIDE_1.19.0/STM32CubeIDE/plugins/com.st.stm32cube.ide.mcu.externaltools.gnu-tools-for-stm32.13.3.rel1.win32_1.0.0.202411081344/tools/bin/../lib/gcc/arm-none-eabi/13.3.1/thumb/v7-m/nofp/crti.o
                0x08007540                _init
 .init          0x08007544        0x8 C:/ST/STM32CubeIDE_1.19.0/STM32CubeIDE/plugins/com.st.stm32cube.ide.mcu.externaltools.gnu-tools-for-stm32.13.3.rel1.win32_1.0.0.202411081344/tools/bin/../lib/gcc/arm-none-eabi/13.3.1/thumb/v7-m/nofp/crtn.o
 *(.fini)
 .fini          0x0800754c        0x4 C:/ST/STM32CubeIDE_1.19.0/STM32CubeIDE/plugins/com.st.stm32cube.ide.mcu.externaltools.gnu-tools-for-stm32.13.3.rel1.win32_1.0.0.202411081344/tools/bin/../lib/gcc/arm-none-eabi/13.3.1/thumb/v7-m/nofp/crti.o
                0x0800754c                _fini
 .fini          0x08007550        0x8 C:/ST/STM32CubeIDE_1.19.0/STM32CubeIDE/plugins/com.st.stm32cube.ide.mcu.externaltools.gnu-tools-for-stm32.13.3.rel1.win32_1.0.0.202411081344/tools/bin/../lib/gcc/arm-none-eabi/13.3.1/thumb/v7-m/nofp/crtn.o
                0x08007558                        . = ALIGN (0x4)
                0x08007558                        _etext = .

.vfp11_veneer   0x08007558        0x0
 .vfp11_veneer  0x08007558        0x0 linker stubs

.v4_bx          0x08007558        0x0
 .v4_bx         0x08007558        0x0 linker stubs

.iplt           0x08007558        0x0
 .iplt          0x08007558        0x0 C:/ST/STM32CubeIDE_1.19.0/STM32CubeIDE/plugins/com.st.stm32cube.ide.mcu.externaltools.gnu-tools-for-stm32.13.3.rel1.win32_1.0.0.202411081344/tools/bin/../lib/gcc/arm-none-eabi/13.3.1/thumb/v7-m/nofp/crtbegin.o

.rodata         0x08007558      0x244
                0x08007558                        . = ALIGN (0x4)
 *(.rodata)
 .rodata        0x08007558      0x179 ./Dashboard/Src/Dashboard_prog.o
 *fill*         0x080076d1        0x3 
 .rodata        0x080076d4       0x54 ./Nextion/Src/Nextion_prog.o
 .rodata        0x08007728       0x12 ./PROX/Src/PROX_prog.o
 *(.rodata*)
 *fill*         0x0800773a        0x2 
 .rodata.AHBPrescTable
                0x0800773c       0x10 ./Core/Src/system_stm32f1xx.o
                0x0800773c                AHBPrescTable
 .rodata.APBPrescTable
                0x0800774c        0x8 ./Core/Src/system_stm32f1xx.o
                0x0800774c                APBPrescTable
 .rodata.aPLLMULFactorTable.1
                0x08007754       0x10 ./Drivers/STM32F1xx_HAL_Driver/Src/stm32f1xx_hal_rcc.o
 .rodata.aPredivFactorTable.0
                0x08007764        0x2 ./Drivers/STM32F1xx_HAL_Driver/Src/stm32f1xx_hal_rcc.o
 .rodata._svfprintf_r.str1.1
                0x08007766       0x33 C:/ST/STM32CubeIDE_1.19.0/STM32CubeIDE/plugins/com.st.stm32cube.ide.mcu.externaltools.gnu-tools-for-stm32.13.3.rel1.win32_1.0.0.202411081344/tools/bin/../lib/gcc/arm-none-eabi/13.3.1/../../../../arm-none-eabi/lib/thumb/v7-m/nofp\libc_nano.a(libc_a-nano-svfprintf.o)
                                 0x11 (size before relaxing)
 .rodata._printf_i.str1.1
                0x08007799       0x22 C:/ST/STM32CubeIDE_1.19.0/STM32CubeIDE/plugins/com.st.stm32cube.ide.mcu.externaltools.gnu-tools-for-stm32.13.3.rel1.win32_1.0.0.202411081344/tools/bin/../lib/gcc/arm-none-eabi/13.3.1/../../../../arm-none-eabi/lib/thumb/v7-m/nofp\libc_nano.a(libc_a-nano-vfprintf_i.o)
                0x080077bc                        . = ALIGN (0x4)
 *fill*         0x08007799        0x3 

.ARM.extab      0x0800779c        0x0
                0x0800779c                        . = ALIGN (0x4)
 *(.ARM.extab* .gnu.linkonce.armextab.*)
                0x0800779c                        . = ALIGN (0x4)

.ARM            0x0800779c        0x0
                0x0800779c                        . = ALIGN (0x4)
                0x0800779c                        __exidx_start = .
 *(.ARM.exidx*)
                0x0800779c                        __exidx_end = .
                0x0800779c                        . = ALIGN (0x4)

.preinit_array  0x0800779c        0x0
                0x0800779c                        . = ALIGN (0x4)
                0x0800779c                        PROVIDE (__preinit_array_start = .)
 *(.preinit_array*)
                0x0800779c                        PROVIDE (__preinit_array_end = .)
                0x0800779c                        . = ALIGN (0x4)

.init_array     0x0800779c        0x4
                0x0800779c                        . = ALIGN (0x4)
                0x0800779c                        PROVIDE (__init_array_start = .)
 *(SORT_BY_NAME(.init_array.*))
 *(.init_array*)
 .init_array    0x0800779c        0x4 C:/ST/STM32CubeIDE_1.19.0/STM32CubeIDE/plugins/com.st.stm32cube.ide.mcu.externaltools.gnu-tools-for-stm32.13.3.rel1.win32_1.0.0.202411081344/tools/bin/../lib/gcc/arm-none-eabi/13.3.1/thumb/v7-m/nofp/crtbegin.o
                0x080077a0                        PROVIDE (__init_array_end = .)
                0x080077a0                        . = ALIGN (0x4)

.fini_array     0x080077a0        0x4
                0x080077a0                        . = ALIGN (0x4)
                [!provide]                        PROVIDE (__fini_array_start = .)
 *(SORT_BY_NAME(.fini_array.*))
 *(.fini_array*)
 .fini_array    0x080077a0        0x4 C:/ST/STM32CubeIDE_1.19.0/STM32CubeIDE/plugins/com.st.stm32cube.ide.mcu.externaltools.gnu-tools-for-stm32.13.3.rel1.win32_1.0.0.202411081344/tools/bin/../lib/gcc/arm-none-eabi/13.3.1/thumb/v7-m/nofp/crtbegin.o
                [!provide]                        PROVIDE (__fini_array_end = .)
                0x080077a4                        . = ALIGN (0x4)
                0x080077a4                        _sidata = LOADADDR (.data)

.rel.dyn        0x080077a4        0x0
 .rel.iplt      0x080077a4        0x0 C:/ST/STM32CubeIDE_1.19.0/STM32CubeIDE/plugins/com.st.stm32cube.ide.mcu.externaltools.gnu-tools-for-stm32.13.3.rel1.win32_1.0.0.202411081344/tools/bin/../lib/gcc/arm-none-eabi/13.3.1/thumb/v7-m/nofp/crtbegin.o

.data           0x20000000       0x9c load address 0x080077a4
                0x20000000                        . = ALIGN (0x4)
                0x20000000                        _sdata = .
 *(.data)
 *(.data*)
 .data.SystemCoreClock
                0x20000000        0x4 ./Core/Src/system_stm32f1xx.o
                0x20000000                SystemCoreClock
 .data.StopWatch_State
                0x20000004        0x1 ./Dashboard/Src/Dashboard_prog.o
                0x20000004                StopWatch_State
 *fill*         0x20000005        0x3 
 .data.LED_PORT
                0x20000008       0x24 ./Dashboard/Src/Dashboard_prog.o
                0x20000008                LED_PORT
 .data.LED_PIN  0x2000002c       0x12 ./Dashboard/Src/Dashboard_prog.o
                0x2000002c                LED_PIN
 *fill*         0x2000003e        0x2 
 .data.uwTickPrio
                0x20000040        0x4 ./Drivers/STM32F1xx_HAL_Driver/Src/stm32f1xx_hal.o
                0x20000040                uwTickPrio
 .data.uwTickFreq
                0x20000044        0x1 ./Drivers/STM32F1xx_HAL_Driver/Src/stm32f1xx_hal.o
                0x20000044                uwTickFreq
 *fill*         0x20000045        0x3 
 .data.END      0x20000048        0x3 ./Nextion/Src/Nextion_prog.o
                0x20000048                END
 .data.Current_Page
                0x2000004b        0x1 ./Nextion/Src/Nextion_prog.o
                0x2000004b                Current_Page
 .data._impure_ptr
                0x2000004c        0x4 C:/ST/STM32CubeIDE_1.19.0/STM32CubeIDE/plugins/com.st.stm32cube.ide.mcu.externaltools.gnu-tools-for-stm32.13.3.rel1.win32_1.0.0.202411081344/tools/bin/../lib/gcc/arm-none-eabi/13.3.1/../../../../arm-none-eabi/lib/thumb/v7-m/nofp\libc_nano.a(libc_a-impure.o)
                0x2000004c                _impure_ptr
 .data._impure_data
                0x20000050       0x4c C:/ST/STM32CubeIDE_1.19.0/STM32CubeIDE/plugins/com.st.stm32cube.ide.mcu.externaltools.gnu-tools-for-stm32.13.3.rel1.win32_1.0.0.202411081344/tools/bin/../lib/gcc/arm-none-eabi/13.3.1/../../../../arm-none-eabi/lib/thumb/v7-m/nofp\libc_nano.a(libc_a-impure.o)
                0x20000050                _impure_data
 *(.RamFunc)
 *(.RamFunc*)
                0x2000009c                        . = ALIGN (0x4)
                0x2000009c                        _edata = .

.igot.plt       0x2000009c        0x0 load address 0x08007840
 .igot.plt      0x2000009c        0x0 C:/ST/STM32CubeIDE_1.19.0/STM32CubeIDE/plugins/com.st.stm32cube.ide.mcu.externaltools.gnu-tools-for-stm32.13.3.rel1.win32_1.0.0.202411081344/tools/bin/../lib/gcc/arm-none-eabi/13.3.1/thumb/v7-m/nofp/crtbegin.o
                0x2000009c                        . = ALIGN (0x4)

.bss            0x200000a0      0xf5c load address 0x08007840
                0x200000a0                        _sbss = .
                0x200000a0                        __bss_start__ = _sbss
 *(.bss)
 .bss           0x200000a0       0x1c C:/ST/STM32CubeIDE_1.19.0/STM32CubeIDE/plugins/com.st.stm32cube.ide.mcu.externaltools.gnu-tools-for-stm32.13.3.rel1.win32_1.0.0.202411081344/tools/bin/../lib/gcc/arm-none-eabi/13.3.1/thumb/v7-m/nofp/crtbegin.o
 *(.bss*)
 .bss.hadc1     0x200000bc       0x30 ./Core/Src/main.o
                0x200000bc                hadc1
 .bss.hcan      0x200000ec       0x28 ./Core/Src/main.o
                0x200000ec                hcan
 .bss.htim1     0x20000114       0x48 ./Core/Src/main.o
                0x20000114                htim1
 .bss.htim2     0x2000015c       0x48 ./Core/Src/main.o
                0x2000015c                htim2
 .bss.htim3     0x200001a4       0x48 ./Core/Src/main.o
                0x200001a4                htim3
 .bss.htim4     0x200001ec       0x48 ./Core/Src/main.o
                0x200001ec                htim4
 .bss.huart1    0x20000234       0x48 ./Core/Src/main.o
                0x20000234                huart1
 .bss.Global_u32Variable_Overflow_Counter
                0x2000027c        0x4 ./Core/Src/main.o
                0x2000027c                Global_u32Variable_Overflow_Counter
 .bss.__sbrk_heap_end
                0x20000280        0x4 ./Core/Src/sysmem.o
 .bss.Lap_Time  0x20000284       0x1f ./Dashboard/Src/Dashboard_prog.o
                0x20000284                Lap_Time
 *fill*         0x200002a3        0x1 
 .bss.Last_Lap  0x200002a4       0x1f ./Dashboard/Src/Dashboard_prog.o
                0x200002a4                Last_Lap
 *fill*         0x200002c3        0x1 
 .bss.Best_Lap  0x200002c4       0x1f ./Dashboard/Src/Dashboard_prog.o
                0x200002c4                Best_Lap
 *fill*         0x200002e3        0x1 
 .bss.ERPM_Slider
                0x200002e4       0x1f ./Dashboard/Src/Dashboard_prog.o
                0x200002e4                ERPM_Slider
 *fill*         0x20000303        0x1 
 .bss.Temp_Slider
                0x20000304       0x1f ./Dashboard/Src/Dashboard_prog.o
                0x20000304                Temp_Slider
 *fill*         0x20000323        0x1 
 .bss.Throttle_Slider
                0x20000324       0x1f ./Dashboard/Src/Dashboard_prog.o
                0x20000324                Throttle_Slider
 *fill*         0x20000343        0x1 
 .bss.Brake_Slider
                0x20000344       0x1f ./Dashboard/Src/Dashboard_prog.o
                0x20000344                Brake_Slider
 *fill*         0x20000363        0x1 
 .bss.Battery_Perc
                0x20000364       0x1f ./Dashboard/Src/Dashboard_prog.o
                0x20000364                Battery_Perc
 *fill*         0x20000383        0x1 
 .bss.RF_Temp   0x20000384       0x1f ./Dashboard/Src/Dashboard_prog.o
                0x20000384                RF_Temp
 *fill*         0x200003a3        0x1 
 .bss.LF_Temp   0x200003a4       0x1f ./Dashboard/Src/Dashboard_prog.o
                0x200003a4                LF_Temp
 *fill*         0x200003c3        0x1 
 .bss.RR_Temp   0x200003c4       0x1f ./Dashboard/Src/Dashboard_prog.o
                0x200003c4                RR_Temp
 *fill*         0x200003e3        0x1 
 .bss.LR_Temp   0x200003e4       0x1f ./Dashboard/Src/Dashboard_prog.o
                0x200003e4                LR_Temp
 *fill*         0x20000403        0x1 
 .bss.RF_Travel
                0x20000404       0x1f ./Dashboard/Src/Dashboard_prog.o
                0x20000404                RF_Travel
 *fill*         0x20000423        0x1 
 .bss.LF_Travel
                0x20000424       0x1f ./Dashboard/Src/Dashboard_prog.o
                0x20000424                LF_Travel
 *fill*         0x20000443        0x1 
 .bss.RR_Travel
                0x20000444       0x1f ./Dashboard/Src/Dashboard_prog.o
                0x20000444                RR_Travel
 *fill*         0x20000463        0x1 
 .bss.LR_Travel
                0x20000464       0x1f ./Dashboard/Src/Dashboard_prog.o
                0x20000464                LR_Travel
 *fill*         0x20000483        0x1 
 .bss.Batt_Temp
                0x20000484       0x1f ./Dashboard/Src/Dashboard_prog.o
                0x20000484                Batt_Temp
 *fill*         0x200004a3        0x1 
 .bss.Battery_Temp_Warning
                0x200004a4       0x1f ./Dashboard/Src/Dashboard_prog.o
                0x200004a4                Battery_Temp_Warning
 *fill*         0x200004c3        0x1 
 .bss.Motor_Temp_Warning
                0x200004c4       0x1f ./Dashboard/Src/Dashboard_prog.o
                0x200004c4                Motor_Temp_Warning
 *fill*         0x200004e3        0x1 
 .bss.Error_Warning
                0x200004e4       0x1f ./Dashboard/Src/Dashboard_prog.o
                0x200004e4                Error_Warning
 *fill*         0x20000503        0x1 
 .bss.CAN_Warning
                0x20000504       0x1f ./Dashboard/Src/Dashboard_prog.o
                0x20000504                CAN_Warning
 *fill*         0x20000523        0x1 
 .bss.T         0x20000524      0x3e0 ./Dashboard/Src/Dashboard_prog.o
                0x20000524                T
 .bss.V         0x20000904      0x3e0 ./Dashboard/Src/Dashboard_prog.o
                0x20000904                V
 .bss.Lap_Timer
                0x20000ce4       0x14 ./Dashboard/Src/Dashboard_prog.o
                0x20000ce4                Lap_Timer
 .bss.Global_u8Array_Tx_Buffer
                0x20000cf8       0x1e ./Dashboard/Src/Dashboard_prog.o
                0x20000cf8                Global_u8Array_Tx_Buffer
 *fill*         0x20000d16        0x2 
 .bss.Global_u8Array_Tx_BestLap_Buffer
                0x20000d18       0x1e ./Dashboard/Src/Dashboard_prog.o
                0x20000d18                Global_u8Array_Tx_BestLap_Buffer
 .bss.BestLap_Flag
                0x20000d36        0x1 ./Dashboard/Src/Dashboard_prog.o
                0x20000d36                BestLap_Flag
 *fill*         0x20000d37        0x1 
 .bss.BestLap_Centi_Sec
                0x20000d38        0x4 ./Dashboard/Src/Dashboard_prog.o
                0x20000d38                BestLap_Centi_Sec
 .bss.CANRxHeader
                0x20000d3c       0x1c ./Dashboard/Src/Dashboard_prog.o
                0x20000d3c                CANRxHeader
 .bss.Received_CAN_Message
                0x20000d58        0x8 ./Dashboard/Src/Dashboard_prog.o
                0x20000d58                Received_CAN_Message
 .bss.ERPM_Val  0x20000d60        0x4 ./Dashboard/Src/Dashboard_prog.o
                0x20000d60                ERPM_Val
 .bss.MotorTemp_Val
                0x20000d64        0x2 ./Dashboard/Src/Dashboard_prog.o
                0x20000d64                MotorTemp_Val
 .bss.Thrott_Pos
                0x20000d66        0x1 ./Dashboard/Src/Dashboard_prog.o
                0x20000d66                Thrott_Pos
 .bss.Brake_Pos
                0x20000d67        0x1 ./Dashboard/Src/Dashboard_prog.o
                0x20000d67                Brake_Pos
 .bss.Battery   0x20000d68        0x2 ./Dashboard/Src/Dashboard_prog.o
                0x20000d68                Battery
 .bss.Batt_int  0x20000d6a        0x1 ./Dashboard/Src/Dashboard_prog.o
                0x20000d6a                Batt_int
 .bss.Batt_Deci
                0x20000d6b        0x1 ./Dashboard/Src/Dashboard_prog.o
                0x20000d6b                Batt_Deci
 .bss.RF_temp_val
                0x20000d6c        0x1 ./Dashboard/Src/Dashboard_prog.o
                0x20000d6c                RF_temp_val
 .bss.LF_temp_val
                0x20000d6d        0x1 ./Dashboard/Src/Dashboard_prog.o
                0x20000d6d                LF_temp_val
 .bss.RR_temp_val
                0x20000d6e        0x1 ./Dashboard/Src/Dashboard_prog.o
                0x20000d6e                RR_temp_val
 .bss.LR_temp_val
                0x20000d6f        0x1 ./Dashboard/Src/Dashboard_prog.o
                0x20000d6f                LR_temp_val
 .bss.last_can_rx_tick
                0x20000d70        0x4 ./Dashboard/Src/Dashboard_prog.o
                0x20000d70                last_can_rx_tick
 .bss.can_initialized
                0x20000d74        0x1 ./Dashboard/Src/Dashboard_prog.o
                0x20000d74                can_initialized
 *fill*         0x20000d75        0x3 
 .bss.test_Buffer
                0x20000d78       0x1e ./Dashboard/Src/Dashboard_prog.o
                0x20000d78                test_Buffer
 *fill*         0x20000d96        0x2 
 .bss.RxData    0x20000d98        0x8 ./Dashboard/Src/Dashboard_prog.o
                0x20000d98                RxData
 .bss.CAN_Status
                0x20000da0        0x1 ./Dashboard/Src/Dashboard_prog.o
                0x20000da0                CAN_Status
 *fill*         0x20000da1        0x3 
 .bss.uwTick    0x20000da4        0x4 ./Drivers/STM32F1xx_HAL_Driver/Src/stm32f1xx_hal.o
                0x20000da4                uwTick
 .bss.TransmitBuffer
                0x20000da8       0x46 ./Nextion/Src/Nextion_prog.o
                0x20000da8                TransmitBuffer
 .bss.TransmitBufferLength
                0x20000dee        0x2 ./Nextion/Src/Nextion_prog.o
                0x20000dee                TransmitBufferLength
 .bss.Wheel_Velocity
                0x20000df0       0xa0 ./PROX/Src/PROX_prog.o
                0x20000df0                Wheel_Velocity
 .bss.Last_ICU_Overflow_Count
                0x20000e90        0x4 ./PROX/Src/PROX_prog.o
 .bss.PROX      0x20000e94       0x1f ./PROX/Src/PROX_prog.o
                0x20000e94                PROX
 .bss.velocity  0x20000eb3        0x1 ./PROX/Src/PROX_prog.o
                0x20000eb3                velocity
 .bss.__sf      0x20000eb4      0x138 C:/ST/STM32CubeIDE_1.19.0/STM32CubeIDE/plugins/com.st.stm32cube.ide.mcu.externaltools.gnu-tools-for-stm32.13.3.rel1.win32_1.0.0.202411081344/tools/bin/../lib/gcc/arm-none-eabi/13.3.1/../../../../arm-none-eabi/lib/thumb/v7-m/nofp\libc_nano.a(libc_a-findfp.o)
                0x20000eb4                __sf
 .bss.errno     0x20000fec        0x4 C:/ST/STM32CubeIDE_1.19.0/STM32CubeIDE/plugins/com.st.stm32cube.ide.mcu.externaltools.gnu-tools-for-stm32.13.3.rel1.win32_1.0.0.202411081344/tools/bin/../lib/gcc/arm-none-eabi/13.3.1/../../../../arm-none-eabi/lib/thumb/v7-m/nofp\libc_nano.a(libc_a-reent.o)
                0x20000fec                errno
 .bss.__lock___malloc_recursive_mutex
                0x20000ff0        0x1 C:/ST/STM32CubeIDE_1.19.0/STM32CubeIDE/plugins/com.st.stm32cube.ide.mcu.externaltools.gnu-tools-for-stm32.13.3.rel1.win32_1.0.0.202411081344/tools/bin/../lib/gcc/arm-none-eabi/13.3.1/../../../../arm-none-eabi/lib/thumb/v7-m/nofp\libc_nano.a(libc_a-lock.o)
                0x20000ff0                __lock___malloc_recursive_mutex
 *fill*         0x20000ff1        0x3 
 .bss.__malloc_sbrk_start
                0x20000ff4        0x4 C:/ST/STM32CubeIDE_1.19.0/STM32CubeIDE/plugins/com.st.stm32cube.ide.mcu.externaltools.gnu-tools-for-stm32.13.3.rel1.win32_1.0.0.202411081344/tools/bin/../lib/gcc/arm-none-eabi/13.3.1/../../../../arm-none-eabi/lib/thumb/v7-m/nofp\libc_nano.a(libc_a-mallocr.o)
                0x20000ff4                __malloc_sbrk_start
 .bss.__malloc_free_list
                0x20000ff8        0x4 C:/ST/STM32CubeIDE_1.19.0/STM32CubeIDE/plugins/com.st.stm32cube.ide.mcu.externaltools.gnu-tools-for-stm32.13.3.rel1.win32_1.0.0.202411081344/tools/bin/../lib/gcc/arm-none-eabi/13.3.1/../../../../arm-none-eabi/lib/thumb/v7-m/nofp\libc_nano.a(libc_a-mallocr.o)
                0x20000ff8                __malloc_free_list
 *(COMMON)
                0x20000ffc                        . = ALIGN (0x4)
                0x20000ffc                        _ebss = .
                0x20000ffc                        __bss_end__ = _ebss

._user_heap_stack
                0x20000ffc      0x604 load address 0x08007840
                0x20001000                        . = ALIGN (0x8)
 *fill*         0x20000ffc        0x4 
                [!provide]                        PROVIDE (end = .)
                0x20001000                        PROVIDE (_end = .)
                0x20001200                        . = (. + _Min_Heap_Size)
 *fill*         0x20001000      0x200 
                0x20001600                        . = (. + _Min_Stack_Size)
 *fill*         0x20001200      0x400 
                0x20001600                        . = ALIGN (0x8)

/DISCARD/
 libc.a(*)
 libm.a(*)
 libgcc.a(*)

.ARM.attributes
                0x00000000       0x29
 *(.ARM.attributes)
 .ARM.attributes
                0x00000000       0x1d C:/ST/STM32CubeIDE_1.19.0/STM32CubeIDE/plugins/com.st.stm32cube.ide.mcu.externaltools.gnu-tools-for-stm32.13.3.rel1.win32_1.0.0.202411081344/tools/bin/../lib/gcc/arm-none-eabi/13.3.1/thumb/v7-m/nofp/crti.o
 .ARM.attributes
                0x0000001d       0x2d C:/ST/STM32CubeIDE_1.19.0/STM32CubeIDE/plugins/com.st.stm32cube.ide.mcu.externaltools.gnu-tools-for-stm32.13.3.rel1.win32_1.0.0.202411081344/tools/bin/../lib/gcc/arm-none-eabi/13.3.1/thumb/v7-m/nofp/crtbegin.o
 .ARM.attributes
                0x0000004a       0x2d ./Core/Src/main.o
 .ARM.attributes
                0x00000077       0x2d ./Core/Src/stm32f1xx_hal_msp.o
 .ARM.attributes
                0x000000a4       0x2d ./Core/Src/stm32f1xx_it.o
 .ARM.attributes
                0x000000d1       0x2d ./Core/Src/sysmem.o
 .ARM.attributes
                0x000000fe       0x2d ./Core/Src/system_stm32f1xx.o
 .ARM.attributes
                0x0000012b       0x21 ./Core/Startup/startup_stm32f103c8tx.o
 .ARM.attributes
                0x0000014c       0x2d ./Dashboard/Src/Dashboard_prog.o
 .ARM.attributes
                0x00000179       0x2d ./Drivers/STM32F1xx_HAL_Driver/Src/stm32f1xx_hal.o
 .ARM.attributes
                0x000001a6       0x2d ./Drivers/STM32F1xx_HAL_Driver/Src/stm32f1xx_hal_adc.o
 .ARM.attributes
                0x000001d3       0x2d ./Drivers/STM32F1xx_HAL_Driver/Src/stm32f1xx_hal_can.o
 .ARM.attributes
                0x00000200       0x2d ./Drivers/STM32F1xx_HAL_Driver/Src/stm32f1xx_hal_cortex.o
 .ARM.attributes
                0x0000022d       0x2d ./Drivers/STM32F1xx_HAL_Driver/Src/stm32f1xx_hal_dma.o
 .ARM.attributes
                0x0000025a       0x2d ./Drivers/STM32F1xx_HAL_Driver/Src/stm32f1xx_hal_gpio.o
 .ARM.attributes
                0x00000287       0x2d ./Drivers/STM32F1xx_HAL_Driver/Src/stm32f1xx_hal_rcc.o
 .ARM.attributes
                0x000002b4       0x2d ./Drivers/STM32F1xx_HAL_Driver/Src/stm32f1xx_hal_rcc_ex.o
 .ARM.attributes
                0x000002e1       0x2d ./Drivers/STM32F1xx_HAL_Driver/Src/stm32f1xx_hal_tim.o
 .ARM.attributes
                0x0000030e       0x2d ./Drivers/STM32F1xx_HAL_Driver/Src/stm32f1xx_hal_tim_ex.o
 .ARM.attributes
                0x0000033b       0x2d ./Drivers/STM32F1xx_HAL_Driver/Src/stm32f1xx_hal_uart.o
 .ARM.attributes
                0x00000368       0x2d ./Nextion/Src/Nextion_prog.o
 .ARM.attributes
                0x00000395       0x2d ./PROX/Src/PROX_prog.o
 .ARM.attributes
                0x000003c2       0x2d C:/ST/STM32CubeIDE_1.19.0/STM32CubeIDE/plugins/com.st.stm32cube.ide.mcu.externaltools.gnu-tools-for-stm32.13.3.rel1.win32_1.0.0.202411081344/tools/bin/../lib/gcc/arm-none-eabi/13.3.1/../../../../arm-none-eabi/lib/thumb/v7-m/nofp\libc_nano.a(libc_a-findfp.o)
 .ARM.attributes
                0x000003ef       0x2d C:/ST/STM32CubeIDE_1.19.0/STM32CubeIDE/plugins/com.st.stm32cube.ide.mcu.externaltools.gnu-tools-for-stm32.13.3.rel1.win32_1.0.0.202411081344/tools/bin/../lib/gcc/arm-none-eabi/13.3.1/../../../../arm-none-eabi/lib/thumb/v7-m/nofp\libc_nano.a(libc_a-sprintf.o)
 .ARM.attributes
                0x0000041c       0x2d C:/ST/STM32CubeIDE_1.19.0/STM32CubeIDE/plugins/com.st.stm32cube.ide.mcu.externaltools.gnu-tools-for-stm32.13.3.rel1.win32_1.0.0.202411081344/tools/bin/../lib/gcc/arm-none-eabi/13.3.1/../../../../arm-none-eabi/lib/thumb/v7-m/nofp\libc_nano.a(libc_a-memset.o)
 .ARM.attributes
                0x00000449       0x2d C:/ST/STM32CubeIDE_1.19.0/STM32CubeIDE/plugins/com.st.stm32cube.ide.mcu.externaltools.gnu-tools-for-stm32.13.3.rel1.win32_1.0.0.202411081344/tools/bin/../lib/gcc/arm-none-eabi/13.3.1/../../../../arm-none-eabi/lib/thumb/v7-m/nofp\libc_nano.a(libc_a-reent.o)
 .ARM.attributes
                0x00000476       0x2d C:/ST/STM32CubeIDE_1.19.0/STM32CubeIDE/plugins/com.st.stm32cube.ide.mcu.externaltools.gnu-tools-for-stm32.13.3.rel1.win32_1.0.0.202411081344/tools/bin/../lib/gcc/arm-none-eabi/13.3.1/../../../../arm-none-eabi/lib/thumb/v7-m/nofp\libc_nano.a(libc_a-impure.o)
 .ARM.attributes
                0x000004a3       0x2d C:/ST/STM32CubeIDE_1.19.0/STM32CubeIDE/plugins/com.st.stm32cube.ide.mcu.externaltools.gnu-tools-for-stm32.13.3.rel1.win32_1.0.0.202411081344/tools/bin/../lib/gcc/arm-none-eabi/13.3.1/../../../../arm-none-eabi/lib/thumb/v7-m/nofp\libc_nano.a(libc_a-errno.o)
 .ARM.attributes
                0x000004d0       0x2d C:/ST/STM32CubeIDE_1.19.0/STM32CubeIDE/plugins/com.st.stm32cube.ide.mcu.externaltools.gnu-tools-for-stm32.13.3.rel1.win32_1.0.0.202411081344/tools/bin/../lib/gcc/arm-none-eabi/13.3.1/../../../../arm-none-eabi/lib/thumb/v7-m/nofp\libc_nano.a(libc_a-init.o)
 .ARM.attributes
                0x000004fd       0x2d C:/ST/STM32CubeIDE_1.19.0/STM32CubeIDE/plugins/com.st.stm32cube.ide.mcu.externaltools.gnu-tools-for-stm32.13.3.rel1.win32_1.0.0.202411081344/tools/bin/../lib/gcc/arm-none-eabi/13.3.1/../../../../arm-none-eabi/lib/thumb/v7-m/nofp\libc_nano.a(libc_a-lock.o)
 .ARM.attributes
                0x0000052a       0x2d C:/ST/STM32CubeIDE_1.19.0/STM32CubeIDE/plugins/com.st.stm32cube.ide.mcu.externaltools.gnu-tools-for-stm32.13.3.rel1.win32_1.0.0.202411081344/tools/bin/../lib/gcc/arm-none-eabi/13.3.1/../../../../arm-none-eabi/lib/thumb/v7-m/nofp\libc_nano.a(libc_a-strcpy.o)
 .ARM.attributes
                0x00000557       0x2d C:/ST/STM32CubeIDE_1.19.0/STM32CubeIDE/plugins/com.st.stm32cube.ide.mcu.externaltools.gnu-tools-for-stm32.13.3.rel1.win32_1.0.0.202411081344/tools/bin/../lib/gcc/arm-none-eabi/13.3.1/../../../../arm-none-eabi/lib/thumb/v7-m/nofp\libc_nano.a(libc_a-freer.o)
 .ARM.attributes
                0x00000584       0x2d C:/ST/STM32CubeIDE_1.19.0/STM32CubeIDE/plugins/com.st.stm32cube.ide.mcu.externaltools.gnu-tools-for-stm32.13.3.rel1.win32_1.0.0.202411081344/tools/bin/../lib/gcc/arm-none-eabi/13.3.1/../../../../arm-none-eabi/lib/thumb/v7-m/nofp\libc_nano.a(libc_a-mallocr.o)
 .ARM.attributes
                0x000005b1       0x2d C:/ST/STM32CubeIDE_1.19.0/STM32CubeIDE/plugins/com.st.stm32cube.ide.mcu.externaltools.gnu-tools-for-stm32.13.3.rel1.win32_1.0.0.202411081344/tools/bin/../lib/gcc/arm-none-eabi/13.3.1/../../../../arm-none-eabi/lib/thumb/v7-m/nofp\libc_nano.a(libc_a-mlock.o)
 .ARM.attributes
                0x000005de       0x2d C:/ST/STM32CubeIDE_1.19.0/STM32CubeIDE/plugins/com.st.stm32cube.ide.mcu.externaltools.gnu-tools-for-stm32.13.3.rel1.win32_1.0.0.202411081344/tools/bin/../lib/gcc/arm-none-eabi/13.3.1/../../../../arm-none-eabi/lib/thumb/v7-m/nofp\libc_nano.a(libc_a-nano-svfprintf.o)
 .ARM.attributes
                0x0000060b       0x2d C:/ST/STM32CubeIDE_1.19.0/STM32CubeIDE/plugins/com.st.stm32cube.ide.mcu.externaltools.gnu-tools-for-stm32.13.3.rel1.win32_1.0.0.202411081344/tools/bin/../lib/gcc/arm-none-eabi/13.3.1/../../../../arm-none-eabi/lib/thumb/v7-m/nofp\libc_nano.a(libc_a-nano-vfprintf_i.o)
 .ARM.attributes
                0x00000638       0x2d C:/ST/STM32CubeIDE_1.19.0/STM32CubeIDE/plugins/com.st.stm32cube.ide.mcu.externaltools.gnu-tools-for-stm32.13.3.rel1.win32_1.0.0.202411081344/tools/bin/../lib/gcc/arm-none-eabi/13.3.1/../../../../arm-none-eabi/lib/thumb/v7-m/nofp\libc_nano.a(libc_a-memmove.o)
 .ARM.attributes
                0x00000665       0x2d C:/ST/STM32CubeIDE_1.19.0/STM32CubeIDE/plugins/com.st.stm32cube.ide.mcu.externaltools.gnu-tools-for-stm32.13.3.rel1.win32_1.0.0.202411081344/tools/bin/../lib/gcc/arm-none-eabi/13.3.1/../../../../arm-none-eabi/lib/thumb/v7-m/nofp\libc_nano.a(libc_a-sbrkr.o)
 .ARM.attributes
                0x00000692       0x2d C:/ST/STM32CubeIDE_1.19.0/STM32CubeIDE/plugins/com.st.stm32cube.ide.mcu.externaltools.gnu-tools-for-stm32.13.3.rel1.win32_1.0.0.202411081344/tools/bin/../lib/gcc/arm-none-eabi/13.3.1/../../../../arm-none-eabi/lib/thumb/v7-m/nofp\libc_nano.a(libc_a-memchr-stub.o)
 .ARM.attributes
                0x000006bf       0x2d C:/ST/STM32CubeIDE_1.19.0/STM32CubeIDE/plugins/com.st.stm32cube.ide.mcu.externaltools.gnu-tools-for-stm32.13.3.rel1.win32_1.0.0.202411081344/tools/bin/../lib/gcc/arm-none-eabi/13.3.1/../../../../arm-none-eabi/lib/thumb/v7-m/nofp\libc_nano.a(libc_a-memcpy-stub.o)
 .ARM.attributes
                0x000006ec       0x2d C:/ST/STM32CubeIDE_1.19.0/STM32CubeIDE/plugins/com.st.stm32cube.ide.mcu.externaltools.gnu-tools-for-stm32.13.3.rel1.win32_1.0.0.202411081344/tools/bin/../lib/gcc/arm-none-eabi/13.3.1/../../../../arm-none-eabi/lib/thumb/v7-m/nofp\libc_nano.a(libc_a-reallocr.o)
 .ARM.attributes
                0x00000719       0x2d C:/ST/STM32CubeIDE_1.19.0/STM32CubeIDE/plugins/com.st.stm32cube.ide.mcu.externaltools.gnu-tools-for-stm32.13.3.rel1.win32_1.0.0.202411081344/tools/bin/../lib/gcc/arm-none-eabi/13.3.1/../../../../arm-none-eabi/lib/thumb/v7-m/nofp\libc_nano.a(libc_a-msizer.o)
 .ARM.attributes
                0x00000746       0x1d C:/ST/STM32CubeIDE_1.19.0/STM32CubeIDE/plugins/com.st.stm32cube.ide.mcu.externaltools.gnu-tools-for-stm32.13.3.rel1.win32_1.0.0.202411081344/tools/bin/../lib/gcc/arm-none-eabi/13.3.1/thumb/v7-m/nofp\libgcc.a(_arm_addsubdf3.o)
 .ARM.attributes
                0x00000763       0x1d C:/ST/STM32CubeIDE_1.19.0/STM32CubeIDE/plugins/com.st.stm32cube.ide.mcu.externaltools.gnu-tools-for-stm32.13.3.rel1.win32_1.0.0.202411081344/tools/bin/../lib/gcc/arm-none-eabi/13.3.1/thumb/v7-m/nofp\libgcc.a(_arm_muldivdf3.o)
 .ARM.attributes
                0x00000780       0x1d C:/ST/STM32CubeIDE_1.19.0/STM32CubeIDE/plugins/com.st.stm32cube.ide.mcu.externaltools.gnu-tools-for-stm32.13.3.rel1.win32_1.0.0.202411081344/tools/bin/../lib/gcc/arm-none-eabi/13.3.1/thumb/v7-m/nofp\libgcc.a(_arm_cmpdf2.o)
 .ARM.attributes
                0x0000079d       0x1d C:/ST/STM32CubeIDE_1.19.0/STM32CubeIDE/plugins/com.st.stm32cube.ide.mcu.externaltools.gnu-tools-for-stm32.13.3.rel1.win32_1.0.0.202411081344/tools/bin/../lib/gcc/arm-none-eabi/13.3.1/thumb/v7-m/nofp\libgcc.a(_arm_fixunsdfsi.o)
 .ARM.attributes
                0x000007ba       0x1d C:/ST/STM32CubeIDE_1.19.0/STM32CubeIDE/plugins/com.st.stm32cube.ide.mcu.externaltools.gnu-tools-for-stm32.13.3.rel1.win32_1.0.0.202411081344/tools/bin/../lib/gcc/arm-none-eabi/13.3.1/thumb/v7-m/nofp\libgcc.a(_arm_truncdfsf2.o)
 .ARM.attributes
                0x000007d7       0x1d C:/ST/STM32CubeIDE_1.19.0/STM32CubeIDE/plugins/com.st.stm32cube.ide.mcu.externaltools.gnu-tools-for-stm32.13.3.rel1.win32_1.0.0.202411081344/tools/bin/../lib/gcc/arm-none-eabi/13.3.1/thumb/v7-m/nofp\libgcc.a(_arm_addsubsf3.o)
 .ARM.attributes
                0x000007f4       0x1d C:/ST/STM32CubeIDE_1.19.0/STM32CubeIDE/plugins/com.st.stm32cube.ide.mcu.externaltools.gnu-tools-for-stm32.13.3.rel1.win32_1.0.0.202411081344/tools/bin/../lib/gcc/arm-none-eabi/13.3.1/thumb/v7-m/nofp\libgcc.a(_arm_muldivsf3.o)
 .ARM.attributes
                0x00000811       0x1d C:/ST/STM32CubeIDE_1.19.0/STM32CubeIDE/plugins/com.st.stm32cube.ide.mcu.externaltools.gnu-tools-for-stm32.13.3.rel1.win32_1.0.0.202411081344/tools/bin/../lib/gcc/arm-none-eabi/13.3.1/thumb/v7-m/nofp\libgcc.a(_arm_fixunssfsi.o)
 .ARM.attributes
                0x0000082e       0x1d C:/ST/STM32CubeIDE_1.19.0/STM32CubeIDE/plugins/com.st.stm32cube.ide.mcu.externaltools.gnu-tools-for-stm32.13.3.rel1.win32_1.0.0.202411081344/tools/bin/../lib/gcc/arm-none-eabi/13.3.1/thumb/v7-m/nofp/crtn.o
OUTPUT(Dashboard_2.elf elf32-littlearm)
LOAD linker stubs
LOAD C:/ST/STM32CubeIDE_1.19.0/STM32CubeIDE/plugins/com.st.stm32cube.ide.mcu.externaltools.gnu-tools-for-stm32.13.3.rel1.win32_1.0.0.202411081344/tools/bin/../lib/gcc/arm-none-eabi/13.3.1/../../../../arm-none-eabi/lib/thumb/v7-m/nofp\libc.a
LOAD C:/ST/STM32CubeIDE_1.19.0/STM32CubeIDE/plugins/com.st.stm32cube.ide.mcu.externaltools.gnu-tools-for-stm32.13.3.rel1.win32_1.0.0.202411081344/tools/bin/../lib/gcc/arm-none-eabi/13.3.1/../../../../arm-none-eabi/lib/thumb/v7-m/nofp\libm.a
LOAD C:/ST/STM32CubeIDE_1.19.0/STM32CubeIDE/plugins/com.st.stm32cube.ide.mcu.externaltools.gnu-tools-for-stm32.13.3.rel1.win32_1.0.0.202411081344/tools/bin/../lib/gcc/arm-none-eabi/13.3.1/thumb/v7-m/nofp\libgcc.a

.debug_info     0x00000000    0x11ea4
 .debug_info    0x00000000     0x1a44 ./Core/Src/main.o
 .debug_info    0x00001a44     0x1496 ./Core/Src/stm32f1xx_hal_msp.o
 .debug_info    0x00002eda      0xdbb ./Core/Src/stm32f1xx_it.o
 .debug_info    0x00003c95      0x168 ./Core/Src/sysmem.o
 .debug_info    0x00003dfd      0x222 ./Core/Src/system_stm32f1xx.o
 .debug_info    0x0000401f       0x30 ./Core/Startup/startup_stm32f103c8tx.o
 .debug_info    0x0000404f     0x18e8 ./Dashboard/Src/Dashboard_prog.o
 .debug_info    0x00005937      0x704 ./Drivers/STM32F1xx_HAL_Driver/Src/stm32f1xx_hal.o
 .debug_info    0x0000603b      0xc50 ./Drivers/STM32F1xx_HAL_Driver/Src/stm32f1xx_hal_adc.o
 .debug_info    0x00006c8b      0xf13 ./Drivers/STM32F1xx_HAL_Driver/Src/stm32f1xx_hal_can.o
 .debug_info    0x00007b9e      0xa87 ./Drivers/STM32F1xx_HAL_Driver/Src/stm32f1xx_hal_cortex.o
 .debug_info    0x00008625      0x6d2 ./Drivers/STM32F1xx_HAL_Driver/Src/stm32f1xx_hal_dma.o
 .debug_info    0x00008cf7      0x5ab ./Drivers/STM32F1xx_HAL_Driver/Src/stm32f1xx_hal_gpio.o
 .debug_info    0x000092a2      0x7d5 ./Drivers/STM32F1xx_HAL_Driver/Src/stm32f1xx_hal_rcc.o
 .debug_info    0x00009a77      0x3c0 ./Drivers/STM32F1xx_HAL_Driver/Src/stm32f1xx_hal_rcc_ex.o
 .debug_info    0x00009e37     0x2959 ./Drivers/STM32F1xx_HAL_Driver/Src/stm32f1xx_hal_tim.o
 .debug_info    0x0000c790     0x149b ./Drivers/STM32F1xx_HAL_Driver/Src/stm32f1xx_hal_tim_ex.o
 .debug_info    0x0000dc2b     0x2eed ./Drivers/STM32F1xx_HAL_Driver/Src/stm32f1xx_hal_uart.o
 .debug_info    0x00010b18      0x8b7 ./Nextion/Src/Nextion_prog.o
 .debug_info    0x000113cf      0xad5 ./PROX/Src/PROX_prog.o

.debug_abbrev   0x00000000     0x2a5d
 .debug_abbrev  0x00000000      0x330 ./Core/Src/main.o
 .debug_abbrev  0x00000330      0x262 ./Core/Src/stm32f1xx_hal_msp.o
 .debug_abbrev  0x00000592      0x222 ./Core/Src/stm32f1xx_it.o
 .debug_abbrev  0x000007b4       0xbc ./Core/Src/sysmem.o
 .debug_abbrev  0x00000870      0x13f ./Core/Src/system_stm32f1xx.o
 .debug_abbrev  0x000009af       0x24 ./Core/Startup/startup_stm32f103c8tx.o
 .debug_abbrev  0x000009d3      0x382 ./Dashboard/Src/Dashboard_prog.o
 .debug_abbrev  0x00000d55      0x201 ./Drivers/STM32F1xx_HAL_Driver/Src/stm32f1xx_hal.o
 .debug_abbrev  0x00000f56      0x225 ./Drivers/STM32F1xx_HAL_Driver/Src/stm32f1xx_hal_adc.o
 .debug_abbrev  0x0000117b      0x21c ./Drivers/STM32F1xx_HAL_Driver/Src/stm32f1xx_hal_can.o
 .debug_abbrev  0x00001397      0x2f8 ./Drivers/STM32F1xx_HAL_Driver/Src/stm32f1xx_hal_cortex.o
 .debug_abbrev  0x0000168f      0x20b ./Drivers/STM32F1xx_HAL_Driver/Src/stm32f1xx_hal_dma.o
 .debug_abbrev  0x0000189a      0x1ca ./Drivers/STM32F1xx_HAL_Driver/Src/stm32f1xx_hal_gpio.o
 .debug_abbrev  0x00001a64      0x2b3 ./Drivers/STM32F1xx_HAL_Driver/Src/stm32f1xx_hal_rcc.o
 .debug_abbrev  0x00001d17      0x188 ./Drivers/STM32F1xx_HAL_Driver/Src/stm32f1xx_hal_rcc_ex.o
 .debug_abbrev  0x00001e9f      0x277 ./Drivers/STM32F1xx_HAL_Driver/Src/stm32f1xx_hal_tim.o
 .debug_abbrev  0x00002116      0x282 ./Drivers/STM32F1xx_HAL_Driver/Src/stm32f1xx_hal_tim_ex.o
 .debug_abbrev  0x00002398      0x2f8 ./Drivers/STM32F1xx_HAL_Driver/Src/stm32f1xx_hal_uart.o
 .debug_abbrev  0x00002690      0x1f5 ./Nextion/Src/Nextion_prog.o
 .debug_abbrev  0x00002885      0x1d8 ./PROX/Src/PROX_prog.o

.debug_aranges  0x00000000      0xfe0
 .debug_aranges
                0x00000000       0x90 ./Core/Src/main.o
 .debug_aranges
                0x00000090       0x60 ./Core/Src/stm32f1xx_hal_msp.o
 .debug_aranges
                0x000000f0       0xb0 ./Core/Src/stm32f1xx_it.o
 .debug_aranges
                0x000001a0       0x20 ./Core/Src/sysmem.o
 .debug_aranges
                0x000001c0       0x28 ./Core/Src/system_stm32f1xx.o
 .debug_aranges
                0x000001e8       0x28 ./Core/Startup/startup_stm32f103c8tx.o
 .debug_aranges
                0x00000210       0x60 ./Dashboard/Src/Dashboard_prog.o
 .debug_aranges
                0x00000270       0xe0 ./Drivers/STM32F1xx_HAL_Driver/Src/stm32f1xx_hal.o
 .debug_aranges
                0x00000350       0xf0 ./Drivers/STM32F1xx_HAL_Driver/Src/stm32f1xx_hal_adc.o
 .debug_aranges
                0x00000440      0x138 ./Drivers/STM32F1xx_HAL_Driver/Src/stm32f1xx_hal_can.o
 .debug_aranges
                0x00000578      0x100 ./Drivers/STM32F1xx_HAL_Driver/Src/stm32f1xx_hal_cortex.o
 .debug_aranges
                0x00000678       0x80 ./Drivers/STM32F1xx_HAL_Driver/Src/stm32f1xx_hal_dma.o
 .debug_aranges
                0x000006f8       0x58 ./Drivers/STM32F1xx_HAL_Driver/Src/stm32f1xx_hal_gpio.o
 .debug_aranges
                0x00000750       0x90 ./Drivers/STM32F1xx_HAL_Driver/Src/stm32f1xx_hal_rcc.o
 .debug_aranges
                0x000007e0       0x30 ./Drivers/STM32F1xx_HAL_Driver/Src/stm32f1xx_hal_rcc_ex.o
 .debug_aranges
                0x00000810      0x3d0 ./Drivers/STM32F1xx_HAL_Driver/Src/stm32f1xx_hal_tim.o
 .debug_aranges
                0x00000be0      0x168 ./Drivers/STM32F1xx_HAL_Driver/Src/stm32f1xx_hal_tim_ex.o
 .debug_aranges
                0x00000d48      0x208 ./Drivers/STM32F1xx_HAL_Driver/Src/stm32f1xx_hal_uart.o
 .debug_aranges
                0x00000f50       0x60 ./Nextion/Src/Nextion_prog.o
 .debug_aranges
                0x00000fb0       0x30 ./PROX/Src/PROX_prog.o

.debug_rnglists
                0x00000000      0xc5b
 .debug_rnglists
                0x00000000       0x6f ./Core/Src/main.o
 .debug_rnglists
                0x0000006f       0x47 ./Core/Src/stm32f1xx_hal_msp.o
 .debug_rnglists
                0x000000b6       0x7f ./Core/Src/stm32f1xx_it.o
 .debug_rnglists
                0x00000135       0x13 ./Core/Src/sysmem.o
 .debug_rnglists
                0x00000148       0x1a ./Core/Src/system_stm32f1xx.o
 .debug_rnglists
                0x00000162       0x19 ./Core/Startup/startup_stm32f103c8tx.o
 .debug_rnglists
                0x0000017b       0x4a ./Dashboard/Src/Dashboard_prog.o
 .debug_rnglists
                0x000001c5       0xa3 ./Drivers/STM32F1xx_HAL_Driver/Src/stm32f1xx_hal.o
 .debug_rnglists
                0x00000268       0xbc ./Drivers/STM32F1xx_HAL_Driver/Src/stm32f1xx_hal_adc.o
 .debug_rnglists
                0x00000324       0xed ./Drivers/STM32F1xx_HAL_Driver/Src/stm32f1xx_hal_can.o
 .debug_rnglists
                0x00000411       0xbb ./Drivers/STM32F1xx_HAL_Driver/Src/stm32f1xx_hal_cortex.o
 .debug_rnglists
                0x000004cc       0x64 ./Drivers/STM32F1xx_HAL_Driver/Src/stm32f1xx_hal_dma.o
 .debug_rnglists
                0x00000530       0x3f ./Drivers/STM32F1xx_HAL_Driver/Src/stm32f1xx_hal_gpio.o
 .debug_rnglists
                0x0000056f       0x6c ./Drivers/STM32F1xx_HAL_Driver/Src/stm32f1xx_hal_rcc.o
 .debug_rnglists
                0x000005db       0x21 ./Drivers/STM32F1xx_HAL_Driver/Src/stm32f1xx_hal_rcc_ex.o
 .debug_rnglists
                0x000005fc      0x31a ./Drivers/STM32F1xx_HAL_Driver/Src/stm32f1xx_hal_tim.o
 .debug_rnglists
                0x00000916      0x125 ./Drivers/STM32F1xx_HAL_Driver/Src/stm32f1xx_hal_tim_ex.o
 .debug_rnglists
                0x00000a3b      0x1bc ./Drivers/STM32F1xx_HAL_Driver/Src/stm32f1xx_hal_uart.o
 .debug_rnglists
                0x00000bf7       0x44 ./Nextion/Src/Nextion_prog.o
 .debug_rnglists
                0x00000c3b       0x20 ./PROX/Src/PROX_prog.o

.debug_macro    0x00000000    0x19657
 .debug_macro   0x00000000      0x2c6 ./Core/Src/main.o
 .debug_macro   0x000002c6      0xacc ./Core/Src/main.o
 .debug_macro   0x00000d92      0x227 ./Core/Src/main.o
 .debug_macro   0x00000fb9       0x2e ./Core/Src/main.o
 .debug_macro   0x00000fe7       0x22 ./Core/Src/main.o
 .debug_macro   0x00001009       0x22 ./Core/Src/main.o
 .debug_macro   0x0000102b       0x8e ./Core/Src/main.o
 .debug_macro   0x000010b9       0x51 ./Core/Src/main.o
 .debug_macro   0x0000110a      0x103 ./Core/Src/main.o
 .debug_macro   0x0000120d       0x6a ./Core/Src/main.o
 .debug_macro   0x00001277      0x1df ./Core/Src/main.o
 .debug_macro   0x00001456       0x1c ./Core/Src/main.o
 .debug_macro   0x00001472       0x22 ./Core/Src/main.o
 .debug_macro   0x00001494       0xbd ./Core/Src/main.o
 .debug_macro   0x00001551      0xd23 ./Core/Src/main.o
 .debug_macro   0x00002274     0xe09e ./Core/Src/main.o
 .debug_macro   0x00010312       0x6d ./Core/Src/main.o
 .debug_macro   0x0001037f     0x34a2 ./Core/Src/main.o
 .debug_macro   0x00013821      0x190 ./Core/Src/main.o
 .debug_macro   0x000139b1       0x5c ./Core/Src/main.o
 .debug_macro   0x00013a0d      0x5bc ./Core/Src/main.o
 .debug_macro   0x00013fc9      0x289 ./Core/Src/main.o
 .debug_macro   0x00014252      0x1cb ./Core/Src/main.o
 .debug_macro   0x0001441d      0x114 ./Core/Src/main.o
 .debug_macro   0x00014531      0x1b2 ./Core/Src/main.o
 .debug_macro   0x000146e3       0x27 ./Core/Src/main.o
 .debug_macro   0x0001470a      0x136 ./Core/Src/main.o
 .debug_macro   0x00014840      0x1bc ./Core/Src/main.o
 .debug_macro   0x000149fc       0x34 ./Core/Src/main.o
 .debug_macro   0x00014a30       0x3c ./Core/Src/main.o
 .debug_macro   0x00014a6c      0x408 ./Core/Src/main.o
 .debug_macro   0x00014e74       0x57 ./Core/Src/main.o
 .debug_macro   0x00014ecb      0x46a ./Core/Src/main.o
 .debug_macro   0x00015335      0x1b5 ./Core/Src/main.o
 .debug_macro   0x000154ea       0x87 ./Core/Src/main.o
 .debug_macro   0x00015571      0x240 ./Core/Src/main.o
 .debug_macro   0x000157b1      0x140 ./Core/Src/main.o
 .debug_macro   0x000158f1      0x8ed ./Core/Src/main.o
 .debug_macro   0x000161de      0x28e ./Core/Src/main.o
 .debug_macro   0x0001646c       0x83 ./Core/Src/main.o
 .debug_macro   0x000164ef       0x61 ./Core/Src/main.o
 .debug_macro   0x00016550       0x24 ./Core/Src/main.o
 .debug_macro   0x00016574       0x43 ./Core/Src/main.o
 .debug_macro   0x000165b7       0x34 ./Core/Src/main.o
 .debug_macro   0x000165eb      0x370 ./Core/Src/main.o
 .debug_macro   0x0001695b       0x16 ./Core/Src/main.o
 .debug_macro   0x00016971       0x4a ./Core/Src/main.o
 .debug_macro   0x000169bb       0x34 ./Core/Src/main.o
 .debug_macro   0x000169ef       0x10 ./Core/Src/main.o
 .debug_macro   0x000169ff       0x58 ./Core/Src/main.o
 .debug_macro   0x00016a57       0x8e ./Core/Src/main.o
 .debug_macro   0x00016ae5       0x1c ./Core/Src/main.o
 .debug_macro   0x00016b01      0x185 ./Core/Src/main.o
 .debug_macro   0x00016c86       0x10 ./Core/Src/main.o
 .debug_macro   0x00016c96       0x3c ./Core/Src/main.o
 .debug_macro   0x00016cd2       0x20 ./Core/Src/main.o
 .debug_macro   0x00016cf2       0x1c ./Core/Src/main.o
 .debug_macro   0x00016d0e       0x1c ./Core/Src/main.o
 .debug_macro   0x00016d2a       0xa0 ./Core/Src/main.o
 .debug_macro   0x00016dca       0x22 ./Core/Src/main.o
 .debug_macro   0x00016dec       0x3a ./Core/Src/main.o
 .debug_macro   0x00016e26      0x1cb ./Core/Src/stm32f1xx_hal_msp.o
 .debug_macro   0x00016ff1      0x1d5 ./Core/Src/stm32f1xx_it.o
 .debug_macro   0x000171c6      0x112 ./Core/Src/sysmem.o
 .debug_macro   0x000172d8      0x23c ./Core/Src/sysmem.o
 .debug_macro   0x00017514      0x1c1 ./Core/Src/system_stm32f1xx.o
 .debug_macro   0x000176d5      0x2fc ./Dashboard/Src/Dashboard_prog.o
 .debug_macro   0x000179d1       0x16 ./Dashboard/Src/Dashboard_prog.o
 .debug_macro   0x000179e7       0x9e ./Dashboard/Src/Dashboard_prog.o
 .debug_macro   0x00017a85      0x112 ./Dashboard/Src/Dashboard_prog.o
 .debug_macro   0x00017b97       0x16 ./Dashboard/Src/Dashboard_prog.o
 .debug_macro   0x00017bad       0x56 ./Dashboard/Src/Dashboard_prog.o
 .debug_macro   0x00017c03       0x1c ./Dashboard/Src/Dashboard_prog.o
 .debug_macro   0x00017c1f      0x1e5 ./Drivers/STM32F1xx_HAL_Driver/Src/stm32f1xx_hal.o
 .debug_macro   0x00017e04      0x1de ./Drivers/STM32F1xx_HAL_Driver/Src/stm32f1xx_hal_adc.o
 .debug_macro   0x00017fe2      0x1d0 ./Drivers/STM32F1xx_HAL_Driver/Src/stm32f1xx_hal_can.o
 .debug_macro   0x000181b2      0x1c1 ./Drivers/STM32F1xx_HAL_Driver/Src/stm32f1xx_hal_cortex.o
 .debug_macro   0x00018373      0x1c1 ./Drivers/STM32F1xx_HAL_Driver/Src/stm32f1xx_hal_dma.o
 .debug_macro   0x00018534      0x22c ./Drivers/STM32F1xx_HAL_Driver/Src/stm32f1xx_hal_gpio.o
 .debug_macro   0x00018760      0x1d3 ./Drivers/STM32F1xx_HAL_Driver/Src/stm32f1xx_hal_rcc.o
 .debug_macro   0x00018933      0x1c1 ./Drivers/STM32F1xx_HAL_Driver/Src/stm32f1xx_hal_rcc_ex.o
 .debug_macro   0x00018af4      0x1c2 ./Drivers/STM32F1xx_HAL_Driver/Src/stm32f1xx_hal_tim.o
 .debug_macro   0x00018cb6      0x1c1 ./Drivers/STM32F1xx_HAL_Driver/Src/stm32f1xx_hal_tim_ex.o
 .debug_macro   0x00018e77      0x1c2 ./Drivers/STM32F1xx_HAL_Driver/Src/stm32f1xx_hal_uart.o
 .debug_macro   0x00019039      0x313 ./Nextion/Src/Nextion_prog.o
 .debug_macro   0x0001934c       0x16 ./Nextion/Src/Nextion_prog.o
 .debug_macro   0x00019362      0x2f5 ./PROX/Src/PROX_prog.o

.debug_line     0x00000000    0x12bca
 .debug_line    0x00000000      0xdf3 ./Core/Src/main.o
 .debug_line    0x00000df3      0x8ec ./Core/Src/stm32f1xx_hal_msp.o
 .debug_line    0x000016df      0x8e5 ./Core/Src/stm32f1xx_it.o
 .debug_line    0x00001fc4      0x588 ./Core/Src/sysmem.o
 .debug_line    0x0000254c      0x7c3 ./Core/Src/system_stm32f1xx.o
 .debug_line    0x00002d0f       0x78 ./Core/Startup/startup_stm32f103c8tx.o
 .debug_line    0x00002d87      0xe14 ./Dashboard/Src/Dashboard_prog.o
 .debug_line    0x00003b9b      0x9f4 ./Drivers/STM32F1xx_HAL_Driver/Src/stm32f1xx_hal.o
 .debug_line    0x0000458f     0x1019 ./Drivers/STM32F1xx_HAL_Driver/Src/stm32f1xx_hal_adc.o
 .debug_line    0x000055a8     0x11ed ./Drivers/STM32F1xx_HAL_Driver/Src/stm32f1xx_hal_can.o
 .debug_line    0x00006795      0xbbe ./Drivers/STM32F1xx_HAL_Driver/Src/stm32f1xx_hal_cortex.o
 .debug_line    0x00007353      0xdfe ./Drivers/STM32F1xx_HAL_Driver/Src/stm32f1xx_hal_dma.o
 .debug_line    0x00008151      0xa51 ./Drivers/STM32F1xx_HAL_Driver/Src/stm32f1xx_hal_gpio.o
 .debug_line    0x00008ba2      0xead ./Drivers/STM32F1xx_HAL_Driver/Src/stm32f1xx_hal_rcc.o
 .debug_line    0x00009a4f      0x95e ./Drivers/STM32F1xx_HAL_Driver/Src/stm32f1xx_hal_rcc_ex.o
 .debug_line    0x0000a3ad     0x34e2 ./Drivers/STM32F1xx_HAL_Driver/Src/stm32f1xx_hal_tim.o
 .debug_line    0x0000d88f     0x18b8 ./Drivers/STM32F1xx_HAL_Driver/Src/stm32f1xx_hal_tim_ex.o
 .debug_line    0x0000f147     0x2510 ./Drivers/STM32F1xx_HAL_Driver/Src/stm32f1xx_hal_uart.o
 .debug_line    0x00011657      0xac8 ./Nextion/Src/Nextion_prog.o
 .debug_line    0x0001211f      0xaab ./PROX/Src/PROX_prog.o

.debug_str      0x00000000    0x92b9c
 .debug_str     0x00000000    0x92b9c ./Core/Src/main.o
                              0x8ee6f (size before relaxing)
 .debug_str     0x00092b9c    0x8b15f ./Core/Src/stm32f1xx_hal_msp.o
 .debug_str     0x00092b9c    0x8ad89 ./Core/Src/stm32f1xx_it.o
 .debug_str     0x00092b9c     0x7728 ./Core/Src/sysmem.o
 .debug_str     0x00092b9c    0x8a32c ./Core/Src/system_stm32f1xx.o
 .debug_str     0x00092b9c       0x82 ./Core/Startup/startup_stm32f103c8tx.o
 .debug_str     0x00092b9c    0x8f1fc ./Dashboard/Src/Dashboard_prog.o
 .debug_str     0x00092b9c    0x8aa5f ./Drivers/STM32F1xx_HAL_Driver/Src/stm32f1xx_hal.o
 .debug_str     0x00092b9c    0x8aa10 ./Drivers/STM32F1xx_HAL_Driver/Src/stm32f1xx_hal_adc.o