../Core/Src/main.c:104:6:HAL_CAN_RxFifo0MsgPendingCallback	16	static
../Core/Src/main.c:125:6:HAL_GPIO_EXTI_Callback	16	static
../Core/Src/main.c:160:6:HAL_TIM_IC_CaptureCallback	16	static
../Core/Src/main.c:169:6:HAL_TIM_PeriodElapsedCallback	16	static
../Core/Src/main.c:194:5:main	8	static
../Core/Src/main.c:265:6:SystemClock_Config	88	static
../Core/Src/main.c:312:13:MX_ADC1_Init	24	static
../Core/Src/main.c:359:13:MX_CAN_Init	48	static
../Core/Src/main.c:409:13:MX_TIM1_Init	32	static
../Core/Src/main.c:455:13:MX_TIM2_Init	32	static
../Core/Src/main.c:501:13:MX_TIM3_Init	48	static
../Core/Src/main.c:563:13:MX_TIM4_Init	32	static
../Core/Src/main.c:608:13:MX_USART1_UART_Init	8	static
../Core/Src/main.c:641:13:MX_GPIO_Init	40	static
../Core/Src/main.c:719:6:Error_Handler	4	static,ignoring_inline_asm
