../Core/Src/main.c:102:6:HAL_CAN_RxFifo0MsgPendingCallback	16	static
../Core/Src/main.c:123:6:HAL_GPIO_EXTI_Callback	16	static
../Core/Src/main.c:158:6:HAL_TIM_IC_CaptureCallback	16	static
../Core/Src/main.c:167:6:HAL_TIM_PeriodElapsedCallback	16	static
../Core/Src/main.c:192:5:main	8	static
../Core/Src/main.c:261:6:SystemClock_Config	88	static
../Core/Src/main.c:308:13:MX_ADC1_Init	24	static
../Core/Src/main.c:355:13:MX_CAN_Init	48	static
../Core/Src/main.c:405:13:MX_TIM1_Init	32	static
../Core/Src/main.c:451:13:MX_TIM3_Init	48	static
../Core/Src/main.c:513:13:MX_TIM4_Init	32	static
../Core/Src/main.c:558:13:MX_USART1_UART_Init	8	static
../Core/Src/main.c:591:13:MX_GPIO_Init	40	static
../Core/Src/main.c:669:6:Error_Handler	4	static,ignoring_inline_asm
