../Dashboard/Src/Dashboard_prog.c:52:6:Dashboard_Init	8	static
../Dashboard/Src/Dashboard_prog.c:137:6:LabTimer_CallBack_ISR	32	static
../Dashboard/Src/Dashboard_prog.c:166:6:LabTimerStoped	32	static
../Dashboard/Src/Dashboard_prog.c:186:6:LabTimer_Buttons_Callback	16	static
../Dashboard/Src/Dashboard_prog.c:239:6:Debouncing_CallBack	16	static
../Dashboard/Src/Dashboard_prog.c:305:6:CAN_Message	24	static
../Dashboard/Src/Dashboard_prog.c:455:6:Nextion_NextPage	8	static
../Dashboard/Src/Dashboard_prog.c:481:6:Nextion_PrevPage	8	static
