../Dashboard/Src/Dashboard_prog.c:53:6:Dashboard_Init	48	static
../Dashboard/Src/Dashboard_prog.c:148:6:LabTimer_CallBack_ISR	32	static
../Dashboard/Src/Dashboard_prog.c:178:6:LabTimerStoped	32	static
../Dashboard/Src/Dashboard_prog.c:198:6:LabTimer_Buttons_Callback	16	static
../Dashboard/Src/Dashboard_prog.c:268:6:Debouncing_CallBack	16	static
../Dashboard/Src/Dashboard_prog.c:348:6:CAN_Message	32	static
../Dashboard/Src/Dashboard_prog.c:601:6:Nextion_NextPage	8	static
../Dashboard/Src/Dashboard_prog.c:629:6:Nextion_PrevPage	8	static
../Dashboard/Src/Dashboard_prog.c:664:6:Dashboard_CheckCAN	16	static
